Archive member included because of file (symbol)

C:\Users\Leo\AppData\Local\Arduino15\packages\arduino\hardware\sam\1.6.12\variants\arduino_due_x/libsam_sam3x8e_gcc_rel.a(pio.o)
                              C:\Users\Leo\AppData\Local\Temp\arduino-sketch-F75BF73B5C9C34A7FD8890C5E8D7F131\core\variant.cpp.o (PIO_Configure)
C:\Users\Leo\AppData\Local\Arduino15\packages\arduino\hardware\sam\1.6.12\variants\arduino_due_x/libsam_sam3x8e_gcc_rel.a(pmc.o)
                              C:\Users\Leo\AppData\Local\Temp\arduino-sketch-F75BF73B5C9C34A7FD8890C5E8D7F131\sketch\offDue.ino.cpp.o (pmc_enable_periph_clk)
C:\Users\Leo\AppData\Local\Arduino15\packages\arduino\hardware\sam\1.6.12\variants\arduino_due_x/libsam_sam3x8e_gcc_rel.a(tc.o)
                              C:\Users\Leo\AppData\Local\Temp\arduino-sketch-F75BF73B5C9C34A7FD8890C5E8D7F131\sketch\offDue.ino.cpp.o (TC_Configure)
C:\Users\Leo\AppData\Local\Arduino15\packages\arduino\hardware\sam\1.6.12\variants\arduino_due_x/libsam_sam3x8e_gcc_rel.a(system_sam3xa.o)
                              C:\Users\Leo\AppData\Local\Temp\arduino-sketch-F75BF73B5C9C34A7FD8890C5E8D7F131\core\variant.cpp.o (SystemInit)
C:\Users\Leo\AppData\Local\Arduino15\packages\arduino\hardware\sam\1.6.12\variants\arduino_due_x/libsam_sam3x8e_gcc_rel.a(startup_sam3xa.o)
                              (Reset_Handler)
C:\Users\Leo\AppData\Local\Arduino15\packages\arduino\hardware\sam\1.6.12\variants\arduino_due_x/libsam_sam3x8e_gcc_rel.a(adc.o)
                              C:\Users\Leo\AppData\Local\Temp\arduino-sketch-F75BF73B5C9C34A7FD8890C5E8D7F131\core\variant.cpp.o (adc_init)
C:\Users\Leo\AppData\Local\Arduino15\packages\arduino\hardware\sam\1.6.12\variants\arduino_due_x/libsam_sam3x8e_gcc_rel.a(uotghs.o)
                              C:\Users\Leo\AppData\Local\Arduino15\packages\arduino\hardware\sam\1.6.12\variants\arduino_due_x/libsam_sam3x8e_gcc_rel.a(startup_sam3xa.o) (UOTGHS_Handler)
C:\Users\Leo\AppData\Local\Temp\arduino-sketch-F75BF73B5C9C34A7FD8890C5E8D7F131/core\core.a(WInterrupts.c.o)
                              C:\Users\Leo\AppData\Local\Arduino15\packages\arduino\hardware\sam\1.6.12\variants\arduino_due_x/libsam_sam3x8e_gcc_rel.a(startup_sam3xa.o) (PIOA_Handler)
C:\Users\Leo\AppData\Local\Temp\arduino-sketch-F75BF73B5C9C34A7FD8890C5E8D7F131/core\core.a(cortex_handlers.c.o)
                              C:\Users\Leo\AppData\Local\Arduino15\packages\arduino\hardware\sam\1.6.12\variants\arduino_due_x/libsam_sam3x8e_gcc_rel.a(startup_sam3xa.o) (NMI_Handler)
C:\Users\Leo\AppData\Local\Temp\arduino-sketch-F75BF73B5C9C34A7FD8890C5E8D7F131/core\core.a(hooks.c.o)
                              C:\Users\Leo\AppData\Local\Temp\arduino-sketch-F75BF73B5C9C34A7FD8890C5E8D7F131\libraries\FastLED\FastLED.cpp.o (yield)
C:\Users\Leo\AppData\Local\Temp\arduino-sketch-F75BF73B5C9C34A7FD8890C5E8D7F131/core\core.a(syscalls_sam3.c.o)
                              (_sbrk)
C:\Users\Leo\AppData\Local\Temp\arduino-sketch-F75BF73B5C9C34A7FD8890C5E8D7F131/core\core.a(wiring.c.o)
                              C:\Users\Leo\AppData\Local\Temp\arduino-sketch-F75BF73B5C9C34A7FD8890C5E8D7F131\libraries\FastLED\FastLED.cpp.o (millis)
C:\Users\Leo\AppData\Local\Temp\arduino-sketch-F75BF73B5C9C34A7FD8890C5E8D7F131/core\core.a(wiring_analog.c.o)
                              C:\Users\Leo\AppData\Local\Temp\arduino-sketch-F75BF73B5C9C34A7FD8890C5E8D7F131\core\variant.cpp.o (analogOutputInit)
C:\Users\Leo\AppData\Local\Temp\arduino-sketch-F75BF73B5C9C34A7FD8890C5E8D7F131/core\core.a(wiring_digital.c.o)
                              C:\Users\Leo\AppData\Local\Temp\arduino-sketch-F75BF73B5C9C34A7FD8890C5E8D7F131\sketch\offDue.ino.cpp.o (pinMode)
C:\Users\Leo\AppData\Local\Temp\arduino-sketch-F75BF73B5C9C34A7FD8890C5E8D7F131/core\core.a(Reset.cpp.o)
                              C:\Users\Leo\AppData\Local\Temp\arduino-sketch-F75BF73B5C9C34A7FD8890C5E8D7F131/core\core.a(cortex_handlers.c.o) (tickReset)
C:\Users\Leo\AppData\Local\Temp\arduino-sketch-F75BF73B5C9C34A7FD8890C5E8D7F131/core\core.a(RingBuffer.cpp.o)
                              C:\Users\Leo\AppData\Local\Temp\arduino-sketch-F75BF73B5C9C34A7FD8890C5E8D7F131\core\variant.cpp.o (RingBuffer::RingBuffer())
C:\Users\Leo\AppData\Local\Temp\arduino-sketch-F75BF73B5C9C34A7FD8890C5E8D7F131/core\core.a(UARTClass.cpp.o)
                              C:\Users\Leo\AppData\Local\Temp\arduino-sketch-F75BF73B5C9C34A7FD8890C5E8D7F131\core\variant.cpp.o (UARTClass::available())
C:\Users\Leo\AppData\Local\Temp\arduino-sketch-F75BF73B5C9C34A7FD8890C5E8D7F131/core\core.a(USARTClass.cpp.o)
                              C:\Users\Leo\AppData\Local\Temp\arduino-sketch-F75BF73B5C9C34A7FD8890C5E8D7F131\core\variant.cpp.o (USARTClass::USARTClass(Usart*, IRQn, unsigned long, RingBuffer*, RingBuffer*))
C:\Users\Leo\AppData\Local\Temp\arduino-sketch-F75BF73B5C9C34A7FD8890C5E8D7F131/core\core.a(abi.cpp.o)
[...]
Memory Configuration

Name             Origin             Length             Attributes
rom              0x00080000         0x00080000         xr
sram0            0x20000000         0x00010000         xrw
sram1            0x20080000         0x00008000         xrw
ram              0x20070000         0x00018000         xrw
*default*        0x00000000         0xffffffff

Linker script and memory map

LOAD c:/users/leo/appdata/local/arduino15/packages/arduino/tools/arm-none-eabi-gcc/4.8.3-2014q1/bin/../lib/gcc/arm-none-eabi/4.8.3/armv7-m/crti.o
LOAD c:/users/leo/appdata/local/arduino15/packages/arduino/tools/arm-none-eabi-gcc/4.8.3-2014q1/bin/../lib/gcc/arm-none-eabi/4.8.3/armv7-m/crtbegin.o
LOAD c:/users/leo/appdata/local/arduino15/packages/arduino/tools/arm-none-eabi-gcc/4.8.3-2014q1/bin/../lib/gcc/arm-none-eabi/4.8.3/../../../../arm-none-eabi/lib/armv7-m/crt0.o
START GROUP
LOAD C:\Users\Leo\AppData\Local\Temp\arduino-sketch-F75BF73B5C9C34A7FD8890C5E8D7F131\sketch\offDue.ino.cpp.o
LOAD C:\Users\Leo\AppData\Local\Temp\arduino-sketch-F75BF73B5C9C34A7FD8890C5E8D7F131\libraries\FastLED\FastLED.cpp.o
LOAD C:\Users\Leo\AppData\Local\Temp\arduino-sketch-F75BF73B5C9C34A7FD8890C5E8D7F131\libraries\FastLED\bitswap.cpp.o
LOAD C:\Users\Leo\AppData\Local\Temp\arduino-sketch-F75BF73B5C9C34A7FD8890C5E8D7F131\libraries\FastLED\colorpalettes.cpp.o
LOAD C:\Users\Leo\AppData\Local\Temp\arduino-sketch-F75BF73B5C9C34A7FD8890C5E8D7F131\libraries\FastLED\colorutils.cpp.o
LOAD C:\Users\Leo\AppData\Local\Temp\arduino-sketch-F75BF73B5C9C34A7FD8890C5E8D7F131\libraries\FastLED\hsv2rgb.cpp.o
LOAD C:\Users\Leo\AppData\Local\Temp\arduino-sketch-F75BF73B5C9C34A7FD8890C5E8D7F131\libraries\FastLED\lib8tion.cpp.o
LOAD C:\Users\Leo\AppData\Local\Temp\arduino-sketch-F75BF73B5C9C34A7FD8890C5E8D7F131\libraries\FastLED\noise.cpp.o
LOAD C:\Users\Leo\AppData\Local\Temp\arduino-sketch-F75BF73B5C9C34A7FD8890C5E8D7F131\libraries\FastLED\platforms.cpp.o
LOAD C:\Users\Leo\AppData\Local\Temp\arduino-sketch-F75BF73B5C9C34A7FD8890C5E8D7F131\libraries\FastLED\power_mgt.cpp.o
LOAD C:\Users\Leo\AppData\Local\Temp\arduino-sketch-F75BF73B5C9C34A7FD8890C5E8D7F131\libraries\FastLED\wiring.cpp.o
LOAD C:\Users\Leo\AppData\Local\Temp\arduino-sketch-F75BF73B5C9C34A7FD8890C5E8D7F131\core\variant.cpp.o
LOAD C:\Users\Leo\AppData\Local\Arduino15\packages\arduino\hardware\sam\1.6.12\variants\arduino_due_x/libsam_sam3x8e_gcc_rel.a
LOAD C:\Users\Leo\AppData\Local\Temp\arduino-sketch-F75BF73B5C9C34A7FD8890C5E8D7F131/core\core.a
END GROUP
LOAD c:/users/leo/appdata/local/arduino15/packages/arduino/tools/arm-none-eabi-gcc/4.8.3-2014q1/bin/../lib/gcc/arm-none-eabi/4.8.3/../../../../arm-none-eabi/lib/armv7-m\libm.a
LOAD c:/users/leo/appdata/local/arduino15/packages/arduino/tools/arm-none-eabi-gcc/4.8.3-2014q1/bin/../lib/gcc/arm-none-eabi/4.8.3/armv7-m\libgcc.a
START GROUP
LOAD c:/users/leo/appdata/local/arduino15/packages/arduino/tools/arm-none-eabi-gcc/4.8.3-2014q1/bin/../lib/gcc/arm-none-eabi/4.8.3/armv7-m\libgcc.a
LOAD c:/users/leo/appdata/local/arduino15/packages/arduino/tools/arm-none-eabi-gcc/4.8.3-2014q1/bin/../lib/gcc/arm-none-eabi/4.8.3/../../../../arm-none-eabi/lib/armv7-m\libc.a
END GROUP
LOAD c:/users/leo/appdata/local/arduino15/packages/arduino/tools/arm-none-eabi-gcc/4.8.3-2014q1/bin/../lib/gcc/arm-none-eabi/4.8.3/armv7-m/crtend.o
LOAD c:/users/leo/appdata/local/arduino15/packages/arduino/tools/arm-none-eabi-gcc/4.8.3-2014q1/bin/../lib/gcc/arm-none-eabi/4.8.3/armv7-m/crtn.o

.text           0x00080000     0x5ecc
                0x00080000                . = ALIGN (0x4)
                0x00080000                _sfixed = .
 *(.vectors .vectors.*)
 .vectors       0x00080000       0xf4 C:\Users\Leo\AppData\Local\Arduino15\packages\arduino\hardware\sam\1.6.12\variants\arduino_due_x/libsam_sam3x8e_gcc_rel.a(startup_sam3xa.o)
                0x00080000                exception_table
 *(.text .text.* .gnu.linkonce.t.*)
 .text          0x000800f4       0x54 c:/users/leo/appdata/local/arduino15/packages/arduino/tools/arm-none-eabi-gcc/4.8.3-2014q1/bin/../lib/gcc/arm-none-eabi/4.8.3/armv7-m/crtbegin.o
 .text._ZN14CLEDController4sizeEv
                0x00080148        0x4 C:\Users\Leo\AppData\Local\Temp\arduino-sketch-F75BF73B5C9C34A7FD8890C5E8D7F131\sketch\offDue.ino.cpp.o
                0x00080148                CLEDController::size()
 .text._ZN14CLEDController9clearLedsEi
                0x0008014c       0x2c C:\Users\Leo\AppData\Local\Temp\arduino-sketch-F75BF73B5C9C34A7FD8890C5E8D7F131\sketch\offDue.ino.cpp.o
                0x0008014c                CLEDController::clearLeds(int)
 .text._ZNK19ClocklessControllerILh21ELi21ELi53ELi32EL6EOrder66ELi0ELb0ELi50EE17getMaxRefreshRateEv
                0x00080178        0x6 C:\Users\Leo\AppData\Local\Temp\arduino-sketch-F75BF73B5C9C34A7FD8890C5E8D7F131\sketch\offDue.ino.cpp.o
                0x00080178                ClocklessController<(unsigned char)21, 21, 53, 32, (EOrder)66, 0, false, 50>::getMaxRefreshRate() const
 *fill*         0x0008017e        0x2 
 .text._ZN19ClocklessControllerILh21ELi21ELi53ELi32EL6EOrder66ELi0ELb0ELi50EE4initEv
                0x00080180       0x1c C:\Users\Leo\AppData\Local\Temp\arduino-sketch-F75BF73B5C9C34A7FD8890C5E8D7F131\sketch\offDue.ino.cpp.o
                0x00080180                ClocklessController<(unsigned char)21, 21, 53, 32, (EOrder)66, 0, false, 50>::init()
 .text.setup    0x0008019c       0xa4 C:\Users\Leo\AppData\Local\Temp\arduino-sketch-F75BF73B5C9C34A7FD8890C5E8D7F131\sketch\offDue.ino.cpp.o
                0x0008019c                setup
 .text.loop     0x00080240        0x2 C:\Users\Leo\AppData\Local\Temp\arduino-sketch-F75BF73B5C9C34A7FD8890C5E8D7F131\sketch\offDue.ino.cpp.o
                0x00080240                loop
 *fill*         0x00080242        0x2 
 .text._ZN19ClocklessControllerILh21ELi21ELi53ELi32EL6EOrder66ELi0ELb0ELi50EE15showRGBInternalE15PixelControllerILS0_66ELi1ELm4294967295EE
                0x00080244      0x1d8 C:\Users\Leo\AppData\Local\Temp\arduino-sketch-F75BF73B5C9C34A7FD8890C5E8D7F131\sketch\offDue.ino.cpp.o
                0x00080244                ClocklessController<(unsigned char)21, 21, 53, 32, (EOrder)66, 0, false, 50>::showRGBInternal(PixelController<(EOrder)66, 1, 4294967295ul>)
 .text._ZN15PixelControllerIL6EOrder66ELi1ELm4294967295EEC2ERKS1_
                0x0008041c       0x38 C:\Users\Leo\AppData\Local\Temp\arduino-sketch-F75BF73B5C9C34A7FD8890C5E8D7F131\sketch\offDue.ino.cpp.o
                0x0008041c                PixelController<(EOrder)66, 1, 4294967295ul>::PixelController(PixelController<(EOrder)66, 1, 4294967295ul> const&)
                0x0008041c                PixelController<(EOrder)66, 1, 4294967295ul>::PixelController(PixelController<(EOrder)66, 1, 4294967295ul> const&)
 .text._ZN19ClocklessControllerILh21ELi21ELi53ELi32EL6EOrder66ELi0ELb0ELi50EE10showPixelsER15PixelControllerILS0_66ELi1ELm4294967295EE
                0x00080454       0x50 C:\Users\Leo\AppData\Local\Temp\arduino-sketch-F75BF73B5C9C34A7FD8890C5E8D7F131\sketch\offDue.ino.cpp.o
                0x00080454                ClocklessController<(unsigned char)21, 21, 53, 32, (EOrder)66, 0, false, 50>::showPixels(PixelController<(EOrder)66, 1, 4294967295ul>&)
 .text._ZN15PixelControllerIL6EOrder66ELi1ELm4294967295EE11initOffsetsEi
                0x000804a4        0x6 C:\Users\Leo\AppData\Local\Temp\arduino-sketch-F75BF73B5C9C34A7FD8890C5E8D7F131\sketch\offDue.ino.cpp.o
                0x000804a4                PixelController<(EOrder)66, 1, 4294967295ul>::initOffsets(int)
 *fill*         0x000804aa        0x2 
 .text._ZN15PixelControllerIL6EOrder66ELi1ELm4294967295EE21init_binary_ditheringEv
                0x000804ac       0x68 C:\Users\Leo\AppData\Local\Temp\arduino-sketch-F75BF73B5C9C34A7FD8890C5E8D7F131\sketch\offDue.ino.cpp.o
                0x000804ac                PixelController<(EOrder)66, 1, 4294967295ul>::init_binary_dithering()
 .text._ZN19CPixelLEDControllerIL6EOrder66ELi1ELm4294967295EE9showColorERK4CRGBiS2_
                0x00080514       0x64 C:\Users\Leo\AppData\Local\Temp\arduino-sketch-F75BF73B5C9C34A7FD8890C5E8D7F131\sketch\offDue.ino.cpp.o
                0x00080514                CPixelLEDController<(EOrder)66, 1, 4294967295ul>::showColor(CRGB const&, int, CRGB)
 .text._ZN19CPixelLEDControllerIL6EOrder66ELi1ELm4294967295EE4showEPK4CRGBiS2_
                0x00080578       0x64 C:\Users\Leo\AppData\Local\Temp\arduino-sketch-F75BF73B5C9C34A7FD8890C5E8D7F131\sketch\offDue.ino.cpp.o
                0x00080578                CPixelLEDController<(EOrder)66, 1, 4294967295ul>::show(CRGB const*, int, CRGB)
 .text._ZN14CLEDController13getAdjustmentEh
                0x000805dc       0x30 C:\Users\Leo\AppData\Local\Temp\arduino-sketch-F75BF73B5C9C34A7FD8890C5E8D7F131\libraries\FastLED\FastLED.cpp.o
                0x000805dc                CLEDController::getAdjustment(unsigned char)
 .text._ZN8CFastLED9clearDataEv
                0x0008060c       0x24 C:\Users\Leo\AppData\Local\Temp\arduino-sketch-F75BF73B5C9C34A7FD8890C5E8D7F131\libraries\FastLED\FastLED.cpp.o
                0x0008060c                CFastLED::clearData()
 .text._ZN8CFastLED8countFPSEi
                0x00080630       0x40 C:\Users\Leo\AppData\Local\Temp\arduino-sketch-F75BF73B5C9C34A7FD8890C5E8D7F131\libraries\FastLED\FastLED.cpp.o
                0x00080630                CFastLED::countFPS(int)
 .text._ZN8CFastLED4showEh
                0x00080670       0x80 C:\Users\Leo\AppData\Local\Temp\arduino-sketch-F75BF73B5C9C34A7FD8890C5E8D7F131\libraries\FastLED\FastLED.cpp.o
                0x00080670                CFastLED::show(unsigned char)
 .text._ZN8CFastLED9showColorERK4CRGBh
                0x000806f0       0x80 C:\Users\Leo\AppData\Local\Temp\arduino-sketch-F75BF73B5C9C34A7FD8890C5E8D7F131\libraries\FastLED\FastLED.cpp.o
                0x000806f0                CFastLED::showColor(CRGB const&, unsigned char)
 .text._ZN8CFastLED5clearEb
                0x00080770       0x24 C:\Users\Leo\AppData\Local\Temp\arduino-sketch-F75BF73B5C9C34A7FD8890C5E8D7F131\libraries\FastLED\FastLED.cpp.o
                0x00080770                CFastLED::clear(bool)
 .text._ZN8CFastLED17setMaxRefreshRateEtb
                0x00080794       0x28 C:\Users\Leo\AppData\Local\Temp\arduino-sketch-F75BF73B5C9C34A7FD8890C5E8D7F131\libraries\FastLED\FastLED.cpp.o
                0x00080794                CFastLED::setMaxRefreshRate(unsigned short, bool)
 .text._ZN8CFastLED7addLedsEP14CLEDControllerP4CRGBii
                0x000807bc       0x3c C:\Users\Leo\AppData\Local\Temp\arduino-sketch-F75BF73B5C9C34A7FD8890C5E8D7F131\libraries\FastLED\FastLED.cpp.o
                0x000807bc                CFastLED::addLeds(CLEDController*, CRGB*, int, int)
 .text.atexit   0x000807f8        0x4 C:\Users\Leo\AppData\Local\Temp\arduino-sketch-F75BF73B5C9C34A7FD8890C5E8D7F131\libraries\FastLED\FastLED.cpp.o
                0x000807f8                atexit
 .text.startup._GLOBAL__sub_I_fuckit
                0x000807fc       0x18 C:\Users\Leo\AppData\Local\Temp\arduino-sketch-F75BF73B5C9C34A7FD8890C5E8D7F131\libraries\FastLED\FastLED.cpp.o
 .text._Z11serialEventv
                0x00080814        0x2 C:\Users\Leo\AppData\Local\Temp\arduino-sketch-F75BF73B5C9C34A7FD8890C5E8D7F131\core\variant.cpp.o
                0x00080814                serialEvent()
 *fill*         0x00080816        0x2 
 .text.UART_Handler
                0x00080818        0xc C:\Users\Leo\AppData\Local\Temp\arduino-sketch-F75BF73B5C9C34A7FD8890C5E8D7F131\core\variant.cpp.o
                0x00080818                UART_Handler
 .text._Z12serialEvent1v
                0x00080824        0x2 C:\Users\Leo\AppData\Local\Temp\arduino-sketch-F75BF73B5C9C34A7FD8890C5E8D7F131\core\variant.cpp.o
                0x00080824                serialEvent1()
 .text._Z12serialEvent2v
                0x00080826        0x2 C:\Users\Leo\AppData\Local\Temp\arduino-sketch-F75BF73B5C9C34A7FD8890C5E8D7F131\core\variant.cpp.o
                0x00080826                serialEvent2()
 .text._Z12serialEvent3v
                0x00080828        0x2 C:\Users\Leo\AppData\Local\Temp\arduino-sketch-F75BF73B5C9C34A7FD8890C5E8D7F131\core\variant.cpp.o
                0x00080828                serialEvent3()
 *fill*         0x0008082a        0x2 
 .text.USART0_Handler
                0x0008082c        0xc C:\Users\Leo\AppData\Local\Temp\arduino-sketch-F75BF73B5C9C34A7FD8890C5E8D7F131\core\variant.cpp.o
                0x0008082c                USART0_Handler
 .text.USART1_Handler
                0x00080838        0xc C:\Users\Leo\AppData\Local\Temp\arduino-sketch-F75BF73B5C9C34A7FD8890C5E8D7F131\core\variant.cpp.o
                0x00080838                USART1_Handler
 .text.USART3_Handler
                0x00080844        0xc C:\Users\Leo\AppData\Local\Temp\arduino-sketch-F75BF73B5C9C34A7FD8890C5E8D7F131\core\variant.cpp.o
                0x00080844                USART3_Handler
 .text.init     0x00080850      0x128 C:\Users\Leo\AppData\Local\Temp\arduino-sketch-F75BF73B5C9C34A7FD8890C5E8D7F131\core\variant.cpp.o
                0x00080850                init
 .text.startup._GLOBAL__sub_I_g_APinDescription
                0x00080978       0xd4 C:\Users\Leo\AppData\Local\Temp\arduino-sketch-F75BF73B5C9C34A7FD8890C5E8D7F131\core\variant.cpp.o
 .text._Z14serialEventRunv
                0x00080a4c       0x44 C:\Users\Leo\AppData\Local\Temp\arduino-sketch-F75BF73B5C9C34A7FD8890C5E8D7F131\core\variant.cpp.o
                0x00080a4c                serialEventRun()
 .text.PIO_PullUp
                0x00080a90        0xa C:\Users\Leo\AppData\Local\Arduino15\packages\arduino\hardware\sam\1.6.12\variants\arduino_due_x/libsam_sam3x8e_gcc_rel.a(pio.o)
                0x00080a90                PIO_PullUp
 .text.PIO_SetPeripheral
                0x00080a9a       0x26 C:\Users\Leo\AppData\Local\Arduino15\packages\arduino\hardware\sam\1.6.12\variants\arduino_due_x/libsam_sam3x8e_gcc_rel.a(pio.o)
                0x00080a9a                PIO_SetPeripheral
 .text.PIO_SetInput
                0x00080ac0       0x26 C:\Users\Leo\AppData\Local\Arduino15\packages\arduino\hardware\sam\1.6.12\variants\arduino_due_x/libsam_sam3x8e_gcc_rel.a(pio.o)
                0x00080ac0                PIO_SetInput
 .text.PIO_SetOutput
                0x00080ae6       0x24 C:\Users\Leo\AppData\Local\Arduino15\packages\arduino\hardware\sam\1.6.12\variants\arduino_due_x/libsam_sam3x8e_gcc_rel.a(pio.o)
                0x00080ae6                PIO_SetOutput
 *fill*         0x00080b0a        0x2 
 .text.PIO_Configure
                0x00080b0c       0x64 C:\Users\Leo\AppData\Local\Arduino15\packages\arduino\hardware\sam\1.6.12\variants\arduino_due_x/libsam_sam3x8e_gcc_rel.a(pio.o)
                0x00080b0c                PIO_Configure
 .text.PIO_GetOutputDataStatus
                0x00080b70       0x14 C:\Users\Leo\AppData\Local\Arduino15\packages\arduino\hardware\sam\1.6.12\variants\arduino_due_x/libsam_sam3x8e_gcc_rel.a(pio.o)
                0x00080b70                PIO_GetOutputDataStatus
 .text.pmc_enable_upll_clock
                0x00080b84       0x14 C:\Users\Leo\AppData\Local\Arduino15\packages\arduino\hardware\sam\1.6.12\variants\arduino_due_x/libsam_sam3x8e_gcc_rel.a(pmc.o)
                0x00080b84                pmc_enable_upll_clock
 .text.pmc_enable_periph_clk
                0x00080b98       0x44 C:\Users\Leo\AppData\Local\Arduino15\packages\arduino\hardware\sam\1.6.12\variants\arduino_due_x/libsam_sam3x8e_gcc_rel.a(pmc.o)
                0x00080b98                pmc_enable_periph_clk
 .text.pmc_disable_periph_clk
                0x00080bdc       0x40 C:\Users\Leo\AppData\Local\Arduino15\packages\arduino\hardware\sam\1.6.12\variants\arduino_due_x/libsam_sam3x8e_gcc_rel.a(pmc.o)
                0x00080bdc                pmc_disable_periph_clk
 .text.pmc_switch_udpck_to_upllck
                0x00080c1c       0x14 C:\Users\Leo\AppData\Local\Arduino15\packages\arduino\hardware\sam\1.6.12\variants\arduino_due_x/libsam_sam3x8e_gcc_rel.a(pmc.o)
                0x00080c1c                pmc_switch_udpck_to_upllck
 .text.pmc_enable_udpck
                0x00080c30        0xc C:\Users\Leo\AppData\Local\Arduino15\packages\arduino\hardware\sam\1.6.12\variants\arduino_due_x/libsam_sam3x8e_gcc_rel.a(pmc.o)
                0x00080c30                pmc_enable_udpck
 .text.TC_Configure
                0x00080c3c       0x38 C:\Users\Leo\AppData\Local\Arduino15\packages\arduino\hardware\sam\1.6.12\variants\arduino_due_x/libsam_sam3x8e_gcc_rel.a(tc.o)
                0x00080c3c                TC_Configure
 .text.TC_Start
                0x00080c74       0x2c C:\Users\Leo\AppData\Local\Arduino15\packages\arduino\hardware\sam\1.6.12\variants\arduino_due_x/libsam_sam3x8e_gcc_rel.a(tc.o)
                0x00080c74                TC_Start
 .text.TC_Stop  0x00080ca0       0x2c C:\Users\Leo\AppData\Local\Arduino15\packages\arduino\hardware\sam\1.6.12\variants\arduino_due_x/libsam_sam3x8e_gcc_rel.a(tc.o)
                0x00080ca0                TC_Stop
 .text.SystemInit
                0x00080ccc       0x88 C:\Users\Leo\AppData\Local\Arduino15\packages\arduino\hardware\sam\1.6.12\variants\arduino_due_x/libsam_sam3x8e_gcc_rel.a(system_sam3xa.o)
                0x00080ccc                SystemInit
 .text.Reset_Handler
                0x00080d54       0x78 C:\Users\Leo\AppData\Local\Arduino15\packages\arduino\hardware\sam\1.6.12\variants\arduino_due_x/libsam_sam3x8e_gcc_rel.a(startup_sam3xa.o)
                0x00080d54                Reset_Handler
 .text.adc_init
                0x00080dcc       0x98 C:\Users\Leo\AppData\Local\Arduino15\packages\arduino\hardware\sam\1.6.12\variants\arduino_due_x/libsam_sam3x8e_gcc_rel.a(adc.o)
                0x00080dcc                adc_init
 .text.adc_configure_trigger
                0x00080e64        0xe C:\Users\Leo\AppData\Local\Arduino15\packages\arduino\hardware\sam\1.6.12\variants\arduino_due_x/libsam_sam3x8e_gcc_rel.a(adc.o)
                0x00080e64                adc_configure_trigger
 .text.adc_configure_timing
                0x00080e72       0x1a C:\Users\Leo\AppData\Local\Arduino15\packages\arduino\hardware\sam\1.6.12\variants\arduino_due_x/libsam_sam3x8e_gcc_rel.a(adc.o)
                0x00080e72                adc_configure_timing
 .text.adc_disable_channel
                0x00080e8c        0xa C:\Users\Leo\AppData\Local\Arduino15\packages\arduino\hardware\sam\1.6.12\variants\arduino_due_x/libsam_sam3x8e_gcc_rel.a(adc.o)
                0x00080e8c                adc_disable_channel
 .text.adc_disable_all_channel
                0x00080e96        0x8 C:\Users\Leo\AppData\Local\Arduino15\packages\arduino\hardware\sam\1.6.12\variants\arduino_due_x/libsam_sam3x8e_gcc_rel.a(adc.o)
                0x00080e96                adc_disable_all_channel
 .text.adc_disable_interrupt
                0x00080e9e        0x4 C:\Users\Leo\AppData\Local\Arduino15\packages\arduino\hardware\sam\1.6.12\variants\arduino_due_x/libsam_sam3x8e_gcc_rel.a(adc.o)
                0x00080e9e                adc_disable_interrupt
 *fill*         0x00080ea2        0x2 
 .text.UOTGHS_Handler
                0x00080ea4       0x10 C:\Users\Leo\AppData\Local\Arduino15\packages\arduino\hardware\sam\1.6.12\variants\arduino_due_x/libsam_sam3x8e_gcc_rel.a(uotghs.o)
                0x00080ea4                UOTGHS_Handler
 .text.PIOA_Handler
                0x00080eb4       0x38 C:\Users\Leo\AppData\Local\Temp\arduino-sketch-F75BF73B5C9C34A7FD8890C5E8D7F131/core\core.a(WInterrupts.c.o)
                0x00080eb4                PIOA_Handler
 .text.PIOB_Handler
                0x00080eec       0x38 C:\Users\Leo\AppData\Local\Temp\arduino-sketch-F75BF73B5C9C34A7FD8890C5E8D7F131/core\core.a(WInterrupts.c.o)
                0x00080eec                PIOB_Handler
 .text.PIOC_Handler
                0x00080f24       0x38 C:\Users\Leo\AppData\Local\Temp\arduino-sketch-F75BF73B5C9C34A7FD8890C5E8D7F131/core\core.a(WInterrupts.c.o)
                0x00080f24                PIOC_Handler
 .text.PIOD_Handler
                0x00080f5c       0x38 C:\Users\Leo\AppData\Local\Temp\arduino-sketch-F75BF73B5C9C34A7FD8890C5E8D7F131/core\core.a(WInterrupts.c.o)
                0x00080f5c                PIOD_Handler
 .text.__halt   0x00080f94        0x2 C:\Users\Leo\AppData\Local\Temp\arduino-sketch-F75BF73B5C9C34A7FD8890C5E8D7F131/core\core.a(cortex_handlers.c.o)
                0x00080f94                DACC_Handler
                0x00080f94                DebugMon_Handler
                0x00080f94                DMAC_Handler
                0x00080f94                TRNG_Handler
                0x00080f94                HardFault_Handler
                0x00080f94                TC2_Handler
                0x00080f94                TWI1_Handler
                0x00080f94                NMI_Handler
                0x00080f94                TC7_Handler
                0x00080f94                ADC_Handler
                0x00080f94                SMC_Handler
                0x00080f94                RTT_Handler
                0x00080f94                EFC1_Handler
                0x00080f94                RTC_Handler
                0x00080f94                UsageFault_Handler
                0x00080f94                TC6_Handler
                0x00080f94                WDT_Handler
                0x00080f94                CAN0_Handler
                0x00080f94                TC4_Handler
                0x00080f94                TC1_Handler
                0x00080f94                HSMCI_Handler
                0x00080f94                TC3_Handler
                0x00080f94                TWI0_Handler
                0x00080f94                SSC_Handler
                0x00080f94                EFC0_Handler
                0x00080f94                PMC_Handler
                0x00080f94                PWM_Handler
                0x00080f94                CAN1_Handler
                0x00080f94                MemManage_Handler
                0x00080f94                SUPC_Handler
                0x00080f94                TC8_Handler
                0x00080f94                USART2_Handler
                0x00080f94                EMAC_Handler
                0x00080f94                BusFault_Handler
                0x00080f94                RSTC_Handler
                0x00080f94                TC0_Handler
                0x00080f94                TC5_Handler
                0x00080f94                SPI0_Handler
 .text.SVC_Handler
                0x00080f96        0x4 C:\Users\Leo\AppData\Local\Temp\arduino-sketch-F75BF73B5C9C34A7FD8890C5E8D7F131/core\core.a(cortex_handlers.c.o)
                0x00080f96                SVC_Handler
 .text.PendSV_Handler
                0x00080f9a        0x4 C:\Users\Leo\AppData\Local\Temp\arduino-sketch-F75BF73B5C9C34A7FD8890C5E8D7F131/core\core.a(cortex_handlers.c.o)
                0x00080f9a                PendSV_Handler
 .text.SysTick_Handler
                0x00080f9e       0x16 C:\Users\Leo\AppData\Local\Temp\arduino-sketch-F75BF73B5C9C34A7FD8890C5E8D7F131/core\core.a(cortex_handlers.c.o)
                0x00080f9e                SysTick_Handler
 .text.__empty  0x00080fb4        0x2 C:\Users\Leo\AppData\Local\Temp\arduino-sketch-F75BF73B5C9C34A7FD8890C5E8D7F131/core\core.a(hooks.c.o)
                0x00080fb4                yield
 .text.__false  0x00080fb6        0x4 C:\Users\Leo\AppData\Local\Temp\arduino-sketch-F75BF73B5C9C34A7FD8890C5E8D7F131/core\core.a(hooks.c.o)
                0x00080fb6                sysTickHook
 .text.__halt   0x00080fba        0x2 C:\Users\Leo\AppData\Local\Temp\arduino-sketch-F75BF73B5C9C34A7FD8890C5E8D7F131/core\core.a(hooks.c.o)
                0x00080fba                svcHook
                0x00080fba                pendSVHook
 .text._sbrk    0x00080fbc       0x1c C:\Users\Leo\AppData\Local\Temp\arduino-sketch-F75BF73B5C9C34A7FD8890C5E8D7F131/core\core.a(syscalls_sam3.c.o)
                0x00080fbc                _sbrk
 .text.link     0x00080fd8        0x6 C:\Users\Leo\AppData\Local\Temp\arduino-sketch-F75BF73B5C9C34A7FD8890C5E8D7F131/core\core.a(syscalls_sam3.c.o)
                0x00080fd8                link
 .text._close   0x00080fde        0x6 C:\Users\Leo\AppData\Local\Temp\arduino-sketch-F75BF73B5C9C34A7FD8890C5E8D7F131/core\core.a(syscalls_sam3.c.o)
                0x00080fde                _close
 .text._fstat   0x00080fe4        0xa C:\Users\Leo\AppData\Local\Temp\arduino-sketch-F75BF73B5C9C34A7FD8890C5E8D7F131/core\core.a(syscalls_sam3.c.o)
                0x00080fe4                _fstat
 .text._isatty  0x00080fee        0x4 C:\Users\Leo\AppData\Local\Temp\arduino-sketch-F75BF73B5C9C34A7FD8890C5E8D7F131/core\core.a(syscalls_sam3.c.o)
                0x00080fee                _isatty
 .text._lseek   0x00080ff2        0x4 C:\Users\Leo\AppData\Local\Temp\arduino-sketch-F75BF73B5C9C34A7FD8890C5E8D7F131/core\core.a(syscalls_sam3.c.o)
                0x00080ff2                _lseek
 .text._read    0x00080ff6        0x4 C:\Users\Leo\AppData\Local\Temp\arduino-sketch-F75BF73B5C9C34A7FD8890C5E8D7F131/core\core.a(syscalls_sam3.c.o)
                0x00080ff6                _read
 *fill*         0x00080ffa        0x2 
 .text._write   0x00080ffc       0x24 C:\Users\Leo\AppData\Local\Temp\arduino-sketch-F75BF73B5C9C34A7FD8890C5E8D7F131/core\core.a(syscalls_sam3.c.o)
                0x00080ffc                _write
 .text._exit    0x00081020        0x2 C:\Users\Leo\AppData\Local\Temp\arduino-sketch-F75BF73B5C9C34A7FD8890C5E8D7F131/core\core.a(syscalls_sam3.c.o)
                0x00081020                _exit
 .text._kill    0x00081022        0x2 C:\Users\Leo\AppData\Local\Temp\arduino-sketch-F75BF73B5C9C34A7FD8890C5E8D7F131/core\core.a(syscalls_sam3.c.o)
                0x00081022                _kill
 .text._getpid  0x00081024        0x6 C:\Users\Leo\AppData\Local\Temp\arduino-sketch-F75BF73B5C9C34A7FD8890C5E8D7F131/core\core.a(syscalls_sam3.c.o)
                0x00081024                _getpid
 .text.millis   0x0008102a        0x4 C:\Users\Leo\AppData\Local\Temp\arduino-sketch-F75BF73B5C9C34A7FD8890C5E8D7F131/core\core.a(wiring.c.o)
                0x0008102a                millis
 *fill*         0x0008102e        0x2 
 .text.micros   0x00081030       0x74 C:\Users\Leo\AppData\Local\Temp\arduino-sketch-F75BF73B5C9C34A7FD8890C5E8D7F131/core\core.a(wiring.c.o)
                0x00081030                micros
 .text.delay    0x000810a4       0x1c C:\Users\Leo\AppData\Local\Temp\arduino-sketch-F75BF73B5C9C34A7FD8890C5E8D7F131/core\core.a(wiring.c.o)
                0x000810a4                delay
 .text.analogOutputInit
                0x000810c0        0x2 C:\Users\Leo\AppData\Local\Temp\arduino-sketch-F75BF73B5C9C34A7FD8890C5E8D7F131/core\core.a(wiring_analog.c.o)
                0x000810c0                analogOutputInit
 *fill*         0x000810c2        0x2 
 .text.pinMode  0x000810c4      0x108 C:\Users\Leo\AppData\Local\Temp\arduino-sketch-F75BF73B5C9C34A7FD8890C5E8D7F131/core\core.a(wiring_digital.c.o)
                0x000810c4                pinMode
 .text.digitalWrite
                0x000811cc       0x70 C:\Users\Leo\AppData\Local\Temp\arduino-sketch-F75BF73B5C9C34A7FD8890C5E8D7F131/core\core.a(wiring_digital.c.o)
                0x000811cc                digitalWrite
 .text.initiateReset
                0x0008123c        0xc C:\Users\Leo\AppData\Local\Temp\arduino-sketch-F75BF73B5C9C34A7FD8890C5E8D7F131/core\core.a(Reset.cpp.o)
                0x0008123c                initiateReset
 .text.cancelReset
                0x00081248       0x10 C:\Users\Leo\AppData\Local\Temp\arduino-sketch-F75BF73B5C9C34A7FD8890C5E8D7F131/core\core.a(Reset.cpp.o)
                0x00081248                cancelReset
 .text.tickReset
                0x00081258       0x20 C:\Users\Leo\AppData\Local\Temp\arduino-sketch-F75BF73B5C9C34A7FD8890C5E8D7F131/core\core.a(Reset.cpp.o)
                0x00081258                tickReset
 .text._ZN10RingBufferC2Ev
                0x00081278       0x1a C:\Users\Leo\AppData\Local\Temp\arduino-sketch-F75BF73B5C9C34A7FD8890C5E8D7F131/core\core.a(RingBuffer.cpp.o)
                0x00081278                RingBuffer::RingBuffer()
                0x00081278                RingBuffer::RingBuffer()
 .text._ZN10RingBuffer10store_charEh
                0x00081292       0x1e C:\Users\Leo\AppData\Local\Temp\arduino-sketch-F75BF73B5C9C34A7FD8890C5E8D7F131/core\core.a(RingBuffer.cpp.o)
                0x00081292                RingBuffer::store_char(unsigned char)
 .text._ZN9UARTClasscvbEv
                0x000812b0        0x4 C:\Users\Leo\AppData\Local\Temp\arduino-sketch-F75BF73B5C9C34A7FD8890C5E8D7F131/core\core.a(UARTClass.cpp.o)
                0x000812b0                UARTClass::operator bool()
 .text._ZN9UARTClass9availableEv
                0x000812b4       0x12 C:\Users\Leo\AppData\Local\Temp\arduino-sketch-F75BF73B5C9C34A7FD8890C5E8D7F131/core\core.a(UARTClass.cpp.o)
                0x000812b4                UARTClass::available()
 .text._ZN9UARTClass4peekEv
                0x000812c6       0x1c C:\Users\Leo\AppData\Local\Temp\arduino-sketch-F75BF73B5C9C34A7FD8890C5E8D7F131/core\core.a(UARTClass.cpp.o)
                0x000812c6                UARTClass::peek()
 .text._ZN9UARTClass4readEv
                0x000812e2       0x2a C:\Users\Leo\AppData\Local\Temp\arduino-sketch-F75BF73B5C9C34A7FD8890C5E8D7F131/core\core.a(UARTClass.cpp.o)
                0x000812e2                UARTClass::read()
 .text._ZN9UARTClass5flushEv
                0x0008130c       0x18 C:\Users\Leo\AppData\Local\Temp\arduino-sketch-F75BF73B5C9C34A7FD8890C5E8D7F131/core\core.a(UARTClass.cpp.o)
                0x0008130c                UARTClass::flush()
 .text._ZN9UARTClass5writeEh
                0x00081324       0x54 C:\Users\Leo\AppData\Local\Temp\arduino-sketch-F75BF73B5C9C34A7FD8890C5E8D7F131/core\core.a(UARTClass.cpp.o)
                0x00081324                UARTClass::write(unsigned char)
 .text._ZN9UARTClass3endEv
                0x00081378       0x3c C:\Users\Leo\AppData\Local\Temp\arduino-sketch-F75BF73B5C9C34A7FD8890C5E8D7F131/core\core.a(UARTClass.cpp.o)
                0x00081378                UARTClass::end()
 .text._ZN9UARTClassC2EP4Uart4IRQnmP10RingBufferS4_
                0x000813b4       0x24 C:\Users\Leo\AppData\Local\Temp\arduino-sketch-F75BF73B5C9C34A7FD8890C5E8D7F131/core\core.a(UARTClass.cpp.o)
                0x000813b4                UARTClass::UARTClass(Uart*, IRQn, unsigned long, RingBuffer*, RingBuffer*)
                0x000813b4                UARTClass::UARTClass(Uart*, IRQn, unsigned long, RingBuffer*, RingBuffer*)
 .text._ZN9UARTClass4initEmm
                0x000813d8       0x70 C:\Users\Leo\AppData\Local\Temp\arduino-sketch-F75BF73B5C9C34A7FD8890C5E8D7F131/core\core.a(UARTClass.cpp.o)
                0x000813d8                UARTClass::init(unsigned long, unsigned long)
 .text._ZN9UARTClass5beginEm
                0x00081448        0x8 C:\Users\Leo\AppData\Local\Temp\arduino-sketch-F75BF73B5C9C34A7FD8890C5E8D7F131/core\core.a(UARTClass.cpp.o)
                0x00081448                UARTClass::begin(unsigned long)
 .text._ZN9UARTClass10IrqHandlerEv
                0x00081450       0x5a C:\Users\Leo\AppData\Local\Temp\arduino-sketch-F75BF73B5C9C34A7FD8890C5E8D7F131/core\core.a(UARTClass.cpp.o)
                0x00081450                UARTClass::IrqHandler()
 .text._ZN10USARTClass5beginEm
                0x000814aa        0x8 C:\Users\Leo\AppData\Local\Temp\arduino-sketch-F75BF73B5C9C34A7FD8890C5E8D7F131/core\core.a(USARTClass.cpp.o)
                0x000814aa                USARTClass::begin(unsigned long)
 *fill*         0x000814b2        0x2 
 .text._ZN10USARTClassC2EP5Usart4IRQnmP10RingBufferS4_
                0x000814b4       0x24 C:\Users\Leo\AppData\Local\Temp\arduino-sketch-F75BF73B5C9C34A7FD8890C5E8D7F131/core\core.a(USARTClass.cpp.o)
                0x000814b4                USARTClass::USARTClass(Usart*, IRQn, unsigned long, RingBuffer*, RingBuffer*)
                0x000814b4                USARTClass::USARTClass(Usart*, IRQn, unsigned long, RingBuffer*, RingBuffer*)
 .text.initVariant
                0x000814d8        0x2 C:\Users\Leo\AppData\Local\Temp\arduino-sketch-F75BF73B5C9C34A7FD8890C5E8D7F131/core\core.a(main.cpp.o)
                0x000814d8                initVariant
 *fill*         0x000814da        0x2 
 .text.startup.main
                0x000814dc       0x38 C:\Users\Leo\AppData\Local\Temp\arduino-sketch-F75BF73B5C9C34A7FD8890C5E8D7F131/core\core.a(main.cpp.o)
                0x000814dc                main
 .text._watchdogDefaultSetup
                0x00081514        0xc C:\Users\Leo\AppData\Local\Temp\arduino-sketch-F75BF73B5C9C34A7FD8890C5E8D7F131/core\core.a(watchdog.cpp.o)
                0x00081514                _watchdogDefaultSetup
                0x00081514                watchdogSetup()
 .text._ZN5Print5writeEPKhj
                0x00081520       0x22 C:\Users\Leo\AppData\Local\Temp\arduino-sketch-F75BF73B5C9C34A7FD8890C5E8D7F131/core\core.a(Print.cpp.o)
                0x00081520                Print::write(unsigned char const*, unsigned int)
 *fill*         0x00081542        0x2 
 .text.unlikely._ZL11USB_SendZlpv
                0x00081544       0x20 C:\Users\Leo\AppData\Local\Temp\arduino-sketch-F75BF73B5C9C34A7FD8890C5E8D7F131/core\core.a(USBCore.cpp.o)
 .text._Z14USBD_Availablem
                0x00081564       0x2c C:\Users\Leo\AppData\Local\Temp\arduino-sketch-F75BF73B5C9C34A7FD8890C5E8D7F131/core\core.a(USBCore.cpp.o)
                0x00081564                USBD_Available(unsigned long)
 .text._Z9USBD_RecvmPvm
                0x00081590       0x7c C:\Users\Leo\AppData\Local\Temp\arduino-sketch-F75BF73B5C9C34A7FD8890C5E8D7F131/core\core.a(USBCore.cpp.o)
                0x00081590                USBD_Recv(unsigned long, void*, unsigned long)
 .text._Z9USBD_Recvm
                0x0008160c       0x22 C:\Users\Leo\AppData\Local\Temp\arduino-sketch-F75BF73B5C9C34A7FD8890C5E8D7F131/core\core.a(USBCore.cpp.o)
                0x0008160c                USBD_Recv(unsigned long)
 *fill*         0x0008162e        0x2 
 .text._Z9USBD_SendmPKvm
                0x00081630       0x4c C:\Users\Leo\AppData\Local\Temp\arduino-sketch-F75BF73B5C9C34A7FD8890C5E8D7F131/core\core.a(USBCore.cpp.o)
                0x00081630                USBD_Send(unsigned long, void const*, unsigned long)
 .text._Z16USBD_SendControlhPKvm
                0x0008167c       0x40 C:\Users\Leo\AppData\Local\Temp\arduino-sketch-F75BF73B5C9C34A7FD8890C5E8D7F131/core\core.a(USBCore.cpp.o)
                0x0008167c                USBD_SendControl(unsigned char, void const*, unsigned long)
 .text.unlikely._ZL24USB_SendStringDescriptorPKhi
                0x000816bc       0x64 C:\Users\Leo\AppData\Local\Temp\arduino-sketch-F75BF73B5C9C34A7FD8890C5E8D7F131/core\core.a(USBCore.cpp.o)
 .text._Z16USBD_RecvControlPvm
                0x00081720       0x1c C:\Users\Leo\AppData\Local\Temp\arduino-sketch-F75BF73B5C9C34A7FD8890C5E8D7F131/core\core.a(USBCore.cpp.o)
                0x00081720                USBD_RecvControl(void*, unsigned long)
 .text._Z26USBD_ClassInterfaceRequestR8USBSetup
                0x0008173c       0x1e C:\Users\Leo\AppData\Local\Temp\arduino-sketch-F75BF73B5C9C34A7FD8890C5E8D7F131/core\core.a(USBCore.cpp.o)
                0x0008173c                USBD_ClassInterfaceRequest(USBSetup&)
 .text._Z19USBD_SendInterfacesv
                0x0008175a       0x22 C:\Users\Leo\AppData\Local\Temp\arduino-sketch-F75BF73B5C9C34A7FD8890C5E8D7F131/core\core.a(USBCore.cpp.o)
                0x0008175a                USBD_SendInterfaces()
 .text._Z24USBD_SendOtherInterfacesv
                0x0008177c       0x22 C:\Users\Leo\AppData\Local\Temp\arduino-sketch-F75BF73B5C9C34A7FD8890C5E8D7F131/core\core.a(USBCore.cpp.o)
                0x0008177c                USBD_SendOtherInterfaces()
 .text._Z10USBD_Flushm
                0x0008179e       0x16 C:\Users\Leo\AppData\Local\Temp\arduino-sketch-F75BF73B5C9C34A7FD8890C5E8D7F131/core\core.a(USBCore.cpp.o)
                0x0008179e                USBD_Flush(unsigned long)
 .text._ZN10USBDevice_C2Ev
                0x000817b4       0x24 C:\Users\Leo\AppData\Local\Temp\arduino-sketch-F75BF73B5C9C34A7FD8890C5E8D7F131/core\core.a(USBCore.cpp.o)
                0x000817b4                USBDevice_::USBDevice_()
                0x000817b4                USBDevice_::USBDevice_()
 .text._ZN10USBDevice_6attachEv
                0x000817d8       0x20 C:\Users\Leo\AppData\Local\Temp\arduino-sketch-F75BF73B5C9C34A7FD8890C5E8D7F131/core\core.a(USBCore.cpp.o)
                0x000817d8                USBDevice_::attach()
 .text.startup._GLOBAL__sub_I_EndPoints
                0x000817f8        0xc C:\Users\Leo\AppData\Local\Temp\arduino-sketch-F75BF73B5C9C34A7FD8890C5E8D7F131/core\core.a(USBCore.cpp.o)
 .text._ZL7USB_ISRv
                0x00081804      0x454 C:\Users\Leo\AppData\Local\Temp\arduino-sketch-F75BF73B5C9C34A7FD8890C5E8D7F131/core\core.a(USBCore.cpp.o)
 .text._ZN7Serial_9availableEv
                0x00081c58       0x18 C:\Users\Leo\AppData\Local\Temp\arduino-sketch-F75BF73B5C9C34A7FD8890C5E8D7F131/core\core.a(CDC.cpp.o)
                0x00081c58                Serial_::available()
 .text._ZN7Serial_17availableForWriteEv
                0x00081c70        0x6 C:\Users\Leo\AppData\Local\Temp\arduino-sketch-F75BF73B5C9C34A7FD8890C5E8D7F131/core\core.a(CDC.cpp.o)
                0x00081c70                Serial_::availableForWrite()
 *fill*         0x00081c76        0x2 
 .text._ZN7Serial_4peekEv
                0x00081c78       0x20 C:\Users\Leo\AppData\Local\Temp\arduino-sketch-F75BF73B5C9C34A7FD8890C5E8D7F131/core\core.a(CDC.cpp.o)
                0x00081c78                Serial_::peek()
 .text._ZN7Serial_5writeEh
                0x00081c98       0x16 C:\Users\Leo\AppData\Local\Temp\arduino-sketch-F75BF73B5C9C34A7FD8890C5E8D7F131/core\core.a(CDC.cpp.o)
                0x00081c98                Serial_::write(unsigned char)
 *fill*         0x00081cae        0x2 
 .text._ZN7Serial_4readEv
                0x00081cb0       0x44 C:\Users\Leo\AppData\Local\Temp\arduino-sketch-F75BF73B5C9C34A7FD8890C5E8D7F131/core\core.a(CDC.cpp.o)
                0x00081cb0                Serial_::read()
 .text._ZN7Serial_5flushEv
                0x00081cf4        0x6 C:\Users\Leo\AppData\Local\Temp\arduino-sketch-F75BF73B5C9C34A7FD8890C5E8D7F131/core\core.a(CDC.cpp.o)
                0x00081cf4                Serial_::flush()
 *fill*         0x00081cfa        0x2 
 .text._ZN7Serial_6acceptEv
                0x00081cfc       0x70 C:\Users\Leo\AppData\Local\Temp\arduino-sketch-F75BF73B5C9C34A7FD8890C5E8D7F131/core\core.a(CDC.cpp.o)
                0x00081cfc                Serial_::accept()
 .text._ZN7Serial_5writeEPKhj
                0x00081d6c       0x2c C:\Users\Leo\AppData\Local\Temp\arduino-sketch-F75BF73B5C9C34A7FD8890C5E8D7F131/core\core.a(CDC.cpp.o)
                0x00081d6c                Serial_::write(unsigned char const*, unsigned int)
 .text._Z16CDC_GetInterfacePh
                0x00081d98       0x14 C:\Users\Leo\AppData\Local\Temp\arduino-sketch-F75BF73B5C9C34A7FD8890C5E8D7F131/core\core.a(CDC.cpp.o)
                0x00081d98                CDC_GetInterface(unsigned char*)
 .text._Z21CDC_GetOtherInterfacePh
                0x00081dac       0x14 C:\Users\Leo\AppData\Local\Temp\arduino-sketch-F75BF73B5C9C34A7FD8890C5E8D7F131/core\core.a(CDC.cpp.o)
                0x00081dac                CDC_GetOtherInterface(unsigned char*)
 .text._Z9CDC_SetupR8USBSetup
                0x00081dc0       0x78 C:\Users\Leo\AppData\Local\Temp\arduino-sketch-F75BF73B5C9C34A7FD8890C5E8D7F131/core\core.a(CDC.cpp.o)
                0x00081dc0                CDC_Setup(USBSetup&)
 .text.startup._GLOBAL__sub_I_cdc_rx_buffer
                0x00081e38       0x1c C:\Users\Leo\AppData\Local\Temp\arduino-sketch-F75BF73B5C9C34A7FD8890C5E8D7F131/core\core.a(CDC.cpp.o)
 .text._ZN13PluggableUSB_12getInterfaceEPh
                0x00081e54       0x28 C:\Users\Leo\AppData\Local\Temp\arduino-sketch-F75BF73B5C9C34A7FD8890C5E8D7F131/core\core.a(PluggableUSB.cpp.o)
                0x00081e54                PluggableUSB_::getInterface(unsigned char*)
 .text._ZN13PluggableUSB_13getDescriptorER8USBSetup
                0x00081e7c       0x1c C:\Users\Leo\AppData\Local\Temp\arduino-sketch-F75BF73B5C9C34A7FD8890C5E8D7F131/core\core.a(PluggableUSB.cpp.o)
                0x00081e7c                PluggableUSB_::getDescriptor(USBSetup&)
 .text._ZN13PluggableUSB_12getShortNameEPc
                0x00081e98       0x1c C:\Users\Leo\AppData\Local\Temp\arduino-sketch-F75BF73B5C9C34A7FD8890C5E8D7F131/core\core.a(PluggableUSB.cpp.o)
                0x00081e98                PluggableUSB_::getShortName(char*)
 .text._ZN13PluggableUSB_5setupER8USBSetup
                0x00081eb4       0x20 C:\Users\Leo\AppData\Local\Temp\arduino-sketch-F75BF73B5C9C34A7FD8890C5E8D7F131/core\core.a(PluggableUSB.cpp.o)
                0x00081eb4                PluggableUSB_::setup(USBSetup&)
 .text._Z12PluggableUSBv
                0x00081ed4       0x28 C:\Users\Leo\AppData\Local\Temp\arduino-sketch-F75BF73B5C9C34A7FD8890C5E8D7F131/core\core.a(PluggableUSB.cpp.o)
                0x00081ed4                PluggableUSB()
 .text.TimeTick_Increment
                0x00081efc       0x10 C:\Users\Leo\AppData\Local\Arduino15\packages\arduino\hardware\sam\1.6.12\variants\arduino_due_x/libsam_sam3x8e_gcc_rel.a(timetick.o)
                0x00081efc                TimeTick_Increment
 .text.GetTickCount
                0x00081f0c        0xc C:\Users\Leo\AppData\Local\Arduino15\packages\arduino\hardware\sam\1.6.12\variants\arduino_due_x/libsam_sam3x8e_gcc_rel.a(timetick.o)
                0x00081f0c                GetTickCount
 .text.WDT_Disable
                0x00081f18        0x8 C:\Users\Leo\AppData\Local\Arduino15\packages\arduino\hardware\sam\1.6.12\variants\arduino_due_x/libsam_sam3x8e_gcc_rel.a(wdt.o)
                0x00081f18                WDT_Disable
 .text.UDD_SetStack
                0x00081f20        0xc C:\Users\Leo\AppData\Local\Arduino15\packages\arduino\hardware\sam\1.6.12\variants\arduino_due_x/libsam_sam3x8e_gcc_rel.a(uotghs_device.o)
                0x00081f20                UDD_SetStack
 .text.UDD_Init
                0x00081f2c       0xd0 C:\Users\Leo\AppData\Local\Arduino15\packages\arduino\hardware\sam\1.6.12\variants\arduino_due_x/libsam_sam3x8e_gcc_rel.a(uotghs_device.o)
                0x00081f2c                UDD_Init
 .text.UDD_Attach
                0x00081ffc       0x50 C:\Users\Leo\AppData\Local\Arduino15\packages\arduino\hardware\sam\1.6.12\variants\arduino_due_x/libsam_sam3x8e_gcc_rel.a(uotghs_device.o)
                0x00081ffc                UDD_Attach
 .text.UDD_InitEP
                0x0008204c       0x2c C:\Users\Leo\AppData\Local\Arduino15\packages\arduino\hardware\sam\1.6.12\variants\arduino_due_x/libsam_sam3x8e_gcc_rel.a(uotghs_device.o)
                0x0008204c                UDD_InitEP
 .text.UDD_InitEndpoints
                0x00082078       0x3c C:\Users\Leo\AppData\Local\Arduino15\packages\arduino\hardware\sam\1.6.12\variants\arduino_due_x/libsam_sam3x8e_gcc_rel.a(uotghs_device.o)
                0x00082078                UDD_InitEndpoints
 .text.UDD_WaitIN
                0x000820b4       0x10 C:\Users\Leo\AppData\Local\Arduino15\packages\arduino\hardware\sam\1.6.12\variants\arduino_due_x/libsam_sam3x8e_gcc_rel.a(uotghs_device.o)
                0x000820b4                UDD_WaitIN
 .text.UDD_WaitOUT
                0x000820c4       0x10 C:\Users\Leo\AppData\Local\Arduino15\packages\arduino\hardware\sam\1.6.12\variants\arduino_due_x/libsam_sam3x8e_gcc_rel.a(uotghs_device.o)
                0x000820c4                UDD_WaitOUT
 .text.UDD_ClearIN
                0x000820d4       0x18 C:\Users\Leo\AppData\Local\Arduino15\packages\arduino\hardware\sam\1.6.12\variants\arduino_due_x/libsam_sam3x8e_gcc_rel.a(uotghs_device.o)
                0x000820d4                UDD_ClearIN
 .text.UDD_ClearOUT
                0x000820ec       0x18 C:\Users\Leo\AppData\Local\Arduino15\packages\arduino\hardware\sam\1.6.12\variants\arduino_due_x/libsam_sam3x8e_gcc_rel.a(uotghs_device.o)
                0x000820ec                UDD_ClearOUT
 .text.UDD_ReceivedSetupInt
                0x00082104       0x10 C:\Users\Leo\AppData\Local\Arduino15\packages\arduino\hardware\sam\1.6.12\variants\arduino_due_x/libsam_sam3x8e_gcc_rel.a(uotghs_device.o)
                0x00082104                UDD_ReceivedSetupInt
 .text.UDD_ClearSetupInt
                0x00082114       0x10 C:\Users\Leo\AppData\Local\Arduino15\packages\arduino\hardware\sam\1.6.12\variants\arduino_due_x/libsam_sam3x8e_gcc_rel.a(uotghs_device.o)
                0x00082114                UDD_ClearSetupInt
 .text.UDD_Send
                0x00082124       0x88 C:\Users\Leo\AppData\Local\Arduino15\packages\arduino\hardware\sam\1.6.12\variants\arduino_due_x/libsam_sam3x8e_gcc_rel.a(uotghs_device.o)
                0x00082124                UDD_Send
 .text.UDD_Send8
                0x000821ac       0x24 C:\Users\Leo\AppData\Local\Arduino15\packages\arduino\hardware\sam\1.6.12\variants\arduino_due_x/libsam_sam3x8e_gcc_rel.a(uotghs_device.o)
                0x000821ac                UDD_Send8
 .text.UDD_Recv8
                0x000821d0       0x28 C:\Users\Leo\AppData\Local\Arduino15\packages\arduino\hardware\sam\1.6.12\variants\arduino_due_x/libsam_sam3x8e_gcc_rel.a(uotghs_device.o)
                0x000821d0                UDD_Recv8
 .text.UDD_Recv
                0x000821f8       0x34 C:\Users\Leo\AppData\Local\Arduino15\packages\arduino\hardware\sam\1.6.12\variants\arduino_due_x/libsam_sam3x8e_gcc_rel.a(uotghs_device.o)
                0x000821f8                UDD_Recv
 .text.UDD_Stall
                0x0008222c       0x14 C:\Users\Leo\AppData\Local\Arduino15\packages\arduino\hardware\sam\1.6.12\variants\arduino_due_x/libsam_sam3x8e_gcc_rel.a(uotghs_device.o)
                0x0008222c                UDD_Stall
 .text.UDD_FifoByteCount
                0x00082240       0x14 C:\Users\Leo\AppData\Local\Arduino15\packages\arduino\hardware\sam\1.6.12\variants\arduino_due_x/libsam_sam3x8e_gcc_rel.a(uotghs_device.o)
                0x00082240                UDD_FifoByteCount
 .text.UDD_ReleaseRX
                0x00082254       0x28 C:\Users\Leo\AppData\Local\Arduino15\packages\arduino\hardware\sam\1.6.12\variants\arduino_due_x/libsam_sam3x8e_gcc_rel.a(uotghs_device.o)
                0x00082254                UDD_ReleaseRX
 .text.UDD_ReleaseTX
                0x0008227c       0x28 C:\Users\Leo\AppData\Local\Arduino15\packages\arduino\hardware\sam\1.6.12\variants\arduino_due_x/libsam_sam3x8e_gcc_rel.a(uotghs_device.o)
                0x0008227c                UDD_ReleaseTX
 .text.UDD_SetAddress
                0x000822a4       0x20 C:\Users\Leo\AppData\Local\Arduino15\packages\arduino\hardware\sam\1.6.12\variants\arduino_due_x/libsam_sam3x8e_gcc_rel.a(uotghs_device.o)
                0x000822a4                UDD_SetAddress
 .text.__assert_func
                0x000822c4       0x3c c:/users/leo/appdata/local/arduino15/packages/arduino/tools/arm-none-eabi-gcc/4.8.3-2014q1/bin/../lib/gcc/arm-none-eabi/4.8.3/../../../../arm-none-eabi/lib/armv7-m\libc.a(lib_a-assert.o)
                0x000822c4                __assert_func
 .text.fiprintf
                0x00082300       0x28 c:/users/leo/appdata/local/arduino15/packages/arduino/tools/arm-none-eabi-gcc/4.8.3-2014q1/bin/../lib/gcc/arm-none-eabi/4.8.3/../../../../arm-none-eabi/lib/armv7-m\libc.a(lib_a-fiprintf.o)
                0x00082300                fiprintf
 .text.__libc_init_array
                0x00082328       0x50 c:/users/leo/appdata/local/arduino15/packages/arduino/tools/arm-none-eabi-gcc/4.8.3-2014q1/bin/../lib/gcc/arm-none-eabi/4.8.3/../../../../arm-none-eabi/lib/armv7-m\libc.a(lib_a-init.o)
                0x00082328                __libc_init_array
 .text.memset   0x00082378       0x94 c:/users/leo/appdata/local/arduino15/packages/arduino/tools/arm-none-eabi-gcc/4.8.3-2014q1/bin/../lib/gcc/arm-none-eabi/4.8.3/../../../../arm-none-eabi/lib/armv7-m\libc.a(lib_a-memset.o)
                0x00082378                memset
 .text.strlen   0x0008240c       0x60 c:/users/leo/appdata/local/arduino15/packages/arduino/tools/arm-none-eabi-gcc/4.8.3-2014q1/bin/../lib/gcc/arm-none-eabi/4.8.3/../../../../arm-none-eabi/lib/armv7-m\libc.a(lib_a-strlen.o)
                0x0008240c                strlen
 .text.kill     0x0008246c       0x10 c:/users/leo/appdata/local/arduino15/packages/arduino/tools/arm-none-eabi-gcc/4.8.3-2014q1/bin/../lib/gcc/arm-none-eabi/4.8.3/../../../../arm-none-eabi/lib/armv7-m\libc.a(lib_a-syskill.o)
                0x0008246c                kill
 .text.__sprint_r.part.0
                0x0008247c       0x78 c:/users/leo/appdata/local/arduino15/packages/arduino/tools/arm-none-eabi-gcc/4.8.3-2014q1/bin/../lib/gcc/arm-none-eabi/4.8.3/../../../../arm-none-eabi/lib/armv7-m\libc.a(lib_a-vfiprintf.o)
 .text._vfiprintf_r
                0x000824f4      0xc54 c:/users/leo/appdata/local/arduino15/packages/arduino/tools/arm-none-eabi-gcc/4.8.3-2014q1/bin/../lib/gcc/arm-none-eabi/4.8.3/../../../../arm-none-eabi/lib/armv7-m\libc.a(lib_a-vfiprintf.o)
                0x000824f4                _vfiprintf_r
 .text.__sbprintf
                0x00083148       0x7c c:/users/leo/appdata/local/arduino15/packages/arduino/tools/arm-none-eabi-gcc/4.8.3-2014q1/bin/../lib/gcc/arm-none-eabi/4.8.3/../../../../arm-none-eabi/lib/armv7-m\libc.a(lib_a-vfiprintf.o)
 .text.__swsetup_r
                0x000831c4       0xc4 c:/users/leo/appdata/local/arduino15/packages/arduino/tools/arm-none-eabi-gcc/4.8.3-2014q1/bin/../lib/gcc/arm-none-eabi/4.8.3/../../../../arm-none-eabi/lib/armv7-m\libc.a(lib_a-wsetup.o)
                0x000831c4                __swsetup_r
 .text.startup.register_fini
                0x00083288       0x14 c:/users/leo/appdata/local/arduino15/packages/arduino/tools/arm-none-eabi-gcc/4.8.3-2014q1/bin/../lib/gcc/arm-none-eabi/4.8.3/../../../../arm-none-eabi/lib/armv7-m\libc.a(lib_a-__call_atexit.o)
 .text.abort    0x0008329c       0x10 c:/users/leo/appdata/local/arduino15/packages/arduino/tools/arm-none-eabi-gcc/4.8.3-2014q1/bin/../lib/gcc/arm-none-eabi/4.8.3/../../../../arm-none-eabi/lib/armv7-m\libc.a(lib_a-abort.o)
                0x0008329c                abort
 .text.__sflush_r
                0x000832ac      0x148 c:/users/leo/appdata/local/arduino15/packages/arduino/tools/arm-none-eabi-gcc/4.8.3-2014q1/bin/../lib/gcc/arm-none-eabi/4.8.3/../../../../arm-none-eabi/lib/armv7-m\libc.a(lib_a-fflush.o)
                0x000832ac                __sflush_r
 .text._fflush_r
                0x000833f4       0x2c c:/users/leo/appdata/local/arduino15/packages/arduino/tools/arm-none-eabi-gcc/4.8.3-2014q1/bin/../lib/gcc/arm-none-eabi/4.8.3/../../../../arm-none-eabi/lib/armv7-m\libc.a(lib_a-fflush.o)
                0x000833f4                _fflush_r
 .text._cleanup_r
                0x00083420        0xc c:/users/leo/appdata/local/arduino15/packages/arduino/tools/arm-none-eabi-gcc/4.8.3-2014q1/bin/../lib/gcc/arm-none-eabi/4.8.3/../../../../arm-none-eabi/lib/armv7-m\libc.a(lib_a-findfp.o)
                0x00083420                _cleanup_r
 .text.__sinit  0x0008342c       0xf4 c:/users/leo/appdata/local/arduino15/packages/arduino/tools/arm-none-eabi-gcc/4.8.3-2014q1/bin/../lib/gcc/arm-none-eabi/4.8.3/../../../../arm-none-eabi/lib/armv7-m\libc.a(lib_a-findfp.o)
                0x0008342c                __sinit
 .text.__sfp_lock_acquire
                0x00083520        0x4 c:/users/leo/appdata/local/arduino15/packages/arduino/tools/arm-none-eabi-gcc/4.8.3-2014q1/bin/../lib/gcc/arm-none-eabi/4.8.3/../../../../arm-none-eabi/lib/armv7-m\libc.a(lib_a-findfp.o)
                0x00083520                __sfp_lock_acquire
 .text.__sfp_lock_release
                0x00083524        0x4 c:/users/leo/appdata/local/arduino15/packages/arduino/tools/arm-none-eabi-gcc/4.8.3-2014q1/bin/../lib/gcc/arm-none-eabi/4.8.3/../../../../arm-none-eabi/lib/armv7-m\libc.a(lib_a-findfp.o)
                0x00083524                __sfp_lock_release
 .text.__libc_fini_array
                0x00083528       0x30 c:/users/leo/appdata/local/arduino15/packages/arduino/tools/arm-none-eabi-gcc/4.8.3-2014q1/bin/../lib/gcc/arm-none-eabi/4.8.3/../../../../arm-none-eabi/lib/armv7-m\libc.a(lib_a-fini.o)
                0x00083528                __libc_fini_array
 .text._fputwc_r
                0x00083558       0xc0 c:/users/leo/appdata/local/arduino15/packages/arduino/tools/arm-none-eabi-gcc/4.8.3-2014q1/bin/../lib/gcc/arm-none-eabi/4.8.3/../../../../arm-none-eabi/lib/armv7-m\libc.a(lib_a-fputwc.o)
                0x00083558                _fputwc_r
 .text._malloc_trim_r
                0x00083618       0x9c c:/users/leo/appdata/local/arduino15/packages/arduino/tools/arm-none-eabi-gcc/4.8.3-2014q1/bin/../lib/gcc/arm-none-eabi/4.8.3/../../../../arm-none-eabi/lib/armv7-m\libc.a(lib_a-freer.o)
                0x00083618                _malloc_trim_r
 .text._free_r  0x000836b4      0x198 c:/users/leo/appdata/local/arduino15/packages/arduino/tools/arm-none-eabi-gcc/4.8.3-2014q1/bin/../lib/gcc/arm-none-eabi/4.8.3/../../../../arm-none-eabi/lib/armv7-m\libc.a(lib_a-freer.o)
                0x000836b4                _free_r
 .text.__sfvwrite_r
                0x0008384c      0x314 c:/users/leo/appdata/local/arduino15/packages/arduino/tools/arm-none-eabi-gcc/4.8.3-2014q1/bin/../lib/gcc/arm-none-eabi/4.8.3/../../../../arm-none-eabi/lib/armv7-m\libc.a(lib_a-fvwrite.o)
                0x0008384c                __sfvwrite_r
 .text._fwalk   0x00083b60       0x48 c:/users/leo/appdata/local/arduino15/packages/arduino/tools/arm-none-eabi-gcc/4.8.3-2014q1/bin/../lib/gcc/arm-none-eabi/4.8.3/../../../../arm-none-eabi/lib/armv7-m\libc.a(lib_a-fwalk.o)
                0x00083b60                _fwalk
 .text.__locale_charset
                0x00083ba8        0x8 c:/users/leo/appdata/local/arduino15/packages/arduino/tools/arm-none-eabi-gcc/4.8.3-2014q1/bin/../lib/gcc/arm-none-eabi/4.8.3/../../../../arm-none-eabi/lib/armv7-m\libc.a(lib_a-locale.o)
                0x00083ba8                __locale_charset
 .text.__locale_mb_cur_max
                0x00083bb0        0xc c:/users/leo/appdata/local/arduino15/packages/arduino/tools/arm-none-eabi-gcc/4.8.3-2014q1/bin/../lib/gcc/arm-none-eabi/4.8.3/../../../../arm-none-eabi/lib/armv7-m\libc.a(lib_a-locale.o)
                0x00083bb0                __locale_mb_cur_max
 .text.__smakebuf_r
                0x00083bbc       0xe0 c:/users/leo/appdata/local/arduino15/packages/arduino/tools/arm-none-eabi-gcc/4.8.3-2014q1/bin/../lib/gcc/arm-none-eabi/4.8.3/../../../../arm-none-eabi/lib/armv7-m\libc.a(lib_a-makebuf.o)
                0x00083bbc                __smakebuf_r
 .text._malloc_r
                0x00083c9c      0x538 c:/users/leo/appdata/local/arduino15/packages/arduino/tools/arm-none-eabi-gcc/4.8.3-2014q1/bin/../lib/gcc/arm-none-eabi/4.8.3/../../../../arm-none-eabi/lib/armv7-m\libc.a(lib_a-mallocr.o)
                0x00083c9c                _malloc_r
 .text.memchr   0x000841d4       0x94 c:/users/leo/appdata/local/arduino15/packages/arduino/tools/arm-none-eabi-gcc/4.8.3-2014q1/bin/../lib/gcc/arm-none-eabi/4.8.3/../../../../arm-none-eabi/lib/armv7-m\libc.a(lib_a-memchr-stub.o)
                0x000841d4                memchr
 .text          0x00084268       0xec c:/users/leo/appdata/local/arduino15/packages/arduino/tools/arm-none-eabi-gcc/4.8.3-2014q1/bin/../lib/gcc/arm-none-eabi/4.8.3/../../../../arm-none-eabi/lib/armv7-m\libc.a(lib_a-memcpy.o)
                0x00084268                memcpy
 .text.memmove  0x00084354       0xcc c:/users/leo/appdata/local/arduino15/packages/arduino/tools/arm-none-eabi-gcc/4.8.3-2014q1/bin/../lib/gcc/arm-none-eabi/4.8.3/../../../../arm-none-eabi/lib/armv7-m\libc.a(lib_a-memmove.o)
                0x00084354                memmove
 .text.__malloc_lock
                0x00084420        0x4 c:/users/leo/appdata/local/arduino15/packages/arduino/tools/arm-none-eabi-gcc/4.8.3-2014q1/bin/../lib/gcc/arm-none-eabi/4.8.3/../../../../arm-none-eabi/lib/armv7-m\libc.a(lib_a-mlock.o)
                0x00084420                __malloc_lock
 .text.__malloc_unlock
                0x00084424        0x4 c:/users/leo/appdata/local/arduino15/packages/arduino/tools/arm-none-eabi-gcc/4.8.3-2014q1/bin/../lib/gcc/arm-none-eabi/4.8.3/../../../../arm-none-eabi/lib/armv7-m\libc.a(lib_a-mlock.o)
                0x00084424                __malloc_unlock
 .text._realloc_r
                0x00084428      0x3c0 c:/users/leo/appdata/local/arduino15/packages/arduino/tools/arm-none-eabi-gcc/4.8.3-2014q1/bin/../lib/gcc/arm-none-eabi/4.8.3/../../../../arm-none-eabi/lib/armv7-m\libc.a(lib_a-reallocr.o)
                0x00084428                _realloc_r
 .text._sbrk_r  0x000847e8       0x24 c:/users/leo/appdata/local/arduino15/packages/arduino/tools/arm-none-eabi-gcc/4.8.3-2014q1/bin/../lib/gcc/arm-none-eabi/4.8.3/../../../../arm-none-eabi/lib/armv7-m\libc.a(lib_a-sbrkr.o)
                0x000847e8                _sbrk_r
 .text._raise_r
                0x0008480c       0x58 c:/users/leo/appdata/local/arduino15/packages/arduino/tools/arm-none-eabi-gcc/4.8.3-2014q1/bin/../lib/gcc/arm-none-eabi/4.8.3/../../../../arm-none-eabi/lib/armv7-m\libc.a(lib_a-signal.o)
                0x0008480c                _raise_r
 .text.raise    0x00084864       0x10 c:/users/leo/appdata/local/arduino15/packages/arduino/tools/arm-none-eabi-gcc/4.8.3-2014q1/bin/../lib/gcc/arm-none-eabi/4.8.3/../../../../arm-none-eabi/lib/armv7-m\libc.a(lib_a-signal.o)
                0x00084864                raise
 .text._kill_r  0x00084874       0x28 c:/users/leo/appdata/local/arduino15/packages/arduino/tools/arm-none-eabi-gcc/4.8.3-2014q1/bin/../lib/gcc/arm-none-eabi/4.8.3/../../../../arm-none-eabi/lib/armv7-m\libc.a(lib_a-signalr.o)
                0x00084874                _kill_r
 .text._getpid_r
                0x0008489c        0x4 c:/users/leo/appdata/local/arduino15/packages/arduino/tools/arm-none-eabi-gcc/4.8.3-2014q1/bin/../lib/gcc/arm-none-eabi/4.8.3/../../../../arm-none-eabi/lib/armv7-m\libc.a(lib_a-signalr.o)
                0x0008489c                _getpid_r
 .text.__sread  0x000848a0       0x24 c:/users/leo/appdata/local/arduino15/packages/arduino/tools/arm-none-eabi-gcc/4.8.3-2014q1/bin/../lib/gcc/arm-none-eabi/4.8.3/../../../../arm-none-eabi/lib/armv7-m\libc.a(lib_a-stdio.o)
                0x000848a0                __sread
 .text.__swrite
                0x000848c4       0x38 c:/users/leo/appdata/local/arduino15/packages/arduino/tools/arm-none-eabi-gcc/4.8.3-2014q1/bin/../lib/gcc/arm-none-eabi/4.8.3/../../../../arm-none-eabi/lib/armv7-m\libc.a(lib_a-stdio.o)
                0x000848c4                __swrite
 .text.__sseek  0x000848fc       0x20 c:/users/leo/appdata/local/arduino15/packages/arduino/tools/arm-none-eabi-gcc/4.8.3-2014q1/bin/../lib/gcc/arm-none-eabi/4.8.3/../../../../arm-none-eabi/lib/armv7-m\libc.a(lib_a-stdio.o)
                0x000848fc                __sseek
 .text.__sclose
                0x0008491c        0x8 c:/users/leo/appdata/local/arduino15/packages/arduino/tools/arm-none-eabi-gcc/4.8.3-2014q1/bin/../lib/gcc/arm-none-eabi/4.8.3/../../../../arm-none-eabi/lib/armv7-m\libc.a(lib_a-stdio.o)
                0x0008491c                __sclose
 .text.__swbuf_r
                0x00084924       0xa8 c:/users/leo/appdata/local/arduino15/packages/arduino/tools/arm-none-eabi-gcc/4.8.3-2014q1/bin/../lib/gcc/arm-none-eabi/4.8.3/../../../../arm-none-eabi/lib/armv7-m\libc.a(lib_a-wbuf.o)
                0x00084924                __swbuf_r
 .text._wcrtomb_r
                0x000849cc       0x50 c:/users/leo/appdata/local/arduino15/packages/arduino/tools/arm-none-eabi-gcc/4.8.3-2014q1/bin/../lib/gcc/arm-none-eabi/4.8.3/../../../../arm-none-eabi/lib/armv7-m\libc.a(lib_a-wcrtomb.o)
                0x000849cc                _wcrtomb_r
 .text.__ascii_wctomb
                0x00084a1c       0x1c c:/users/leo/appdata/local/arduino15/packages/arduino/tools/arm-none-eabi-gcc/4.8.3-2014q1/bin/../lib/gcc/arm-none-eabi/4.8.3/../../../../arm-none-eabi/lib/armv7-m\libc.a(lib_a-wctomb_r.o)
                0x00084a1c                __ascii_wctomb
 .text._write_r
                0x00084a38       0x28 c:/users/leo/appdata/local/arduino15/packages/arduino/tools/arm-none-eabi-gcc/4.8.3-2014q1/bin/../lib/gcc/arm-none-eabi/4.8.3/../../../../arm-none-eabi/lib/armv7-m\libc.a(lib_a-writer.o)
                0x00084a38                _write_r
 .text._close_r
                0x00084a60       0x24 c:/users/leo/appdata/local/arduino15/packages/arduino/tools/arm-none-eabi-gcc/4.8.3-2014q1/bin/../lib/gcc/arm-none-eabi/4.8.3/../../../../arm-none-eabi/lib/armv7-m\libc.a(lib_a-closer.o)
                0x00084a60                _close_r
 .text._fclose_r
                0x00084a84       0x80 c:/users/leo/appdata/local/arduino15/packages/arduino/tools/arm-none-eabi-gcc/4.8.3-2014q1/bin/../lib/gcc/arm-none-eabi/4.8.3/../../../../arm-none-eabi/lib/armv7-m\libc.a(lib_a-fclose.o)
                0x00084a84                _fclose_r
 .text.fclose   0x00084b04       0x10 c:/users/leo/appdata/local/arduino15/packages/arduino/tools/arm-none-eabi-gcc/4.8.3-2014q1/bin/../lib/gcc/arm-none-eabi/4.8.3/../../../../arm-none-eabi/lib/armv7-m\libc.a(lib_a-fclose.o)
                0x00084b04                fclose
 .text._fstat_r
                0x00084b14       0x28 c:/users/leo/appdata/local/arduino15/packages/arduino/tools/arm-none-eabi-gcc/4.8.3-2014q1/bin/../lib/gcc/arm-none-eabi/4.8.3/../../../../arm-none-eabi/lib/armv7-m\libc.a(lib_a-fstatr.o)
                0x00084b14                _fstat_r
 .text._isatty_r
                0x00084b3c       0x24 c:/users/leo/appdata/local/arduino15/packages/arduino/tools/arm-none-eabi-gcc/4.8.3-2014q1/bin/../lib/gcc/arm-none-eabi/4.8.3/../../../../arm-none-eabi/lib/armv7-m\libc.a(lib_a-isattyr.o)
                0x00084b3c                _isatty_r
 .text._lseek_r
                0x00084b60       0x28 c:/users/leo/appdata/local/arduino15/packages/arduino/tools/arm-none-eabi-gcc/4.8.3-2014q1/bin/../lib/gcc/arm-none-eabi/4.8.3/../../../../arm-none-eabi/lib/armv7-m\libc.a(lib_a-lseekr.o)
                0x00084b60                _lseek_r
 .text._read_r  0x00084b88       0x28 c:/users/leo/appdata/local/arduino15/packages/arduino/tools/arm-none-eabi-gcc/4.8.3-2014q1/bin/../lib/gcc/arm-none-eabi/4.8.3/../../../../arm-none-eabi/lib/armv7-m\libc.a(lib_a-readr.o)
                0x00084b88                _read_r
 .text          0x00084bb0       0x2c c:/users/leo/appdata/local/arduino15/packages/arduino/tools/arm-none-eabi-gcc/4.8.3-2014q1/bin/../lib/gcc/arm-none-eabi/4.8.3/armv7-m\libgcc.a(_aeabi_uldivmod.o)
                0x00084bb0                __aeabi_uldivmod
 .text          0x00084bdc       0x60 c:/users/leo/appdata/local/arduino15/packages/arduino/tools/arm-none-eabi-gcc/4.8.3-2014q1/bin/../lib/gcc/arm-none-eabi/4.8.3/armv7-m\libgcc.a(bpabi.o)
                0x00084bdc                __gnu_ldivmod_helper
                0x00084c0c                __gnu_uldivmod_helper
 .text          0x00084c3c        0x4 c:/users/leo/appdata/local/arduino15/packages/arduino/tools/arm-none-eabi-gcc/4.8.3-2014q1/bin/../lib/gcc/arm-none-eabi/4.8.3/armv7-m\libgcc.a(_dvmd_tls.o)
                0x00084c3c                __aeabi_idiv0
                0x00084c3c                __aeabi_ldiv0
 .text          0x00084c40      0x2a0 c:/users/leo/appdata/local/arduino15/packages/arduino/tools/arm-none-eabi-gcc/4.8.3-2014q1/bin/../lib/gcc/arm-none-eabi/4.8.3/armv7-m\libgcc.a(_divdi3.o)
                0x00084c40                __divdi3
 .text          0x00084ee0      0x290 c:/users/leo/appdata/local/arduino15/packages/arduino/tools/arm-none-eabi-gcc/4.8.3-2014q1/bin/../lib/gcc/arm-none-eabi/4.8.3/armv7-m\libgcc.a(_udivdi3.o)
                0x00084ee0                __udivdi3
 *(.glue_7t)
 .glue_7t       0x00000000        0x0 linker stubs
 *(.glue_7)
 .glue_7        0x00000000        0x0 linker stubs
 *(.rodata .rodata* .gnu.linkonce.r.*)
 .rodata._ZTV7WS2812BILh21EL6EOrder66EE
                0x00085170       0x28 C:\Users\Leo\AppData\Local\Temp\arduino-sketch-F75BF73B5C9C34A7FD8890C5E8D7F131\sketch\offDue.ino.cpp.o
                0x00085170                vtable for WS2812B<(unsigned char)21, (EOrder)66>
 .rodata.g_APinDescription
                0x00085198      0xa2c C:\Users\Leo\AppData\Local\Temp\arduino-sketch-F75BF73B5C9C34A7FD8890C5E8D7F131\core\variant.cpp.o
                0x00085198                g_APinDescription
 .rodata.__func__.6792
                0x00085bc4        0xd C:\Users\Leo\AppData\Local\Arduino15\packages\arduino\hardware\sam\1.6.12\variants\arduino_due_x/libsam_sam3x8e_gcc_rel.a(tc.o)
 .rodata.str1.1
                0x00085bd1       0x54 C:\Users\Leo\AppData\Local\Arduino15\packages\arduino\hardware\sam\1.6.12\variants\arduino_due_x/libsam_sam3x8e_gcc_rel.a(tc.o)
 .rodata.__func__.6798
                0x00085c25        0x9 C:\Users\Leo\AppData\Local\Arduino15\packages\arduino\hardware\sam\1.6.12\variants\arduino_due_x/libsam_sam3x8e_gcc_rel.a(tc.o)
 .rodata.__func__.6804
                0x00085c2e        0x8 C:\Users\Leo\AppData\Local\Arduino15\packages\arduino\hardware\sam\1.6.12\variants\arduino_due_x/libsam_sam3x8e_gcc_rel.a(tc.o)
 *fill*         0x00085c36        0x2 
 .rodata        0x00085c38       0x40 C:\Users\Leo\AppData\Local\Arduino15\packages\arduino\hardware\sam\1.6.12\variants\arduino_due_x/libsam_sam3x8e_gcc_rel.a(adc.o)
 .rodata._ZTV9UARTClass
                0x00085c78       0x30 C:\Users\Leo\AppData\Local\Temp\arduino-sketch-F75BF73B5C9C34A7FD8890C5E8D7F131/core\core.a(UARTClass.cpp.o)
                0x00085c78                vtable for UARTClass
 .rodata._ZTV10USARTClass
                0x00085ca8       0x30 C:\Users\Leo\AppData\Local\Temp\arduino-sketch-F75BF73B5C9C34A7FD8890C5E8D7F131/core\core.a(USARTClass.cpp.o)
                0x00085ca8                vtable for USARTClass
 .rodata.STRING_PRODUCT
                0x00085cd8        0xc C:\Users\Leo\AppData\Local\Temp\arduino-sketch-F75BF73B5C9C34A7FD8890C5E8D7F131/core\core.a(USBCore.cpp.o)
                0x00085cd8                STRING_PRODUCT
 .rodata.USB_DeviceDescriptor
                0x00085ce4       0x12 C:\Users\Leo\AppData\Local\Temp\arduino-sketch-F75BF73B5C9C34A7FD8890C5E8D7F131/core\core.a(USBCore.cpp.o)
                0x00085ce4                USB_DeviceDescriptor
 .rodata.STRING_LANGUAGE
                0x00085cf6        0x4 C:\Users\Leo\AppData\Local\Temp\arduino-sketch-F75BF73B5C9C34A7FD8890C5E8D7F131/core\core.a(USBCore.cpp.o)
                0x00085cf6                STRING_LANGUAGE
 .rodata._ZL18test_packet_buffer
                0x00085cfa       0x35 C:\Users\Leo\AppData\Local\Temp\arduino-sketch-F75BF73B5C9C34A7FD8890C5E8D7F131/core\core.a(USBCore.cpp.o)
 .rodata.STRING_MANUFACTURER
                0x00085d2f        0xc C:\Users\Leo\AppData\Local\Temp\arduino-sketch-F75BF73B5C9C34A7FD8890C5E8D7F131/core\core.a(USBCore.cpp.o)
                0x00085d2f                STRING_MANUFACTURER
 .rodata.USB_DeviceDescriptorA
                0x00085d3b       0x12 C:\Users\Leo\AppData\Local\Temp\arduino-sketch-F75BF73B5C9C34A7FD8890C5E8D7F131/core\core.a(USBCore.cpp.o)
                0x00085d3b                USB_DeviceDescriptorA
 .rodata._ZL19USB_DeviceQualifier
                0x00085d4d        0x9 C:\Users\Leo\AppData\Local\Temp\arduino-sketch-F75BF73B5C9C34A7FD8890C5E8D7F131/core\core.a(USBCore.cpp.o)
 *fill*         0x00085d56        0x2 
 .rodata._ZTV7Serial_
                0x00085d58       0x28 C:\Users\Leo\AppData\Local\Temp\arduino-sketch-F75BF73B5C9C34A7FD8890C5E8D7F131/core\core.a(CDC.cpp.o)
                0x00085d58                vtable for Serial_
 .rodata._ZL18_cdcOtherInterface
                0x00085d80       0x42 C:\Users\Leo\AppData\Local\Temp\arduino-sketch-F75BF73B5C9C34A7FD8890C5E8D7F131/core\core.a(CDC.cpp.o)
 .rodata._ZL13_cdcInterface
                0x00085dc2       0x42 C:\Users\Leo\AppData\Local\Temp\arduino-sketch-F75BF73B5C9C34A7FD8890C5E8D7F131/core\core.a(CDC.cpp.o)
 .rodata.str1.4
                0x00085e04       0x3f c:/users/leo/appdata/local/arduino15/packages/arduino/tools/arm-none-eabi-gcc/4.8.3-2014q1/bin/../lib/gcc/arm-none-eabi/4.8.3/../../../../arm-none-eabi/lib/armv7-m\libc.a(lib_a-assert.o)
                                 0x44 (size before relaxing)
 *fill*         0x00085e43        0x1 
 .rodata.str1.4
                0x00085e44        0x2 c:/users/leo/appdata/local/arduino15/packages/arduino/tools/arm-none-eabi-gcc/4.8.3-2014q1/bin/../lib/gcc/arm-none-eabi/4.8.3/../../../../arm-none-eabi/lib/armv7-m\libc.a(lib_a-impure.o)
                                  0x4 (size before relaxing)
 *fill*         0x00085e46        0x2 
 .rodata.blanks.6717
                0x00085e48       0x10 c:/users/leo/appdata/local/arduino15/packages/arduino/tools/arm-none-eabi-gcc/4.8.3-2014q1/bin/../lib/gcc/arm-none-eabi/4.8.3/../../../../arm-none-eabi/lib/armv7-m\libc.a(lib_a-vfiprintf.o)
 .rodata.str1.4
                0x00085e58       0x30 c:/users/leo/appdata/local/arduino15/packages/arduino/tools/arm-none-eabi-gcc/4.8.3-2014q1/bin/../lib/gcc/arm-none-eabi/4.8.3/../../../../arm-none-eabi/lib/armv7-m\libc.a(lib_a-vfiprintf.o)
 .rodata.zeroes.6718
                0x00085e88       0x10 c:/users/leo/appdata/local/arduino15/packages/arduino/tools/arm-none-eabi-gcc/4.8.3-2014q1/bin/../lib/gcc/arm-none-eabi/4.8.3/../../../../arm-none-eabi/lib/armv7-m\libc.a(lib_a-vfiprintf.o)
 *(.ARM.extab* .gnu.linkonce.armextab.*)
                0x00085e98                . = ALIGN (0x4)
 *(.init)
 .init          0x00085e98        0x4 c:/users/leo/appdata/local/arduino15/packages/arduino/tools/arm-none-eabi-gcc/4.8.3-2014q1/bin/../lib/gcc/arm-none-eabi/4.8.3/armv7-m/crti.o
                0x00085e98                _init
 .init          0x00085e9c        0x8 c:/users/leo/appdata/local/arduino15/packages/arduino/tools/arm-none-eabi-gcc/4.8.3-2014q1/bin/../lib/gcc/arm-none-eabi/4.8.3/armv7-m/crtn.o
                0x00085ea4                . = ALIGN (0x4)
                0x00085ea4                __preinit_array_start = .
 *(.preinit_array)
                0x00085ea4                __preinit_array_end = .
                0x00085ea4                . = ALIGN (0x4)
                0x00085ea4                __init_array_start = .
 *(SORT(.init_array.*))
 .init_array.00000
                0x00085ea4        0x4 c:/users/leo/appdata/local/arduino15/packages/arduino/tools/arm-none-eabi-gcc/4.8.3-2014q1/bin/../lib/gcc/arm-none-eabi/4.8.3/../../../../arm-none-eabi/lib/armv7-m\libc.a(lib_a-__call_atexit.o)
 *(.init_array)
 .init_array    0x00085ea8        0x4 c:/users/leo/appdata/local/arduino15/packages/arduino/tools/arm-none-eabi-gcc/4.8.3-2014q1/bin/../lib/gcc/arm-none-eabi/4.8.3/armv7-m/crtbegin.o
 .init_array    0x00085eac        0x4 C:\Users\Leo\AppData\Local\Temp\arduino-sketch-F75BF73B5C9C34A7FD8890C5E8D7F131\libraries\FastLED\FastLED.cpp.o
 .init_array    0x00085eb0        0x4 C:\Users\Leo\AppData\Local\Temp\arduino-sketch-F75BF73B5C9C34A7FD8890C5E8D7F131\core\variant.cpp.o
 .init_array    0x00085eb4        0x4 C:\Users\Leo\AppData\Local\Temp\arduino-sketch-F75BF73B5C9C34A7FD8890C5E8D7F131/core\core.a(USBCore.cpp.o)
 .init_array    0x00085eb8        0x4 C:\Users\Leo\AppData\Local\Temp\arduino-sketch-F75BF73B5C9C34A7FD8890C5E8D7F131/core\core.a(CDC.cpp.o)
                0x00085ebc                __init_array_end = .
                0x00085ebc                . = ALIGN (0x4)
 *crtbegin.o(.ctors)
 *(EXCLUDE_FILE(*crtend.o) .ctors)
 *(SORT(.ctors.*))
 *crtend.o(.ctors)
                0x00085ebc                . = ALIGN (0x4)
 *(.fini)
 .fini          0x00085ebc        0x4 c:/users/leo/appdata/local/arduino15/packages/arduino/tools/arm-none-eabi-gcc/4.8.3-2014q1/bin/../lib/gcc/arm-none-eabi/4.8.3/armv7-m/crti.o
                0x00085ebc                _fini
 .fini          0x00085ec0        0x8 c:/users/leo/appdata/local/arduino15/packages/arduino/tools/arm-none-eabi-gcc/4.8.3-2014q1/bin/../lib/gcc/arm-none-eabi/4.8.3/armv7-m/crtn.o
                0x00085ec8                . = ALIGN (0x4)
                0x00085ec8                __fini_array_start = .
 *(.fini_array)
 .fini_array    0x00085ec8        0x4 c:/users/leo/appdata/local/arduino15/packages/arduino/tools/arm-none-eabi-gcc/4.8.3-2014q1/bin/../lib/gcc/arm-none-eabi/4.8.3/armv7-m/crtbegin.o
 *(SORT(.fini_array.*))
                0x00085ecc                __fini_array_end = .
 *crtbegin.o(.dtors)
 *(EXCLUDE_FILE(*crtend.o) .dtors)
 *(SORT(.dtors.*))
 *crtend.o(.dtors)
                0x00085ecc                . = ALIGN (0x4)
                0x00085ecc                _efixed = .
                0x00085ecc                PROVIDE (__exidx_start, .)

.vfp11_veneer   0x00085ecc        0x0
 .vfp11_veneer  0x00000000        0x0 linker stubs

.v4_bx          0x00085ecc        0x0
 .v4_bx         0x00000000        0x0 linker stubs

.iplt           0x00085ecc        0x0
 .iplt          0x00000000        0x0 c:/users/leo/appdata/local/arduino15/packages/arduino/tools/arm-none-eabi-gcc/4.8.3-2014q1/bin/../lib/gcc/arm-none-eabi/4.8.3/armv7-m/crtbegin.o

.ARM.exidx      0x00085ecc        0x8
 *(.ARM.exidx* .gnu.linkonce.armexidx.*)
 .ARM.exidx     0x00085ecc        0x8 c:/users/leo/appdata/local/arduino15/packages/arduino/tools/arm-none-eabi-gcc/4.8.3-2014q1/bin/../lib/gcc/arm-none-eabi/4.8.3/armv7-m\libgcc.a(_divdi3.o)
 .ARM.exidx     0x00085ed4        0x0 c:/users/leo/appdata/local/arduino15/packages/arduino/tools/arm-none-eabi-gcc/4.8.3-2014q1/bin/../lib/gcc/arm-none-eabi/4.8.3/armv7-m\libgcc.a(_udivdi3.o)
                                  0x8 (size before relaxing)
                0x00085ed4                PROVIDE (__exidx_end, .)

.eh_frame       0x00085ed4        0x0
 .eh_frame      0x00085ed4        0x0 c:/users/leo/appdata/local/arduino15/packages/arduino/tools/arm-none-eabi-gcc/4.8.3-2014q1/bin/../lib/gcc/arm-none-eabi/4.8.3/armv7-m/crtbegin.o

.rel.dyn        0x00085ed4        0x0
 .rel.iplt      0x00000000        0x0 c:/users/leo/appdata/local/arduino15/packages/arduino/tools/arm-none-eabi-gcc/4.8.3-2014q1/bin/../lib/gcc/arm-none-eabi/4.8.3/armv7-m/crtbegin.o

.jcr            0x00085ed4        0x0
 .jcr           0x00085ed4        0x0 c:/users/leo/appdata/local/arduino15/packages/arduino/tools/arm-none-eabi-gcc/4.8.3-2014q1/bin/../lib/gcc/arm-none-eabi/4.8.3/armv7-m/crtbegin.o

.igot.plt       0x00085ed4        0x0
 .igot.plt      0x00000000        0x0 c:/users/leo/appdata/local/arduino15/packages/arduino/tools/arm-none-eabi-gcc/4.8.3-2014q1/bin/../lib/gcc/arm-none-eabi/4.8.3/armv7-m/crtbegin.o
                0x00085ed4                . = ALIGN (0x4)
                0x00085ed4                _etext = .

.relocate       0x20070000      0x8d4 load address 0x00085ed4
                0x20070000                . = ALIGN (0x4)
                0x20070000                _srelocate = .
 *(.ramfunc .ramfunc.*)
 .ramfunc       0x20070000       0x2c C:\Users\Leo\AppData\Local\Temp\arduino-sketch-F75BF73B5C9C34A7FD8890C5E8D7F131/core\core.a(Reset.cpp.o)
                0x20070000                banzai
 *(.data .data.*)
 .data.SystemCoreClock
                0x2007002c        0x4 C:\Users\Leo\AppData\Local\Arduino15\packages\arduino\hardware\sam\1.6.12\variants\arduino_due_x/libsam_sam3x8e_gcc_rel.a(system_sam3xa.o)
                0x2007002c                SystemCoreClock
 .data._ZL5ticks
                0x20070030        0x4 C:\Users\Leo\AppData\Local\Temp\arduino-sketch-F75BF73B5C9C34A7FD8890C5E8D7F131/core\core.a(Reset.cpp.o)
 .data.EndPoints
                0x20070034       0x28 C:\Users\Leo\AppData\Local\Temp\arduino-sketch-F75BF73B5C9C34A7FD8890C5E8D7F131/core\core.a(USBCore.cpp.o)
                0x20070034                EndPoints
 .data._ZL10breakValue
                0x2007005c        0x4 C:\Users\Leo\AppData\Local\Temp\arduino-sketch-F75BF73B5C9C34A7FD8890C5E8D7F131/core\core.a(CDC.cpp.o)
 .data._ZL12_usbLineInfo
                0x20070060        0x8 C:\Users\Leo\AppData\Local\Temp\arduino-sketch-F75BF73B5C9C34A7FD8890C5E8D7F131/core\core.a(CDC.cpp.o)
 .data.g_interrupt_enabled
                0x20070068        0x4 C:\Users\Leo\AppData\Local\Arduino15\packages\arduino\hardware\sam\1.6.12\variants\arduino_due_x/libsam_sam3x8e_gcc_rel.a(interrupt_sam_nvic.o)
                0x20070068                g_interrupt_enabled
 *fill*         0x2007006c        0x4 
 .data.impure_data
                0x20070070      0x428 c:/users/leo/appdata/local/arduino15/packages/arduino/tools/arm-none-eabi-gcc/4.8.3-2014q1/bin/../lib/gcc/arm-none-eabi/4.8.3/../../../../arm-none-eabi/lib/armv7-m\libc.a(lib_a-impure.o)
 .data._impure_ptr
                0x20070498        0x4 c:/users/leo/appdata/local/arduino15/packages/arduino/tools/arm-none-eabi-gcc/4.8.3-2014q1/bin/../lib/gcc/arm-none-eabi/4.8.3/../../../../arm-none-eabi/lib/armv7-m\libc.a(lib_a-impure.o)
                0x20070498                _impure_ptr
 .data.lc_ctype_charset
                0x2007049c       0x20 c:/users/leo/appdata/local/arduino15/packages/arduino/tools/arm-none-eabi-gcc/4.8.3-2014q1/bin/../lib/gcc/arm-none-eabi/4.8.3/../../../../arm-none-eabi/lib/armv7-m\libc.a(lib_a-locale.o)
 .data.__mb_cur_max
                0x200704bc        0x4 c:/users/leo/appdata/local/arduino15/packages/arduino/tools/arm-none-eabi-gcc/4.8.3-2014q1/bin/../lib/gcc/arm-none-eabi/4.8.3/../../../../arm-none-eabi/lib/armv7-m\libc.a(lib_a-locale.o)
                0x200704bc                __mb_cur_max
 .data.__malloc_av_
                0x200704c0      0x408 c:/users/leo/appdata/local/arduino15/packages/arduino/tools/arm-none-eabi-gcc/4.8.3-2014q1/bin/../lib/gcc/arm-none-eabi/4.8.3/../../../../arm-none-eabi/lib/armv7-m\libc.a(lib_a-mallocr.o)
                0x200704c0                __malloc_av_
 .data.__malloc_trim_threshold
                0x200708c8        0x4 c:/users/leo/appdata/local/arduino15/packages/arduino/tools/arm-none-eabi-gcc/4.8.3-2014q1/bin/../lib/gcc/arm-none-eabi/4.8.3/../../../../arm-none-eabi/lib/armv7-m\libc.a(lib_a-mallocr.o)
                0x200708c8                __malloc_trim_threshold
 .data.__malloc_sbrk_base
                0x200708cc        0x4 c:/users/leo/appdata/local/arduino15/packages/arduino/tools/arm-none-eabi-gcc/4.8.3-2014q1/bin/../lib/gcc/arm-none-eabi/4.8.3/../../../../arm-none-eabi/lib/armv7-m\libc.a(lib_a-mallocr.o)
                0x200708cc                __malloc_sbrk_base
 .data.__wctomb
                0x200708d0        0x4 c:/users/leo/appdata/local/arduino15/packages/arduino/tools/arm-none-eabi-gcc/4.8.3-2014q1/bin/../lib/gcc/arm-none-eabi/4.8.3/../../../../arm-none-eabi/lib/armv7-m\libc.a(lib_a-wctomb_r.o)
                0x200708d0                __wctomb
                0x200708d4                . = ALIGN (0x4)
                0x200708d4                _erelocate = .

.bss            0x200708d4     0x1018 load address 0x000867a8
                0x200708d4                . = ALIGN (0x4)
                0x200708d4                _sbss = .
                0x200708d4                _szero = .
 *(.bss .bss.*)
 .bss           0x200708d4       0x1c c:/users/leo/appdata/local/arduino15/packages/arduino/tools/arm-none-eabi-gcc/4.8.3-2014q1/bin/../lib/gcc/arm-none-eabi/4.8.3/armv7-m/crtbegin.o
 .bss._ZZN15PixelControllerIL6EOrder66ELi1ELm4294967295EE21init_binary_ditheringEvE1R
                0x200708f0        0x1 C:\Users\Leo\AppData\Local\Temp\arduino-sketch-F75BF73B5C9C34A7FD8890C5E8D7F131\sketch\offDue.ino.cpp.o
                0x200708f0                PixelController<(EOrder)66, 1, 4294967295ul>::init_binary_dithering()::R
 *fill*         0x200708f1        0x3 
 .bss._ZZN8CFastLED7addLedsI7WS2812BLh21EL6EOrder66EEER14CLEDControllerP4CRGBiiE1c
                0x200708f4       0x24 C:\Users\Leo\AppData\Local\Temp\arduino-sketch-F75BF73B5C9C34A7FD8890C5E8D7F131\sketch\offDue.ino.cpp.o
                0x200708f4                CLEDController& CFastLED::addLeds<WS2812B, (unsigned char)21, (EOrder)66>(CRGB*, int, int)::c
 .bss._ZGVZN8CFastLED7addLedsI7WS2812BLh21EL6EOrder66EEER14CLEDControllerP4CRGBiiE1c
                0x20070918        0x4 C:\Users\Leo\AppData\Local\Temp\arduino-sketch-F75BF73B5C9C34A7FD8890C5E8D7F131\sketch\offDue.ino.cpp.o
                0x20070918                guard variable for CLEDController& CFastLED::addLeds<WS2812B, (unsigned char)21, (EOrder)66>(CRGB*, int, int)::c
 .bss.leds      0x2007091c      0x5a0 C:\Users\Leo\AppData\Local\Temp\arduino-sketch-F75BF73B5C9C34A7FD8890C5E8D7F131\sketch\offDue.ino.cpp.o
                0x2007091c                leds
 .bss.FastLED   0x20070ebc       0x10 C:\Users\Leo\AppData\Local\Temp\arduino-sketch-F75BF73B5C9C34A7FD8890C5E8D7F131\libraries\FastLED\FastLED.cpp.o
                0x20070ebc                FastLED
 .bss._ZN14CLEDController7m_pHeadE
                0x20070ecc        0x4 C:\Users\Leo\AppData\Local\Temp\arduino-sketch-F75BF73B5C9C34A7FD8890C5E8D7F131\libraries\FastLED\FastLED.cpp.o
                0x20070ecc                CLEDController::m_pHead
 .bss._ZZN8CFastLED8countFPSEiE2br
                0x20070ed0        0x4 C:\Users\Leo\AppData\Local\Temp\arduino-sketch-F75BF73B5C9C34A7FD8890C5E8D7F131\libraries\FastLED\FastLED.cpp.o
 .bss._ZL8lastshow
                0x20070ed4        0x4 C:\Users\Leo\AppData\Local\Temp\arduino-sketch-F75BF73B5C9C34A7FD8890C5E8D7F131\libraries\FastLED\FastLED.cpp.o
 .bss._ZZN8CFastLED8countFPSEiE9lastframe
                0x20070ed8        0x4 C:\Users\Leo\AppData\Local\Temp\arduino-sketch-F75BF73B5C9C34A7FD8890C5E8D7F131\libraries\FastLED\FastLED.cpp.o
 .bss._ZN14CLEDController7m_pTailE
                0x20070edc        0x4 C:\Users\Leo\AppData\Local\Temp\arduino-sketch-F75BF73B5C9C34A7FD8890C5E8D7F131\libraries\FastLED\FastLED.cpp.o
                0x20070edc                CLEDController::m_pTail
 .bss.tx_buffer2
                0x20070ee0       0x88 C:\Users\Leo\AppData\Local\Temp\arduino-sketch-F75BF73B5C9C34A7FD8890C5E8D7F131\core\variant.cpp.o
                0x20070ee0                tx_buffer2
 .bss.tx_buffer1
                0x20070f68       0x88 C:\Users\Leo\AppData\Local\Temp\arduino-sketch-F75BF73B5C9C34A7FD8890C5E8D7F131\core\variant.cpp.o
                0x20070f68                tx_buffer1
 .bss.Serial    0x20070ff0       0x24 C:\Users\Leo\AppData\Local\Temp\arduino-sketch-F75BF73B5C9C34A7FD8890C5E8D7F131\core\variant.cpp.o
                0x20070ff0                Serial
 .bss.rx_buffer1
                0x20071014       0x88 C:\Users\Leo\AppData\Local\Temp\arduino-sketch-F75BF73B5C9C34A7FD8890C5E8D7F131\core\variant.cpp.o
                0x20071014                rx_buffer1
 .bss.Serial1   0x2007109c       0x28 C:\Users\Leo\AppData\Local\Temp\arduino-sketch-F75BF73B5C9C34A7FD8890C5E8D7F131\core\variant.cpp.o
                0x2007109c                Serial1
 .bss.Serial2   0x200710c4       0x28 C:\Users\Leo\AppData\Local\Temp\arduino-sketch-F75BF73B5C9C34A7FD8890C5E8D7F131\core\variant.cpp.o
                0x200710c4                Serial2
 .bss.Serial3   0x200710ec       0x28 C:\Users\Leo\AppData\Local\Temp\arduino-sketch-F75BF73B5C9C34A7FD8890C5E8D7F131\core\variant.cpp.o
                0x200710ec                Serial3
 .bss.tx_buffer3
                0x20071114       0x88 C:\Users\Leo\AppData\Local\Temp\arduino-sketch-F75BF73B5C9C34A7FD8890C5E8D7F131\core\variant.cpp.o
                0x20071114                tx_buffer3
 .bss.tx_buffer4
                0x2007119c       0x88 C:\Users\Leo\AppData\Local\Temp\arduino-sketch-F75BF73B5C9C34A7FD8890C5E8D7F131\core\variant.cpp.o
                0x2007119c                tx_buffer4
 .bss.g_pinStatus
                0x20071224       0x4f C:\Users\Leo\AppData\Local\Temp\arduino-sketch-F75BF73B5C9C34A7FD8890C5E8D7F131\core\variant.cpp.o
                0x20071224                g_pinStatus
 *fill*         0x20071273        0x1 
 .bss.rx_buffer2
                0x20071274       0x88 C:\Users\Leo\AppData\Local\Temp\arduino-sketch-F75BF73B5C9C34A7FD8890C5E8D7F131\core\variant.cpp.o
                0x20071274                rx_buffer2
 .bss.rx_buffer3
                0x200712fc       0x88 C:\Users\Leo\AppData\Local\Temp\arduino-sketch-F75BF73B5C9C34A7FD8890C5E8D7F131\core\variant.cpp.o
                0x200712fc                rx_buffer3
 .bss.rx_buffer4
                0x20071384       0x88 C:\Users\Leo\AppData\Local\Temp\arduino-sketch-F75BF73B5C9C34A7FD8890C5E8D7F131\core\variant.cpp.o
                0x20071384                rx_buffer4
 .bss.gpf_isr   0x2007140c        0x4 C:\Users\Leo\AppData\Local\Arduino15\packages\arduino\hardware\sam\1.6.12\variants\arduino_due_x/libsam_sam3x8e_gcc_rel.a(uotghs.o)
                0x2007140c                gpf_isr
 .bss.callbacksPioA
                0x20071410       0x80 C:\Users\Leo\AppData\Local\Temp\arduino-sketch-F75BF73B5C9C34A7FD8890C5E8D7F131/core\core.a(WInterrupts.c.o)
 .bss.callbacksPioB
                0x20071490       0x80 C:\Users\Leo\AppData\Local\Temp\arduino-sketch-F75BF73B5C9C34A7FD8890C5E8D7F131/core\core.a(WInterrupts.c.o)
 .bss.callbacksPioC
                0x20071510       0x80 C:\Users\Leo\AppData\Local\Temp\arduino-sketch-F75BF73B5C9C34A7FD8890C5E8D7F131/core\core.a(WInterrupts.c.o)
 .bss.callbacksPioD
                0x20071590       0x80 C:\Users\Leo\AppData\Local\Temp\arduino-sketch-F75BF73B5C9C34A7FD8890C5E8D7F131/core\core.a(WInterrupts.c.o)
 .bss.heap.6420
                0x20071610        0x4 C:\Users\Leo\AppData\Local\Temp\arduino-sketch-F75BF73B5C9C34A7FD8890C5E8D7F131/core\core.a(syscalls_sam3.c.o)
 .bss._cmark    0x20071614        0x2 C:\Users\Leo\AppData\Local\Temp\arduino-sketch-F75BF73B5C9C34A7FD8890C5E8D7F131/core\core.a(USBCore.cpp.o)
                0x20071614                _cmark
 .bss._ZL14isEndpointHalt
                0x20071616        0x1 C:\Users\Leo\AppData\Local\Temp\arduino-sketch-F75BF73B5C9C34A7FD8890C5E8D7F131/core\core.a(USBCore.cpp.o)
 *fill*         0x20071617        0x1 
 .bss._cdcComposite
                0x20071618        0x4 C:\Users\Leo\AppData\Local\Temp\arduino-sketch-F75BF73B5C9C34A7FD8890C5E8D7F131/core\core.a(USBCore.cpp.o)
                0x20071618                _cdcComposite
 .bss._ZL21isRemoteWakeUpEnabled
                0x2007161c        0x1 C:\Users\Leo\AppData\Local\Temp\arduino-sketch-F75BF73B5C9C34A7FD8890C5E8D7F131/core\core.a(USBCore.cpp.o)
 *fill*         0x2007161d        0x3 
 .bss._usbInitialized
                0x20071620        0x4 C:\Users\Leo\AppData\Local\Temp\arduino-sketch-F75BF73B5C9C34A7FD8890C5E8D7F131/core\core.a(USBCore.cpp.o)
                0x20071620                _usbInitialized
 .bss.USBDevice
                0x20071624        0x1 C:\Users\Leo\AppData\Local\Temp\arduino-sketch-F75BF73B5C9C34A7FD8890C5E8D7F131/core\core.a(USBCore.cpp.o)
                0x20071624                USBDevice
 *fill*         0x20071625        0x3 
 .bss._usbSetInterface
                0x20071628        0x4 C:\Users\Leo\AppData\Local\Temp\arduino-sketch-F75BF73B5C9C34A7FD8890C5E8D7F131/core\core.a(USBCore.cpp.o)
                0x20071628                _usbSetInterface
 .bss._cend     0x2007162c        0x2 C:\Users\Leo\AppData\Local\Temp\arduino-sketch-F75BF73B5C9C34A7FD8890C5E8D7F131/core\core.a(USBCore.cpp.o)
                0x2007162c                _cend
 *fill*         0x2007162e        0x2 
 .bss._usbConfiguration
                0x20071630        0x4 C:\Users\Leo\AppData\Local\Temp\arduino-sketch-F75BF73B5C9C34A7FD8890C5E8D7F131/core\core.a(USBCore.cpp.o)
                0x20071630                _usbConfiguration
 .bss.cdc_rx_buffer
                0x20071634      0x208 C:\Users\Leo\AppData\Local\Temp\arduino-sketch-F75BF73B5C9C34A7FD8890C5E8D7F131/core\core.a(CDC.cpp.o)
                0x20071634                cdc_rx_buffer
 .bss._ZZN7Serial_6acceptEvE5guard
                0x2007183c        0x4 C:\Users\Leo\AppData\Local\Temp\arduino-sketch-F75BF73B5C9C34A7FD8890C5E8D7F131/core\core.a(CDC.cpp.o)
 .bss.SerialUSB
                0x20071840       0x14 C:\Users\Leo\AppData\Local\Temp\arduino-sketch-F75BF73B5C9C34A7FD8890C5E8D7F131/core\core.a(CDC.cpp.o)
                0x20071840                SerialUSB
 .bss._ZZ12PluggableUSBvE3obj
                0x20071854        0x8 C:\Users\Leo\AppData\Local\Temp\arduino-sketch-F75BF73B5C9C34A7FD8890C5E8D7F131/core\core.a(PluggableUSB.cpp.o)
 .bss._ZGVZ12PluggableUSBvE3obj
                0x2007185c        0x4 C:\Users\Leo\AppData\Local\Temp\arduino-sketch-F75BF73B5C9C34A7FD8890C5E8D7F131/core\core.a(PluggableUSB.cpp.o)
 .bss._dwTickCount
                0x20071860        0x4 C:\Users\Leo\AppData\Local\Arduino15\packages\arduino\hardware\sam\1.6.12\variants\arduino_due_x/libsam_sam3x8e_gcc_rel.a(timetick.o)
 .bss.ul_recv_fifo_ptr
                0x20071864       0x28 C:\Users\Leo\AppData\Local\Arduino15\packages\arduino\hardware\sam\1.6.12\variants\arduino_due_x/libsam_sam3x8e_gcc_rel.a(uotghs_device.o)
 .bss.ul_send_fifo_ptr
                0x2007188c       0x28 C:\Users\Leo\AppData\Local\Arduino15\packages\arduino\hardware\sam\1.6.12\variants\arduino_due_x/libsam_sam3x8e_gcc_rel.a(uotghs_device.o)
 .bss.__malloc_max_total_mem
                0x200718b4        0x4 c:/users/leo/appdata/local/arduino15/packages/arduino/tools/arm-none-eabi-gcc/4.8.3-2014q1/bin/../lib/gcc/arm-none-eabi/4.8.3/../../../../arm-none-eabi/lib/armv7-m\libc.a(lib_a-mallocr.o)
                0x200718b4                __malloc_max_total_mem
 .bss.__malloc_max_sbrked_mem
                0x200718b8        0x4 c:/users/leo/appdata/local/arduino15/packages/arduino/tools/arm-none-eabi-gcc/4.8.3-2014q1/bin/../lib/gcc/arm-none-eabi/4.8.3/../../../../arm-none-eabi/lib/armv7-m\libc.a(lib_a-mallocr.o)
                0x200718b8                __malloc_max_sbrked_mem
 .bss.__malloc_top_pad
                0x200718bc        0x4 c:/users/leo/appdata/local/arduino15/packages/arduino/tools/arm-none-eabi-gcc/4.8.3-2014q1/bin/../lib/gcc/arm-none-eabi/4.8.3/../../../../arm-none-eabi/lib/armv7-m\libc.a(lib_a-mallocr.o)
                0x200718bc                __malloc_top_pad
 .bss.__malloc_current_mallinfo
                0x200718c0       0x28 c:/users/leo/appdata/local/arduino15/packages/arduino/tools/arm-none-eabi-gcc/4.8.3-2014q1/bin/../lib/gcc/arm-none-eabi/4.8.3/../../../../arm-none-eabi/lib/armv7-m\libc.a(lib_a-mallocr.o)
                0x200718c0                __malloc_current_mallinfo
 *(COMMON)
 COMMON         0x200718e8        0x4 c:/users/leo/appdata/local/arduino15/packages/arduino/tools/arm-none-eabi-gcc/4.8.3-2014q1/bin/../lib/gcc/arm-none-eabi/4.8.3/../../../../arm-none-eabi/lib/armv7-m\libc.a(lib_a-reent.o)
                0x200718e8                errno
                0x200718ec                . = ALIGN (0x4)
                0x200718ec                _ebss = .
                0x200718ec                _ezero = .
                0x200718ec                . = ALIGN (0x4)
                0x200718ec                _end = .

.stack_dummy    0x200718ec        0x0
 *(.stack*)
                0x20088000                __StackTop = (ORIGIN (ram) + 0x18000)
                0x20088000                __StackLimit = (__StackTop - SIZEOF (.stack_dummy))
                0x20088000                PROVIDE (_sstack, __StackLimit)
                0x20088000                PROVIDE (_estack, __StackTop)
OUTPUT(C:\Users\Leo\AppData\Local\Temp\arduino-sketch-F75BF73B5C9C34A7FD8890C5E8D7F131/offDue.ino.elf elf32-littlearm)

.ARM.attributes
                0x00000000       0x29
 .ARM.attributes
                0x00000000       0x1d c:/users/leo/appdata/local/arduino15/packages/arduino/tools/arm-none-eabi-gcc/4.8.3-2014q1/bin/../lib/gcc/arm-none-eabi/4.8.3/armv7-m/crti.o
 .ARM.attributes
                0x0000001d       0x2d c:/users/leo/appdata/local/arduino15/packages/arduino/tools/arm-none-eabi-gcc/4.8.3-2014q1/bin/../lib/gcc/arm-none-eabi/4.8.3/armv7-m/crtbegin.o
 .ARM.attributes
                0x0000004a       0x33 C:\Users\Leo\AppData\Local\Temp\arduino-sketch-F75BF73B5C9C34A7FD8890C5E8D7F131\sketch\offDue.ino.cpp.o
 .ARM.attributes
                0x0000007d       0x33 C:\Users\Leo\AppData\Local\Temp\arduino-sketch-F75BF73B5C9C34A7FD8890C5E8D7F131\libraries\FastLED\FastLED.cpp.o
 .ARM.attributes
                0x000000b0       0x33 C:\Users\Leo\AppData\Local\Temp\arduino-sketch-F75BF73B5C9C34A7FD8890C5E8D7F131\core\variant.cpp.o
 .ARM.attributes
                0x000000e3       0x33 C:\Users\Leo\AppData\Local\Arduino15\packages\arduino\hardware\sam\1.6.12\variants\arduino_due_x/libsam_sam3x8e_gcc_rel.a(pio.o)
 .ARM.attributes
                0x00000116       0x33 C:\Users\Leo\AppData\Local\Arduino15\packages\arduino\hardware\sam\1.6.12\variants\arduino_due_x/libsam_sam3x8e_gcc_rel.a(pmc.o)
 .ARM.attributes
                0x00000149       0x33 C:\Users\Leo\AppData\Local\Arduino15\packages\arduino\hardware\sam\1.6.12\variants\arduino_due_x/libsam_sam3x8e_gcc_rel.a(tc.o)
 .ARM.attributes
                0x0000017c       0x33 C:\Users\Leo\AppData\Local\Arduino15\packages\arduino\hardware\sam\1.6.12\variants\arduino_due_x/libsam_sam3x8e_gcc_rel.a(system_sam3xa.o)
 .ARM.attributes
                0x000001af       0x33 C:\Users\Leo\AppData\Local\Arduino15\packages\arduino\hardware\sam\1.6.12\variants\arduino_due_x/libsam_sam3x8e_gcc_rel.a(startup_sam3xa.o)
 .ARM.attributes
                0x000001e2       0x33 C:\Users\Leo\AppData\Local\Arduino15\packages\arduino\hardware\sam\1.6.12\variants\arduino_due_x/libsam_sam3x8e_gcc_rel.a(adc.o)
 .ARM.attributes
                0x00000215       0x33 C:\Users\Leo\AppData\Local\Arduino15\packages\arduino\hardware\sam\1.6.12\variants\arduino_due_x/libsam_sam3x8e_gcc_rel.a(uotghs.o)
 .ARM.attributes
                0x00000248       0x33 C:\Users\Leo\AppData\Local\Temp\arduino-sketch-F75BF73B5C9C34A7FD8890C5E8D7F131/core\core.a(WInterrupts.c.o)
 .ARM.attributes
                0x0000027b       0x33 C:\Users\Leo\AppData\Local\Temp\arduino-sketch-F75BF73B5C9C34A7FD8890C5E8D7F131/core\core.a(cortex_handlers.c.o)
 .ARM.attributes
                0x000002ae       0x33 C:\Users\Leo\AppData\Local\Temp\arduino-sketch-F75BF73B5C9C34A7FD8890C5E8D7F131/core\core.a(hooks.c.o)
 .ARM.attributes
                0x000002e1       0x33 C:\Users\Leo\AppData\Local\Temp\arduino-sketch-F75BF73B5C9C34A7FD8890C5E8D7F131/core\core.a(syscalls_sam3.c.o)
 .ARM.attributes
                0x00000314       0x33 C:\Users\Leo\AppData\Local\Temp\arduino-sketch-F75BF73B5C9C34A7FD8890C5E8D7F131/core\core.a(wiring.c.o)
 .ARM.attributes
                0x00000347       0x33 C:\Users\Leo\AppData\Local\Temp\arduino-sketch-F75BF73B5C9C34A7FD8890C5E8D7F131/core\core.a(wiring_analog.c.o)
 .ARM.attributes