Archive member included because of file (symbol)

C:\Users\Leo\AppData\Local\Arduino15\packages\arduino\hardware\sam\1.6.12\variants\arduino_due_x/libsam_sam3x8e_gcc_rel.a(pio.o)
                              C:\Users\Leo\AppData\Local\Temp\arduino-sketch-FD7D33FDE98F2A839A33FB512B979A54\core\variant.cpp.o (PIO_Configure)
C:\Users\Leo\AppData\Local\Arduino15\packages\arduino\hardware\sam\1.6.12\variants\arduino_due_x/libsam_sam3x8e_gcc_rel.a(pmc.o)
                              C:\Users\Leo\AppData\Local\Temp\arduino-sketch-FD7D33FDE98F2A839A33FB512B979A54\sketch\sunriseRealDue.ino.cpp.o (pmc_enable_periph_clk)
C:\Users\Leo\AppData\Local\Arduino15\packages\arduino\hardware\sam\1.6.12\variants\arduino_due_x/libsam_sam3x8e_gcc_rel.a(tc.o)
                              C:\Users\Leo\AppData\Local\Temp\arduino-sketch-FD7D33FDE98F2A839A33FB512B979A54\sketch\sunriseRealDue.ino.cpp.o (TC_Configure)
C:\Users\Leo\AppData\Local\Arduino15\packages\arduino\hardware\sam\1.6.12\variants\arduino_due_x/libsam_sam3x8e_gcc_rel.a(system_sam3xa.o)
                              C:\Users\Leo\AppData\Local\Temp\arduino-sketch-FD7D33FDE98F2A839A33FB512B979A54\core\variant.cpp.o (SystemInit)
C:\Users\Leo\AppData\Local\Arduino15\packages\arduino\hardware\sam\1.6.12\variants\arduino_due_x/libsam_sam3x8e_gcc_rel.a(startup_sam3xa.o)
                              (Reset_Handler)
C:\Users\Leo\AppData\Local\Arduino15\packages\arduino\hardware\sam\1.6.12\variants\arduino_due_x/libsam_sam3x8e_gcc_rel.a(adc.o)
                              C:\Users\Leo\AppData\Local\Temp\arduino-sketch-FD7D33FDE98F2A839A33FB512B979A54\core\variant.cpp.o (adc_init)
C:\Users\Leo\AppData\Local\Arduino15\packages\arduino\hardware\sam\1.6.12\variants\arduino_due_x/libsam_sam3x8e_gcc_rel.a(uotghs.o)
                              C:\Users\Leo\AppData\Local\Arduino15\packages\arduino\hardware\sam\1.6.12\variants\arduino_due_x/libsam_sam3x8e_gcc_rel.a(startup_sam3xa.o) (UOTGHS_Handler)
C:\Users\Leo\AppData\Local\Temp\arduino-sketch-FD7D33FDE98F2A839A33FB512B979A54/..\arduino-core-cache\core_arduino_sam_arduino_due_x_dbg_b83292a7f641aea99c65ab6c0fd050e8.a(WInterrupts.c.o)
                              C:\Users\Leo\AppData\Local\Arduino15\packages\arduino\hardware\sam\1.6.12\variants\arduino_due_x/libsam_sam3x8e_gcc_rel.a(startup_sam3xa.o) (PIOA_Handler)
C:\Users\Leo\AppData\Local\Temp\arduino-sketch-FD7D33FDE98F2A839A33FB512B979A54/..\arduino-core-cache\core_arduino_sam_arduino_due_x_dbg_b83292a7f641aea99c65ab6c0fd050e8.a(cortex_handlers.c.o)
                              C:\Users\Leo\AppData\Local\Arduino15\packages\arduino\hardware\sam\1.6.12\variants\arduino_due_x/libsam_sam3x8e_gcc_rel.a(startup_sam3xa.o) (NMI_Handler)
C:\Users\Leo\AppData\Local\Temp\arduino-sketch-FD7D33FDE98F2A839A33FB512B979A54/..\arduino-core-cache\core_arduino_sam_arduino_due_x_dbg_b83292a7f641aea99c65ab6c0fd050e8.a(hooks.c.o)
                              C:\Users\Leo\AppData\Local\Temp\arduino-sketch-FD7D33FDE98F2A839A33FB512B979A54\libraries\FastLED\FastLED.cpp.o (yield)
C:\Users\Leo\AppData\Local\Temp\arduino-sketch-FD7D33FDE98F2A839A33FB512B979A54/..\arduino-core-cache\core_arduino_sam_arduino_due_x_dbg_b83292a7f641aea99c65ab6c0fd050e8.a(syscalls_sam3.c.o)
                              (_sbrk)
C:\Users\Leo\AppData\Local\Temp\arduino-sketch-FD7D33FDE98F2A839A33FB512B979A54/..\arduino-core-cache\core_arduino_sam_arduino_due_x_dbg_b83292a7f641aea99c65ab6c0fd050e8.a(wiring.c.o)
                              C:\Users\Leo\AppData\Local\Temp\arduino-sketch-FD7D33FDE98F2A839A33FB512B979A54\libraries\FastLED\FastLED.cpp.o (millis)
C:\Users\Leo\AppData\Local\Temp\arduino-sketch-FD7D33FDE98F2A839A33FB512B979A54/..\arduino-core-cache\core_arduino_sam_arduino_due_x_dbg_b83292a7f641aea99c65ab6c0fd050e8.a(wiring_analog.c.o)
                              C:\Users\Leo\AppData\Local\Temp\arduino-sketch-FD7D33FDE98F2A839A33FB512B979A54\core\variant.cpp.o (analogOutputInit)
C:\Users\Leo\AppData\Local\Temp\arduino-sketch-FD7D33FDE98F2A839A33FB512B979A54/..\arduino-core-cache\core_arduino_sam_arduino_due_x_dbg_b83292a7f641aea99c65ab6c0fd050e8.a(wiring_digital.c.o)
                              C:\Users\Leo\AppData\Local\Temp\arduino-sketch-FD7D33FDE98F2A839A33FB512B979A54\sketch\sunriseRealDue.ino.cpp.o (pinMode)
C:\Users\Leo\AppData\Local\Temp\arduino-sketch-FD7D33FDE98F2A839A33FB512B979A54/..\arduino-core-cache\core_arduino_sam_arduino_due_x_dbg_b83292a7f641aea99c65ab6c0fd050e8.a(Reset.cpp.o)
                              C:\Users\Leo\AppData\Local\Temp\arduino-sketch-FD7D33FDE98F2A839A33FB512B979A54/..\arduino-core-cache\core_arduino_sam_arduino_due_x_dbg_b83292a7f641aea99c65ab6c0fd050e8.a(cortex_handlers.c.o) (tickReset)
C:\Users\Leo\AppData\Local\Temp\arduino-sketch-FD7D33FDE98F2A839A33FB512B979A54/..\arduino-core-cache\core_arduino_sam_arduino_due_x_dbg_b83292a7f641aea99c65ab6c0fd050e8.a(RingBuffer.cpp.o)
[...]
Memory Configuration

Name             Origin             Length             Attributes
rom              0x00080000         0x00080000         xr
sram0            0x20000000         0x00010000         xrw
sram1            0x20080000         0x00008000         xrw
ram              0x20070000         0x00018000         xrw
*default*        0x00000000         0xffffffff

Linker script and memory map

LOAD c:/users/leo/appdata/local/arduino15/packages/arduino/tools/arm-none-eabi-gcc/4.8.3-2014q1/bin/../lib/gcc/arm-none-eabi/4.8.3/armv7-m/crti.o
LOAD c:/users/leo/appdata/local/arduino15/packages/arduino/tools/arm-none-eabi-gcc/4.8.3-2014q1/bin/../lib/gcc/arm-none-eabi/4.8.3/armv7-m/crtbegin.o
LOAD c:/users/leo/appdata/local/arduino15/packages/arduino/tools/arm-none-eabi-gcc/4.8.3-2014q1/bin/../lib/gcc/arm-none-eabi/4.8.3/../../../../arm-none-eabi/lib/armv7-m/crt0.o
START GROUP
LOAD C:\Users\Leo\AppData\Local\Temp\arduino-sketch-FD7D33FDE98F2A839A33FB512B979A54\sketch\sunriseRealDue.ino.cpp.o
LOAD C:\Users\Leo\AppData\Local\Temp\arduino-sketch-FD7D33FDE98F2A839A33FB512B979A54\libraries\FastLED\FastLED.cpp.o
LOAD C:\Users\Leo\AppData\Local\Temp\arduino-sketch-FD7D33FDE98F2A839A33FB512B979A54\libraries\FastLED\bitswap.cpp.o
LOAD C:\Users\Leo\AppData\Local\Temp\arduino-sketch-FD7D33FDE98F2A839A33FB512B979A54\libraries\FastLED\colorpalettes.cpp.o
LOAD C:\Users\Leo\AppData\Local\Temp\arduino-sketch-FD7D33FDE98F2A839A33FB512B979A54\libraries\FastLED\colorutils.cpp.o
LOAD C:\Users\Leo\AppData\Local\Temp\arduino-sketch-FD7D33FDE98F2A839A33FB512B979A54\libraries\FastLED\hsv2rgb.cpp.o
LOAD C:\Users\Leo\AppData\Local\Temp\arduino-sketch-FD7D33FDE98F2A839A33FB512B979A54\libraries\FastLED\lib8tion.cpp.o
LOAD C:\Users\Leo\AppData\Local\Temp\arduino-sketch-FD7D33FDE98F2A839A33FB512B979A54\libraries\FastLED\noise.cpp.o
LOAD C:\Users\Leo\AppData\Local\Temp\arduino-sketch-FD7D33FDE98F2A839A33FB512B979A54\libraries\FastLED\platforms.cpp.o
LOAD C:\Users\Leo\AppData\Local\Temp\arduino-sketch-FD7D33FDE98F2A839A33FB512B979A54\libraries\FastLED\power_mgt.cpp.o
LOAD C:\Users\Leo\AppData\Local\Temp\arduino-sketch-FD7D33FDE98F2A839A33FB512B979A54\libraries\FastLED\wiring.cpp.o
LOAD C:\Users\Leo\AppData\Local\Temp\arduino-sketch-FD7D33FDE98F2A839A33FB512B979A54\core\variant.cpp.o
LOAD C:\Users\Leo\AppData\Local\Arduino15\packages\arduino\hardware\sam\1.6.12\variants\arduino_due_x/libsam_sam3x8e_gcc_rel.a
LOAD C:\Users\Leo\AppData\Local\Temp\arduino-sketch-FD7D33FDE98F2A839A33FB512B979A54/..\arduino-core-cache\core_arduino_sam_arduino_due_x_dbg_b83292a7f641aea99c65ab6c0fd050e8.a
END GROUP
LOAD c:/users/leo/appdata/local/arduino15/packages/arduino/tools/arm-none-eabi-gcc/4.8.3-2014q1/bin/../lib/gcc/arm-none-eabi/4.8.3/../../../../arm-none-eabi/lib/armv7-m\libm.a
LOAD c:/users/leo/appdata/local/arduino15/packages/arduino/tools/arm-none-eabi-gcc/4.8.3-2014q1/bin/../lib/gcc/arm-none-eabi/4.8.3/armv7-m\libgcc.a
START GROUP
LOAD c:/users/leo/appdata/local/arduino15/packages/arduino/tools/arm-none-eabi-gcc/4.8.3-2014q1/bin/../lib/gcc/arm-none-eabi/4.8.3/armv7-m\libgcc.a
LOAD c:/users/leo/appdata/local/arduino15/packages/arduino/tools/arm-none-eabi-gcc/4.8.3-2014q1/bin/../lib/gcc/arm-none-eabi/4.8.3/../../../../arm-none-eabi/lib/armv7-m\libc.a
END GROUP
LOAD c:/users/leo/appdata/local/arduino15/packages/arduino/tools/arm-none-eabi-gcc/4.8.3-2014q1/bin/../lib/gcc/arm-none-eabi/4.8.3/armv7-m/crtend.o
LOAD c:/users/leo/appdata/local/arduino15/packages/arduino/tools/arm-none-eabi-gcc/4.8.3-2014q1/bin/../lib/gcc/arm-none-eabi/4.8.3/armv7-m/crtn.o

.text           0x00080000     0x61b0
                0x00080000                . = ALIGN (0x4)
                0x00080000                _sfixed = .
 *(.vectors .vectors.*)
 .vectors       0x00080000       0xf4 C:\Users\Leo\AppData\Local\Arduino15\packages\arduino\hardware\sam\1.6.12\variants\arduino_due_x/libsam_sam3x8e_gcc_rel.a(startup_sam3xa.o)
                0x00080000                exception_table
 *(.text .text.* .gnu.linkonce.t.*)
 .text          0x000800f4       0x54 c:/users/leo/appdata/local/arduino15/packages/arduino/tools/arm-none-eabi-gcc/4.8.3-2014q1/bin/../lib/gcc/arm-none-eabi/4.8.3/armv7-m/crtbegin.o
 .text._ZN14CLEDController4sizeEv
                0x00080148        0x4 C:\Users\Leo\AppData\Local\Temp\arduino-sketch-FD7D33FDE98F2A839A33FB512B979A54\sketch\sunriseRealDue.ino.cpp.o
                0x00080148                CLEDController::size()
 .text._ZN14CLEDController9clearLedsEi
                0x0008014c       0x2c C:\Users\Leo\AppData\Local\Temp\arduino-sketch-FD7D33FDE98F2A839A33FB512B979A54\sketch\sunriseRealDue.ino.cpp.o
                0x0008014c                CLEDController::clearLeds(int)
 .text._ZNK19ClocklessControllerILh21ELi21ELi53ELi32EL6EOrder66ELi0ELb0ELi50EE17getMaxRefreshRateEv
                0x00080178        0x6 C:\Users\Leo\AppData\Local\Temp\arduino-sketch-FD7D33FDE98F2A839A33FB512B979A54\sketch\sunriseRealDue.ino.cpp.o
                0x00080178                ClocklessController<(unsigned char)21, 21, 53, 32, (EOrder)66, 0, false, 50>::getMaxRefreshRate() const
 *fill*         0x0008017e        0x2 
 .text._ZN19ClocklessControllerILh21ELi21ELi53ELi32EL6EOrder66ELi0ELb0ELi50EE4initEv
                0x00080180       0x1c C:\Users\Leo\AppData\Local\Temp\arduino-sketch-FD7D33FDE98F2A839A33FB512B979A54\sketch\sunriseRealDue.ino.cpp.o
                0x00080180                ClocklessController<(unsigned char)21, 21, 53, 32, (EOrder)66, 0, false, 50>::init()
 .text._ZN13CRGBPalette16aSEPKh
                0x0008019c       0xba C:\Users\Leo\AppData\Local\Temp\arduino-sketch-FD7D33FDE98F2A839A33FB512B979A54\sketch\sunriseRealDue.ino.cpp.o
                0x0008019c                CRGBPalette16::operator=(unsigned char const*)
 *fill*         0x00080256        0x2 
 .text.setup    0x00080258       0x9c C:\Users\Leo\AppData\Local\Temp\arduino-sketch-FD7D33FDE98F2A839A33FB512B979A54\sketch\sunriseRealDue.ino.cpp.o
                0x00080258                setup
 .text._Z25FillLEDsFromPaletteColorsh
                0x000802f4       0x44 C:\Users\Leo\AppData\Local\Temp\arduino-sketch-FD7D33FDE98F2A839A33FB512B979A54\sketch\sunriseRealDue.ino.cpp.o
                0x000802f4                FillLEDsFromPaletteColors(unsigned char)
 .text.loop     0x00080338       0x30 C:\Users\Leo\AppData\Local\Temp\arduino-sketch-FD7D33FDE98F2A839A33FB512B979A54\sketch\sunriseRealDue.ino.cpp.o
                0x00080338                loop
 .text._ZN19ClocklessControllerILh21ELi21ELi53ELi32EL6EOrder66ELi0ELb0ELi50EE15showRGBInternalE15PixelControllerILS0_66ELi1ELm4294967295EE
                0x00080368      0x1d8 C:\Users\Leo\AppData\Local\Temp\arduino-sketch-FD7D33FDE98F2A839A33FB512B979A54\sketch\sunriseRealDue.ino.cpp.o
                0x00080368                ClocklessController<(unsigned char)21, 21, 53, 32, (EOrder)66, 0, false, 50>::showRGBInternal(PixelController<(EOrder)66, 1, 4294967295ul>)
 .text._ZN15PixelControllerIL6EOrder66ELi1ELm4294967295EEC2ERKS1_
                0x00080540       0x38 C:\Users\Leo\AppData\Local\Temp\arduino-sketch-FD7D33FDE98F2A839A33FB512B979A54\sketch\sunriseRealDue.ino.cpp.o
                0x00080540                PixelController<(EOrder)66, 1, 4294967295ul>::PixelController(PixelController<(EOrder)66, 1, 4294967295ul> const&)
                0x00080540                PixelController<(EOrder)66, 1, 4294967295ul>::PixelController(PixelController<(EOrder)66, 1, 4294967295ul> const&)
 .text._ZN19ClocklessControllerILh21ELi21ELi53ELi32EL6EOrder66ELi0ELb0ELi50EE10showPixelsER15PixelControllerILS0_66ELi1ELm4294967295EE
                0x00080578       0x50 C:\Users\Leo\AppData\Local\Temp\arduino-sketch-FD7D33FDE98F2A839A33FB512B979A54\sketch\sunriseRealDue.ino.cpp.o
                0x00080578                ClocklessController<(unsigned char)21, 21, 53, 32, (EOrder)66, 0, false, 50>::showPixels(PixelController<(EOrder)66, 1, 4294967295ul>&)
 .text._ZN15PixelControllerIL6EOrder66ELi1ELm4294967295EE11initOffsetsEi
                0x000805c8        0x6 C:\Users\Leo\AppData\Local\Temp\arduino-sketch-FD7D33FDE98F2A839A33FB512B979A54\sketch\sunriseRealDue.ino.cpp.o
                0x000805c8                PixelController<(EOrder)66, 1, 4294967295ul>::initOffsets(int)
 *fill*         0x000805ce        0x2 
 .text._ZN15PixelControllerIL6EOrder66ELi1ELm4294967295EE21init_binary_ditheringEv
                0x000805d0       0x68 C:\Users\Leo\AppData\Local\Temp\arduino-sketch-FD7D33FDE98F2A839A33FB512B979A54\sketch\sunriseRealDue.ino.cpp.o
                0x000805d0                PixelController<(EOrder)66, 1, 4294967295ul>::init_binary_dithering()
 .text._ZN19CPixelLEDControllerIL6EOrder66ELi1ELm4294967295EE9showColorERK4CRGBiS2_
                0x00080638       0x64 C:\Users\Leo\AppData\Local\Temp\arduino-sketch-FD7D33FDE98F2A839A33FB512B979A54\sketch\sunriseRealDue.ino.cpp.o
                0x00080638                CPixelLEDController<(EOrder)66, 1, 4294967295ul>::showColor(CRGB const&, int, CRGB)
 .text._ZN19CPixelLEDControllerIL6EOrder66ELi1ELm4294967295EE4showEPK4CRGBiS2_
                0x0008069c       0x64 C:\Users\Leo\AppData\Local\Temp\arduino-sketch-FD7D33FDE98F2A839A33FB512B979A54\sketch\sunriseRealDue.ino.cpp.o
                0x0008069c                CPixelLEDController<(EOrder)66, 1, 4294967295ul>::show(CRGB const*, int, CRGB)
 .text.startup._GLOBAL__sub_I_leds
                0x00080700       0x14 C:\Users\Leo\AppData\Local\Temp\arduino-sketch-FD7D33FDE98F2A839A33FB512B979A54\sketch\sunriseRealDue.ino.cpp.o
 .text._ZN14CLEDController13getAdjustmentEh
                0x00080714       0x30 C:\Users\Leo\AppData\Local\Temp\arduino-sketch-FD7D33FDE98F2A839A33FB512B979A54\libraries\FastLED\FastLED.cpp.o
                0x00080714                CLEDController::getAdjustment(unsigned char)
 .text._ZN8CFastLED8countFPSEi
                0x00080744       0x40 C:\Users\Leo\AppData\Local\Temp\arduino-sketch-FD7D33FDE98F2A839A33FB512B979A54\libraries\FastLED\FastLED.cpp.o
                0x00080744                CFastLED::countFPS(int)
 .text._ZN8CFastLED4showEh
                0x00080784       0x80 C:\Users\Leo\AppData\Local\Temp\arduino-sketch-FD7D33FDE98F2A839A33FB512B979A54\libraries\FastLED\FastLED.cpp.o
                0x00080784                CFastLED::show(unsigned char)
 .text._ZN8CFastLED5delayEm
                0x00080804       0x24 C:\Users\Leo\AppData\Local\Temp\arduino-sketch-FD7D33FDE98F2A839A33FB512B979A54\libraries\FastLED\FastLED.cpp.o
                0x00080804                CFastLED::delay(unsigned long)
 .text._ZN8CFastLED17setMaxRefreshRateEtb
                0x00080828       0x28 C:\Users\Leo\AppData\Local\Temp\arduino-sketch-FD7D33FDE98F2A839A33FB512B979A54\libraries\FastLED\FastLED.cpp.o
                0x00080828                CFastLED::setMaxRefreshRate(unsigned short, bool)
 .text._ZN8CFastLED7addLedsEP14CLEDControllerP4CRGBii
                0x00080850       0x3c C:\Users\Leo\AppData\Local\Temp\arduino-sketch-FD7D33FDE98F2A839A33FB512B979A54\libraries\FastLED\FastLED.cpp.o
                0x00080850                CFastLED::addLeds(CLEDController*, CRGB*, int, int)
 .text.atexit   0x0008088c        0x4 C:\Users\Leo\AppData\Local\Temp\arduino-sketch-FD7D33FDE98F2A839A33FB512B979A54\libraries\FastLED\FastLED.cpp.o
                0x0008088c                atexit
 .text.startup._GLOBAL__sub_I_fuckit
                0x00080890       0x18 C:\Users\Leo\AppData\Local\Temp\arduino-sketch-FD7D33FDE98F2A839A33FB512B979A54\libraries\FastLED\FastLED.cpp.o
 .text._Z17fill_gradient_RGBP4CRGBtS_tS_
                0x000808a8       0xca C:\Users\Leo\AppData\Local\Temp\arduino-sketch-FD7D33FDE98F2A839A33FB512B979A54\libraries\FastLED\colorutils.cpp.o
                0x000808a8                fill_gradient_RGB(CRGB*, unsigned short, CRGB, unsigned short, CRGB)
 .text._Z16ColorFromPaletteRK13CRGBPalette16hh10TBlendType
                0x00080972       0xb0 C:\Users\Leo\AppData\Local\Temp\arduino-sketch-FD7D33FDE98F2A839A33FB512B979A54\libraries\FastLED\colorutils.cpp.o
                0x00080972                ColorFromPalette(CRGBPalette16 const&, unsigned char, unsigned char, TBlendType)
 .text._Z27calculate_unscaled_power_mWPK4CRGBt
                0x00080a22       0x3e C:\Users\Leo\AppData\Local\Temp\arduino-sketch-FD7D33FDE98F2A839A33FB512B979A54\libraries\FastLED\power_mgt.cpp.o
                0x00080a22                calculate_unscaled_power_mW(CRGB const*, unsigned short)
 .text._Z37calculate_max_brightness_for_power_mWhm
                0x00080a60       0x8c C:\Users\Leo\AppData\Local\Temp\arduino-sketch-FD7D33FDE98F2A839A33FB512B979A54\libraries\FastLED\power_mgt.cpp.o
                0x00080a60                calculate_max_brightness_for_power_mW(unsigned char, unsigned long)
 .text._Z11serialEventv
                0x00080aec        0x2 C:\Users\Leo\AppData\Local\Temp\arduino-sketch-FD7D33FDE98F2A839A33FB512B979A54\core\variant.cpp.o
                0x00080aec                serialEvent()
 *fill*         0x00080aee        0x2 
 .text.UART_Handler
                0x00080af0        0xc C:\Users\Leo\AppData\Local\Temp\arduino-sketch-FD7D33FDE98F2A839A33FB512B979A54\core\variant.cpp.o
                0x00080af0                UART_Handler
 .text._Z12serialEvent1v
                0x00080afc        0x2 C:\Users\Leo\AppData\Local\Temp\arduino-sketch-FD7D33FDE98F2A839A33FB512B979A54\core\variant.cpp.o
                0x00080afc                serialEvent1()
 .text._Z12serialEvent2v
                0x00080afe        0x2 C:\Users\Leo\AppData\Local\Temp\arduino-sketch-FD7D33FDE98F2A839A33FB512B979A54\core\variant.cpp.o
                0x00080afe                serialEvent2()
 .text._Z12serialEvent3v
                0x00080b00        0x2 C:\Users\Leo\AppData\Local\Temp\arduino-sketch-FD7D33FDE98F2A839A33FB512B979A54\core\variant.cpp.o
                0x00080b00                serialEvent3()
 *fill*         0x00080b02        0x2 
 .text.USART0_Handler
                0x00080b04        0xc C:\Users\Leo\AppData\Local\Temp\arduino-sketch-FD7D33FDE98F2A839A33FB512B979A54\core\variant.cpp.o
                0x00080b04                USART0_Handler
 .text.USART1_Handler
                0x00080b10        0xc C:\Users\Leo\AppData\Local\Temp\arduino-sketch-FD7D33FDE98F2A839A33FB512B979A54\core\variant.cpp.o
                0x00080b10                USART1_Handler
 .text.USART3_Handler
                0x00080b1c        0xc C:\Users\Leo\AppData\Local\Temp\arduino-sketch-FD7D33FDE98F2A839A33FB512B979A54\core\variant.cpp.o
                0x00080b1c                USART3_Handler
 .text.init     0x00080b28      0x128 C:\Users\Leo\AppData\Local\Temp\arduino-sketch-FD7D33FDE98F2A839A33FB512B979A54\core\variant.cpp.o
                0x00080b28                init
 .text.startup._GLOBAL__sub_I_g_APinDescription
                0x00080c50       0xd4 C:\Users\Leo\AppData\Local\Temp\arduino-sketch-FD7D33FDE98F2A839A33FB512B979A54\core\variant.cpp.o
 .text._Z14serialEventRunv
                0x00080d24       0x44 C:\Users\Leo\AppData\Local\Temp\arduino-sketch-FD7D33FDE98F2A839A33FB512B979A54\core\variant.cpp.o
                0x00080d24                serialEventRun()
 .text.PIO_PullUp
                0x00080d68        0xa C:\Users\Leo\AppData\Local\Arduino15\packages\arduino\hardware\sam\1.6.12\variants\arduino_due_x/libsam_sam3x8e_gcc_rel.a(pio.o)
                0x00080d68                PIO_PullUp
 .text.PIO_SetPeripheral
                0x00080d72       0x26 C:\Users\Leo\AppData\Local\Arduino15\packages\arduino\hardware\sam\1.6.12\variants\arduino_due_x/libsam_sam3x8e_gcc_rel.a(pio.o)
                0x00080d72                PIO_SetPeripheral
 .text.PIO_SetInput
                0x00080d98       0x26 C:\Users\Leo\AppData\Local\Arduino15\packages\arduino\hardware\sam\1.6.12\variants\arduino_due_x/libsam_sam3x8e_gcc_rel.a(pio.o)
                0x00080d98                PIO_SetInput
 .text.PIO_SetOutput
                0x00080dbe       0x24 C:\Users\Leo\AppData\Local\Arduino15\packages\arduino\hardware\sam\1.6.12\variants\arduino_due_x/libsam_sam3x8e_gcc_rel.a(pio.o)
                0x00080dbe                PIO_SetOutput
 *fill*         0x00080de2        0x2 
 .text.PIO_Configure
                0x00080de4       0x64 C:\Users\Leo\AppData\Local\Arduino15\packages\arduino\hardware\sam\1.6.12\variants\arduino_due_x/libsam_sam3x8e_gcc_rel.a(pio.o)
                0x00080de4                PIO_Configure
 .text.PIO_GetOutputDataStatus
                0x00080e48       0x14 C:\Users\Leo\AppData\Local\Arduino15\packages\arduino\hardware\sam\1.6.12\variants\arduino_due_x/libsam_sam3x8e_gcc_rel.a(pio.o)
                0x00080e48                PIO_GetOutputDataStatus
 .text.pmc_enable_upll_clock
                0x00080e5c       0x14 C:\Users\Leo\AppData\Local\Arduino15\packages\arduino\hardware\sam\1.6.12\variants\arduino_due_x/libsam_sam3x8e_gcc_rel.a(pmc.o)
                0x00080e5c                pmc_enable_upll_clock
 .text.pmc_enable_periph_clk
                0x00080e70       0x44 C:\Users\Leo\AppData\Local\Arduino15\packages\arduino\hardware\sam\1.6.12\variants\arduino_due_x/libsam_sam3x8e_gcc_rel.a(pmc.o)
                0x00080e70                pmc_enable_periph_clk
 .text.pmc_disable_periph_clk
                0x00080eb4       0x40 C:\Users\Leo\AppData\Local\Arduino15\packages\arduino\hardware\sam\1.6.12\variants\arduino_due_x/libsam_sam3x8e_gcc_rel.a(pmc.o)
                0x00080eb4                pmc_disable_periph_clk
 .text.pmc_switch_udpck_to_upllck
                0x00080ef4       0x14 C:\Users\Leo\AppData\Local\Arduino15\packages\arduino\hardware\sam\1.6.12\variants\arduino_due_x/libsam_sam3x8e_gcc_rel.a(pmc.o)
                0x00080ef4                pmc_switch_udpck_to_upllck
 .text.pmc_enable_udpck
                0x00080f08        0xc C:\Users\Leo\AppData\Local\Arduino15\packages\arduino\hardware\sam\1.6.12\variants\arduino_due_x/libsam_sam3x8e_gcc_rel.a(pmc.o)
                0x00080f08                pmc_enable_udpck
 .text.TC_Configure
                0x00080f14       0x38 C:\Users\Leo\AppData\Local\Arduino15\packages\arduino\hardware\sam\1.6.12\variants\arduino_due_x/libsam_sam3x8e_gcc_rel.a(tc.o)
                0x00080f14                TC_Configure
 .text.TC_Start
                0x00080f4c       0x2c C:\Users\Leo\AppData\Local\Arduino15\packages\arduino\hardware\sam\1.6.12\variants\arduino_due_x/libsam_sam3x8e_gcc_rel.a(tc.o)
                0x00080f4c                TC_Start
 .text.TC_Stop  0x00080f78       0x2c C:\Users\Leo\AppData\Local\Arduino15\packages\arduino\hardware\sam\1.6.12\variants\arduino_due_x/libsam_sam3x8e_gcc_rel.a(tc.o)
                0x00080f78                TC_Stop
 .text.SystemInit
                0x00080fa4       0x88 C:\Users\Leo\AppData\Local\Arduino15\packages\arduino\hardware\sam\1.6.12\variants\arduino_due_x/libsam_sam3x8e_gcc_rel.a(system_sam3xa.o)
                0x00080fa4                SystemInit
 .text.Reset_Handler
                0x0008102c       0x78 C:\Users\Leo\AppData\Local\Arduino15\packages\arduino\hardware\sam\1.6.12\variants\arduino_due_x/libsam_sam3x8e_gcc_rel.a(startup_sam3xa.o)
                0x0008102c                Reset_Handler
 .text.adc_init
                0x000810a4       0x98 C:\Users\Leo\AppData\Local\Arduino15\packages\arduino\hardware\sam\1.6.12\variants\arduino_due_x/libsam_sam3x8e_gcc_rel.a(adc.o)
                0x000810a4                adc_init
 .text.adc_configure_trigger
                0x0008113c        0xe C:\Users\Leo\AppData\Local\Arduino15\packages\arduino\hardware\sam\1.6.12\variants\arduino_due_x/libsam_sam3x8e_gcc_rel.a(adc.o)
                0x0008113c                adc_configure_trigger
 .text.adc_configure_timing
                0x0008114a       0x1a C:\Users\Leo\AppData\Local\Arduino15\packages\arduino\hardware\sam\1.6.12\variants\arduino_due_x/libsam_sam3x8e_gcc_rel.a(adc.o)
                0x0008114a                adc_configure_timing
 .text.adc_disable_channel
                0x00081164        0xa C:\Users\Leo\AppData\Local\Arduino15\packages\arduino\hardware\sam\1.6.12\variants\arduino_due_x/libsam_sam3x8e_gcc_rel.a(adc.o)
                0x00081164                adc_disable_channel
 .text.adc_disable_all_channel
                0x0008116e        0x8 C:\Users\Leo\AppData\Local\Arduino15\packages\arduino\hardware\sam\1.6.12\variants\arduino_due_x/libsam_sam3x8e_gcc_rel.a(adc.o)
                0x0008116e                adc_disable_all_channel
 .text.adc_disable_interrupt
                0x00081176        0x4 C:\Users\Leo\AppData\Local\Arduino15\packages\arduino\hardware\sam\1.6.12\variants\arduino_due_x/libsam_sam3x8e_gcc_rel.a(adc.o)
                0x00081176                adc_disable_interrupt
 *fill*         0x0008117a        0x2 
 .text.UOTGHS_Handler
                0x0008117c       0x10 C:\Users\Leo\AppData\Local\Arduino15\packages\arduino\hardware\sam\1.6.12\variants\arduino_due_x/libsam_sam3x8e_gcc_rel.a(uotghs.o)
                0x0008117c                UOTGHS_Handler
 .text.PIOA_Handler
                0x0008118c       0x38 C:\Users\Leo\AppData\Local\Temp\arduino-sketch-FD7D33FDE98F2A839A33FB512B979A54/..\arduino-core-cache\core_arduino_sam_arduino_due_x_dbg_b83292a7f641aea99c65ab6c0fd050e8.a(WInterrupts.c.o)
                0x0008118c                PIOA_Handler
 .text.PIOB_Handler
                0x000811c4       0x38 C:\Users\Leo\AppData\Local\Temp\arduino-sketch-FD7D33FDE98F2A839A33FB512B979A54/..\arduino-core-cache\core_arduino_sam_arduino_due_x_dbg_b83292a7f641aea99c65ab6c0fd050e8.a(WInterrupts.c.o)
                0x000811c4                PIOB_Handler
 .text.PIOC_Handler
                0x000811fc       0x38 C:\Users\Leo\AppData\Local\Temp\arduino-sketch-FD7D33FDE98F2A839A33FB512B979A54/..\arduino-core-cache\core_arduino_sam_arduino_due_x_dbg_b83292a7f641aea99c65ab6c0fd050e8.a(WInterrupts.c.o)
                0x000811fc                PIOC_Handler
 .text.PIOD_Handler
                0x00081234       0x38 C:\Users\Leo\AppData\Local\Temp\arduino-sketch-FD7D33FDE98F2A839A33FB512B979A54/..\arduino-core-cache\core_arduino_sam_arduino_due_x_dbg_b83292a7f641aea99c65ab6c0fd050e8.a(WInterrupts.c.o)
                0x00081234                PIOD_Handler
 .text.__halt   0x0008126c        0x2 C:\Users\Leo\AppData\Local\Temp\arduino-sketch-FD7D33FDE98F2A839A33FB512B979A54/..\arduino-core-cache\core_arduino_sam_arduino_due_x_dbg_b83292a7f641aea99c65ab6c0fd050e8.a(cortex_handlers.c.o)
                0x0008126c                DACC_Handler
                0x0008126c                DebugMon_Handler
                0x0008126c                DMAC_Handler
                0x0008126c                TRNG_Handler
                0x0008126c                HardFault_Handler
                0x0008126c                TC2_Handler
                0x0008126c                TWI1_Handler
                0x0008126c                NMI_Handler
                0x0008126c                TC7_Handler
                0x0008126c                ADC_Handler
                0x0008126c                SMC_Handler
                0x0008126c                RTT_Handler
                0x0008126c                EFC1_Handler
                0x0008126c                RTC_Handler
                0x0008126c                UsageFault_Handler
                0x0008126c                TC6_Handler
                0x0008126c                WDT_Handler
                0x0008126c                CAN0_Handler
                0x0008126c                TC4_Handler
                0x0008126c                TC1_Handler
                0x0008126c                HSMCI_Handler
                0x0008126c                TC3_Handler
                0x0008126c                TWI0_Handler
                0x0008126c                SSC_Handler
                0x0008126c                EFC0_Handler
                0x0008126c                PMC_Handler
                0x0008126c                PWM_Handler
                0x0008126c                CAN1_Handler
                0x0008126c                MemManage_Handler
                0x0008126c                SUPC_Handler
                0x0008126c                TC8_Handler
                0x0008126c                USART2_Handler
                0x0008126c                EMAC_Handler
                0x0008126c                BusFault_Handler
                0x0008126c                RSTC_Handler
                0x0008126c                TC0_Handler
                0x0008126c                TC5_Handler
                0x0008126c                SPI0_Handler
 .text.SVC_Handler
                0x0008126e        0x4 C:\Users\Leo\AppData\Local\Temp\arduino-sketch-FD7D33FDE98F2A839A33FB512B979A54/..\arduino-core-cache\core_arduino_sam_arduino_due_x_dbg_b83292a7f641aea99c65ab6c0fd050e8.a(cortex_handlers.c.o)
                0x0008126e                SVC_Handler
 .text.PendSV_Handler
                0x00081272        0x4 C:\Users\Leo\AppData\Local\Temp\arduino-sketch-FD7D33FDE98F2A839A33FB512B979A54/..\arduino-core-cache\core_arduino_sam_arduino_due_x_dbg_b83292a7f641aea99c65ab6c0fd050e8.a(cortex_handlers.c.o)
                0x00081272                PendSV_Handler
 .text.SysTick_Handler
                0x00081276       0x16 C:\Users\Leo\AppData\Local\Temp\arduino-sketch-FD7D33FDE98F2A839A33FB512B979A54/..\arduino-core-cache\core_arduino_sam_arduino_due_x_dbg_b83292a7f641aea99c65ab6c0fd050e8.a(cortex_handlers.c.o)
                0x00081276                SysTick_Handler
 .text.__empty  0x0008128c        0x2 C:\Users\Leo\AppData\Local\Temp\arduino-sketch-FD7D33FDE98F2A839A33FB512B979A54/..\arduino-core-cache\core_arduino_sam_arduino_due_x_dbg_b83292a7f641aea99c65ab6c0fd050e8.a(hooks.c.o)
                0x0008128c                yield
 .text.__false  0x0008128e        0x4 C:\Users\Leo\AppData\Local\Temp\arduino-sketch-FD7D33FDE98F2A839A33FB512B979A54/..\arduino-core-cache\core_arduino_sam_arduino_due_x_dbg_b83292a7f641aea99c65ab6c0fd050e8.a(hooks.c.o)
                0x0008128e                sysTickHook
 .text.__halt   0x00081292        0x2 C:\Users\Leo\AppData\Local\Temp\arduino-sketch-FD7D33FDE98F2A839A33FB512B979A54/..\arduino-core-cache\core_arduino_sam_arduino_due_x_dbg_b83292a7f641aea99c65ab6c0fd050e8.a(hooks.c.o)
                0x00081292                svcHook
                0x00081292                pendSVHook
 .text._sbrk    0x00081294       0x1c C:\Users\Leo\AppData\Local\Temp\arduino-sketch-FD7D33FDE98F2A839A33FB512B979A54/..\arduino-core-cache\core_arduino_sam_arduino_due_x_dbg_b83292a7f641aea99c65ab6c0fd050e8.a(syscalls_sam3.c.o)
                0x00081294                _sbrk
 .text.link     0x000812b0        0x6 C:\Users\Leo\AppData\Local\Temp\arduino-sketch-FD7D33FDE98F2A839A33FB512B979A54/..\arduino-core-cache\core_arduino_sam_arduino_due_x_dbg_b83292a7f641aea99c65ab6c0fd050e8.a(syscalls_sam3.c.o)
                0x000812b0                link
 .text._close   0x000812b6        0x6 C:\Users\Leo\AppData\Local\Temp\arduino-sketch-FD7D33FDE98F2A839A33FB512B979A54/..\arduino-core-cache\core_arduino_sam_arduino_due_x_dbg_b83292a7f641aea99c65ab6c0fd050e8.a(syscalls_sam3.c.o)
                0x000812b6                _close
 .text._fstat   0x000812bc        0xa C:\Users\Leo\AppData\Local\Temp\arduino-sketch-FD7D33FDE98F2A839A33FB512B979A54/..\arduino-core-cache\core_arduino_sam_arduino_due_x_dbg_b83292a7f641aea99c65ab6c0fd050e8.a(syscalls_sam3.c.o)
                0x000812bc                _fstat
 .text._isatty  0x000812c6        0x4 C:\Users\Leo\AppData\Local\Temp\arduino-sketch-FD7D33FDE98F2A839A33FB512B979A54/..\arduino-core-cache\core_arduino_sam_arduino_due_x_dbg_b83292a7f641aea99c65ab6c0fd050e8.a(syscalls_sam3.c.o)
                0x000812c6                _isatty
 .text._lseek   0x000812ca        0x4 C:\Users\Leo\AppData\Local\Temp\arduino-sketch-FD7D33FDE98F2A839A33FB512B979A54/..\arduino-core-cache\core_arduino_sam_arduino_due_x_dbg_b83292a7f641aea99c65ab6c0fd050e8.a(syscalls_sam3.c.o)
                0x000812ca                _lseek
 .text._read    0x000812ce        0x4 C:\Users\Leo\AppData\Local\Temp\arduino-sketch-FD7D33FDE98F2A839A33FB512B979A54/..\arduino-core-cache\core_arduino_sam_arduino_due_x_dbg_b83292a7f641aea99c65ab6c0fd050e8.a(syscalls_sam3.c.o)
                0x000812ce                _read
 *fill*         0x000812d2        0x2 
 .text._write   0x000812d4       0x24 C:\Users\Leo\AppData\Local\Temp\arduino-sketch-FD7D33FDE98F2A839A33FB512B979A54/..\arduino-core-cache\core_arduino_sam_arduino_due_x_dbg_b83292a7f641aea99c65ab6c0fd050e8.a(syscalls_sam3.c.o)
                0x000812d4                _write
 .text._exit    0x000812f8        0x2 C:\Users\Leo\AppData\Local\Temp\arduino-sketch-FD7D33FDE98F2A839A33FB512B979A54/..\arduino-core-cache\core_arduino_sam_arduino_due_x_dbg_b83292a7f641aea99c65ab6c0fd050e8.a(syscalls_sam3.c.o)
                0x000812f8                _exit
 .text._kill    0x000812fa        0x2 C:\Users\Leo\AppData\Local\Temp\arduino-sketch-FD7D33FDE98F2A839A33FB512B979A54/..\arduino-core-cache\core_arduino_sam_arduino_due_x_dbg_b83292a7f641aea99c65ab6c0fd050e8.a(syscalls_sam3.c.o)
                0x000812fa                _kill
 .text._getpid  0x000812fc        0x6 C:\Users\Leo\AppData\Local\Temp\arduino-sketch-FD7D33FDE98F2A839A33FB512B979A54/..\arduino-core-cache\core_arduino_sam_arduino_due_x_dbg_b83292a7f641aea99c65ab6c0fd050e8.a(syscalls_sam3.c.o)
                0x000812fc                _getpid
 .text.millis   0x00081302        0x4 C:\Users\Leo\AppData\Local\Temp\arduino-sketch-FD7D33FDE98F2A839A33FB512B979A54/..\arduino-core-cache\core_arduino_sam_arduino_due_x_dbg_b83292a7f641aea99c65ab6c0fd050e8.a(wiring.c.o)
                0x00081302                millis
 *fill*         0x00081306        0x2 
 .text.micros   0x00081308       0x74 C:\Users\Leo\AppData\Local\Temp\arduino-sketch-FD7D33FDE98F2A839A33FB512B979A54/..\arduino-core-cache\core_arduino_sam_arduino_due_x_dbg_b83292a7f641aea99c65ab6c0fd050e8.a(wiring.c.o)
                0x00081308                micros
 .text.delay    0x0008137c       0x1c C:\Users\Leo\AppData\Local\Temp\arduino-sketch-FD7D33FDE98F2A839A33FB512B979A54/..\arduino-core-cache\core_arduino_sam_arduino_due_x_dbg_b83292a7f641aea99c65ab6c0fd050e8.a(wiring.c.o)
                0x0008137c                delay
 .text.analogOutputInit
                0x00081398        0x2 C:\Users\Leo\AppData\Local\Temp\arduino-sketch-FD7D33FDE98F2A839A33FB512B979A54/..\arduino-core-cache\core_arduino_sam_arduino_due_x_dbg_b83292a7f641aea99c65ab6c0fd050e8.a(wiring_analog.c.o)
                0x00081398                analogOutputInit
 *fill*         0x0008139a        0x2 
 .text.pinMode  0x0008139c      0x108 C:\Users\Leo\AppData\Local\Temp\arduino-sketch-FD7D33FDE98F2A839A33FB512B979A54/..\arduino-core-cache\core_arduino_sam_arduino_due_x_dbg_b83292a7f641aea99c65ab6c0fd050e8.a(wiring_digital.c.o)
                0x0008139c                pinMode
 .text.digitalWrite
                0x000814a4       0x70 C:\Users\Leo\AppData\Local\Temp\arduino-sketch-FD7D33FDE98F2A839A33FB512B979A54/..\arduino-core-cache\core_arduino_sam_arduino_due_x_dbg_b83292a7f641aea99c65ab6c0fd050e8.a(wiring_digital.c.o)
                0x000814a4                digitalWrite
 .text.initiateReset
                0x00081514        0xc C:\Users\Leo\AppData\Local\Temp\arduino-sketch-FD7D33FDE98F2A839A33FB512B979A54/..\arduino-core-cache\core_arduino_sam_arduino_due_x_dbg_b83292a7f641aea99c65ab6c0fd050e8.a(Reset.cpp.o)
                0x00081514                initiateReset
 .text.cancelReset
                0x00081520       0x10 C:\Users\Leo\AppData\Local\Temp\arduino-sketch-FD7D33FDE98F2A839A33FB512B979A54/..\arduino-core-cache\core_arduino_sam_arduino_due_x_dbg_b83292a7f641aea99c65ab6c0fd050e8.a(Reset.cpp.o)
                0x00081520                cancelReset
 .text.tickReset
                0x00081530       0x20 C:\Users\Leo\AppData\Local\Temp\arduino-sketch-FD7D33FDE98F2A839A33FB512B979A54/..\arduino-core-cache\core_arduino_sam_arduino_due_x_dbg_b83292a7f641aea99c65ab6c0fd050e8.a(Reset.cpp.o)
                0x00081530                tickReset
 .text._ZN10RingBufferC2Ev
                0x00081550       0x1a C:\Users\Leo\AppData\Local\Temp\arduino-sketch-FD7D33FDE98F2A839A33FB512B979A54/..\arduino-core-cache\core_arduino_sam_arduino_due_x_dbg_b83292a7f641aea99c65ab6c0fd050e8.a(RingBuffer.cpp.o)
                0x00081550                RingBuffer::RingBuffer()
                0x00081550                RingBuffer::RingBuffer()
 .text._ZN10RingBuffer10store_charEh
                0x0008156a       0x1e C:\Users\Leo\AppData\Local\Temp\arduino-sketch-FD7D33FDE98F2A839A33FB512B979A54/..\arduino-core-cache\core_arduino_sam_arduino_due_x_dbg_b83292a7f641aea99c65ab6c0fd050e8.a(RingBuffer.cpp.o)
                0x0008156a                RingBuffer::store_char(unsigned char)
 .text._ZN9UARTClasscvbEv
                0x00081588        0x4 C:\Users\Leo\AppData\Local\Temp\arduino-sketch-FD7D33FDE98F2A839A33FB512B979A54/..\arduino-core-cache\core_arduino_sam_arduino_due_x_dbg_b83292a7f641aea99c65ab6c0fd050e8.a(UARTClass.cpp.o)
                0x00081588                UARTClass::operator bool()
 .text._ZN9UARTClass9availableEv
                0x0008158c       0x12 C:\Users\Leo\AppData\Local\Temp\arduino-sketch-FD7D33FDE98F2A839A33FB512B979A54/..\arduino-core-cache\core_arduino_sam_arduino_due_x_dbg_b83292a7f641aea99c65ab6c0fd050e8.a(UARTClass.cpp.o)
                0x0008158c                UARTClass::available()
 .text._ZN9UARTClass4peekEv
                0x0008159e       0x1c C:\Users\Leo\AppData\Local\Temp\arduino-sketch-FD7D33FDE98F2A839A33FB512B979A54/..\arduino-core-cache\core_arduino_sam_arduino_due_x_dbg_b83292a7f641aea99c65ab6c0fd050e8.a(UARTClass.cpp.o)
                0x0008159e                UARTClass::peek()
 .text._ZN9UARTClass4readEv
                0x000815ba       0x2a C:\Users\Leo\AppData\Local\Temp\arduino-sketch-FD7D33FDE98F2A839A33FB512B979A54/..\arduino-core-cache\core_arduino_sam_arduino_due_x_dbg_b83292a7f641aea99c65ab6c0fd050e8.a(UARTClass.cpp.o)
                0x000815ba                UARTClass::read()
 .text._ZN9UARTClass5flushEv
                0x000815e4       0x18 C:\Users\Leo\AppData\Local\Temp\arduino-sketch-FD7D33FDE98F2A839A33FB512B979A54/..\arduino-core-cache\core_arduino_sam_arduino_due_x_dbg_b83292a7f641aea99c65ab6c0fd050e8.a(UARTClass.cpp.o)
                0x000815e4                UARTClass::flush()
 .text._ZN9UARTClass5writeEh
                0x000815fc       0x54 C:\Users\Leo\AppData\Local\Temp\arduino-sketch-FD7D33FDE98F2A839A33FB512B979A54/..\arduino-core-cache\core_arduino_sam_arduino_due_x_dbg_b83292a7f641aea99c65ab6c0fd050e8.a(UARTClass.cpp.o)
                0x000815fc                UARTClass::write(unsigned char)
 .text._ZN9UARTClass3endEv
                0x00081650       0x3c C:\Users\Leo\AppData\Local\Temp\arduino-sketch-FD7D33FDE98F2A839A33FB512B979A54/..\arduino-core-cache\core_arduino_sam_arduino_due_x_dbg_b83292a7f641aea99c65ab6c0fd050e8.a(UARTClass.cpp.o)
                0x00081650                UARTClass::end()
 .text._ZN9UARTClassC2EP4Uart4IRQnmP10RingBufferS4_
                0x0008168c       0x24 C:\Users\Leo\AppData\Local\Temp\arduino-sketch-FD7D33FDE98F2A839A33FB512B979A54/..\arduino-core-cache\core_arduino_sam_arduino_due_x_dbg_b83292a7f641aea99c65ab6c0fd050e8.a(UARTClass.cpp.o)
                0x0008168c                UARTClass::UARTClass(Uart*, IRQn, unsigned long, RingBuffer*, RingBuffer*)
                0x0008168c                UARTClass::UARTClass(Uart*, IRQn, unsigned long, RingBuffer*, RingBuffer*)
 .text._ZN9UARTClass4initEmm
                0x000816b0       0x70 C:\Users\Leo\AppData\Local\Temp\arduino-sketch-FD7D33FDE98F2A839A33FB512B979A54/..\arduino-core-cache\core_arduino_sam_arduino_due_x_dbg_b83292a7f641aea99c65ab6c0fd050e8.a(UARTClass.cpp.o)
                0x000816b0                UARTClass::init(unsigned long, unsigned long)
 .text._ZN9UARTClass5beginEm
                0x00081720        0x8 C:\Users\Leo\AppData\Local\Temp\arduino-sketch-FD7D33FDE98F2A839A33FB512B979A54/..\arduino-core-cache\core_arduino_sam_arduino_due_x_dbg_b83292a7f641aea99c65ab6c0fd050e8.a(UARTClass.cpp.o)
                0x00081720                UARTClass::begin(unsigned long)
 .text._ZN9UARTClass10IrqHandlerEv
                0x00081728       0x5a C:\Users\Leo\AppData\Local\Temp\arduino-sketch-FD7D33FDE98F2A839A33FB512B979A54/..\arduino-core-cache\core_arduino_sam_arduino_due_x_dbg_b83292a7f641aea99c65ab6c0fd050e8.a(UARTClass.cpp.o)
                0x00081728                UARTClass::IrqHandler()
 .text._ZN10USARTClass5beginEm
                0x00081782        0x8 C:\Users\Leo\AppData\Local\Temp\arduino-sketch-FD7D33FDE98F2A839A33FB512B979A54/..\arduino-core-cache\core_arduino_sam_arduino_due_x_dbg_b83292a7f641aea99c65ab6c0fd050e8.a(USARTClass.cpp.o)
                0x00081782                USARTClass::begin(unsigned long)
 *fill*         0x0008178a        0x2 
 .text._ZN10USARTClassC2EP5Usart4IRQnmP10RingBufferS4_
                0x0008178c       0x24 C:\Users\Leo\AppData\Local\Temp\arduino-sketch-FD7D33FDE98F2A839A33FB512B979A54/..\arduino-core-cache\core_arduino_sam_arduino_due_x_dbg_b83292a7f641aea99c65ab6c0fd050e8.a(USARTClass.cpp.o)
                0x0008178c                USARTClass::USARTClass(Usart*, IRQn, unsigned long, RingBuffer*, RingBuffer*)
                0x0008178c                USARTClass::USARTClass(Usart*, IRQn, unsigned long, RingBuffer*, RingBuffer*)
 .text.initVariant
                0x000817b0        0x2 C:\Users\Leo\AppData\Local\Temp\arduino-sketch-FD7D33FDE98F2A839A33FB512B979A54/..\arduino-core-cache\core_arduino_sam_arduino_due_x_dbg_b83292a7f641aea99c65ab6c0fd050e8.a(main.cpp.o)
                0x000817b0                initVariant
 *fill*         0x000817b2        0x2 
 .text.startup.main
                0x000817b4       0x38 C:\Users\Leo\AppData\Local\Temp\arduino-sketch-FD7D33FDE98F2A839A33FB512B979A54/..\arduino-core-cache\core_arduino_sam_arduino_due_x_dbg_b83292a7f641aea99c65ab6c0fd050e8.a(main.cpp.o)
                0x000817b4                main
 .text._watchdogDefaultSetup
                0x000817ec        0xc C:\Users\Leo\AppData\Local\Temp\arduino-sketch-FD7D33FDE98F2A839A33FB512B979A54/..\arduino-core-cache\core_arduino_sam_arduino_due_x_dbg_b83292a7f641aea99c65ab6c0fd050e8.a(watchdog.cpp.o)
                0x000817ec                _watchdogDefaultSetup
                0x000817ec                watchdogSetup()
 .text._ZN5Print5writeEPKhj
                0x000817f8       0x22 C:\Users\Leo\AppData\Local\Temp\arduino-sketch-FD7D33FDE98F2A839A33FB512B979A54/..\arduino-core-cache\core_arduino_sam_arduino_due_x_dbg_b83292a7f641aea99c65ab6c0fd050e8.a(Print.cpp.o)
                0x000817f8                Print::write(unsigned char const*, unsigned int)
 *fill*         0x0008181a        0x2 
 .text.unlikely._ZL11USB_SendZlpv
                0x0008181c       0x20 C:\Users\Leo\AppData\Local\Temp\arduino-sketch-FD7D33FDE98F2A839A33FB512B979A54/..\arduino-core-cache\core_arduino_sam_arduino_due_x_dbg_b83292a7f641aea99c65ab6c0fd050e8.a(USBCore.cpp.o)
 .text._Z14USBD_Availablem
                0x0008183c       0x2c C:\Users\Leo\AppData\Local\Temp\arduino-sketch-FD7D33FDE98F2A839A33FB512B979A54/..\arduino-core-cache\core_arduino_sam_arduino_due_x_dbg_b83292a7f641aea99c65ab6c0fd050e8.a(USBCore.cpp.o)
                0x0008183c                USBD_Available(unsigned long)
 .text._Z9USBD_RecvmPvm
                0x00081868       0x7c C:\Users\Leo\AppData\Local\Temp\arduino-sketch-FD7D33FDE98F2A839A33FB512B979A54/..\arduino-core-cache\core_arduino_sam_arduino_due_x_dbg_b83292a7f641aea99c65ab6c0fd050e8.a(USBCore.cpp.o)
                0x00081868                USBD_Recv(unsigned long, void*, unsigned long)
 .text._Z9USBD_Recvm
                0x000818e4       0x22 C:\Users\Leo\AppData\Local\Temp\arduino-sketch-FD7D33FDE98F2A839A33FB512B979A54/..\arduino-core-cache\core_arduino_sam_arduino_due_x_dbg_b83292a7f641aea99c65ab6c0fd050e8.a(USBCore.cpp.o)
                0x000818e4                USBD_Recv(unsigned long)
 *fill*         0x00081906        0x2 
 .text._Z9USBD_SendmPKvm
                0x00081908       0x4c C:\Users\Leo\AppData\Local\Temp\arduino-sketch-FD7D33FDE98F2A839A33FB512B979A54/..\arduino-core-cache\core_arduino_sam_arduino_due_x_dbg_b83292a7f641aea99c65ab6c0fd050e8.a(USBCore.cpp.o)
                0x00081908                USBD_Send(unsigned long, void const*, unsigned long)
 .text._Z16USBD_SendControlhPKvm
                0x00081954       0x40 C:\Users\Leo\AppData\Local\Temp\arduino-sketch-FD7D33FDE98F2A839A33FB512B979A54/..\arduino-core-cache\core_arduino_sam_arduino_due_x_dbg_b83292a7f641aea99c65ab6c0fd050e8.a(USBCore.cpp.o)
                0x00081954                USBD_SendControl(unsigned char, void const*, unsigned long)
 .text.unlikely._ZL24USB_SendStringDescriptorPKhi
                0x00081994       0x64 C:\Users\Leo\AppData\Local\Temp\arduino-sketch-FD7D33FDE98F2A839A33FB512B979A54/..\arduino-core-cache\core_arduino_sam_arduino_due_x_dbg_b83292a7f641aea99c65ab6c0fd050e8.a(USBCore.cpp.o)
 .text._Z16USBD_RecvControlPvm
                0x000819f8       0x1c C:\Users\Leo\AppData\Local\Temp\arduino-sketch-FD7D33FDE98F2A839A33FB512B979A54/..\arduino-core-cache\core_arduino_sam_arduino_due_x_dbg_b83292a7f641aea99c65ab6c0fd050e8.a(USBCore.cpp.o)
                0x000819f8                USBD_RecvControl(void*, unsigned long)
 .text._Z26USBD_ClassInterfaceRequestR8USBSetup
                0x00081a14       0x1e C:\Users\Leo\AppData\Local\Temp\arduino-sketch-FD7D33FDE98F2A839A33FB512B979A54/..\arduino-core-cache\core_arduino_sam_arduino_due_x_dbg_b83292a7f641aea99c65ab6c0fd050e8.a(USBCore.cpp.o)
                0x00081a14                USBD_ClassInterfaceRequest(USBSetup&)
 .text._Z19USBD_SendInterfacesv
                0x00081a32       0x22 C:\Users\Leo\AppData\Local\Temp\arduino-sketch-FD7D33FDE98F2A839A33FB512B979A54/..\arduino-core-cache\core_arduino_sam_arduino_due_x_dbg_b83292a7f641aea99c65ab6c0fd050e8.a(USBCore.cpp.o)
                0x00081a32                USBD_SendInterfaces()
 .text._Z24USBD_SendOtherInterfacesv
                0x00081a54       0x22 C:\Users\Leo\AppData\Local\Temp\arduino-sketch-FD7D33FDE98F2A839A33FB512B979A54/..\arduino-core-cache\core_arduino_sam_arduino_due_x_dbg_b83292a7f641aea99c65ab6c0fd050e8.a(USBCore.cpp.o)
                0x00081a54                USBD_SendOtherInterfaces()
 .text._Z10USBD_Flushm
                0x00081a76       0x16 C:\Users\Leo\AppData\Local\Temp\arduino-sketch-FD7D33FDE98F2A839A33FB512B979A54/..\arduino-core-cache\core_arduino_sam_arduino_due_x_dbg_b83292a7f641aea99c65ab6c0fd050e8.a(USBCore.cpp.o)
                0x00081a76                USBD_Flush(unsigned long)
 .text._ZN10USBDevice_C2Ev
                0x00081a8c       0x24 C:\Users\Leo\AppData\Local\Temp\arduino-sketch-FD7D33FDE98F2A839A33FB512B979A54/..\arduino-core-cache\core_arduino_sam_arduino_due_x_dbg_b83292a7f641aea99c65ab6c0fd050e8.a(USBCore.cpp.o)
                0x00081a8c                USBDevice_::USBDevice_()
                0x00081a8c                USBDevice_::USBDevice_()
 .text._ZN10USBDevice_6attachEv
                0x00081ab0       0x20 C:\Users\Leo\AppData\Local\Temp\arduino-sketch-FD7D33FDE98F2A839A33FB512B979A54/..\arduino-core-cache\core_arduino_sam_arduino_due_x_dbg_b83292a7f641aea99c65ab6c0fd050e8.a(USBCore.cpp.o)
                0x00081ab0                USBDevice_::attach()
 .text.startup._GLOBAL__sub_I_EndPoints
                0x00081ad0        0xc C:\Users\Leo\AppData\Local\Temp\arduino-sketch-FD7D33FDE98F2A839A33FB512B979A54/..\arduino-core-cache\core_arduino_sam_arduino_due_x_dbg_b83292a7f641aea99c65ab6c0fd050e8.a(USBCore.cpp.o)
 .text._ZL7USB_ISRv
                0x00081adc      0x454 C:\Users\Leo\AppData\Local\Temp\arduino-sketch-FD7D33FDE98F2A839A33FB512B979A54/..\arduino-core-cache\core_arduino_sam_arduino_due_x_dbg_b83292a7f641aea99c65ab6c0fd050e8.a(USBCore.cpp.o)
 .text._ZN7Serial_9availableEv
                0x00081f30       0x18 C:\Users\Leo\AppData\Local\Temp\arduino-sketch-FD7D33FDE98F2A839A33FB512B979A54/..\arduino-core-cache\core_arduino_sam_arduino_due_x_dbg_b83292a7f641aea99c65ab6c0fd050e8.a(CDC.cpp.o)
                0x00081f30                Serial_::available()
 .text._ZN7Serial_17availableForWriteEv
                0x00081f48        0x6 C:\Users\Leo\AppData\Local\Temp\arduino-sketch-FD7D33FDE98F2A839A33FB512B979A54/..\arduino-core-cache\core_arduino_sam_arduino_due_x_dbg_b83292a7f641aea99c65ab6c0fd050e8.a(CDC.cpp.o)
                0x00081f48                Serial_::availableForWrite()
 *fill*         0x00081f4e        0x2 
 .text._ZN7Serial_4peekEv
                0x00081f50       0x20 C:\Users\Leo\AppData\Local\Temp\arduino-sketch-FD7D33FDE98F2A839A33FB512B979A54/..\arduino-core-cache\core_arduino_sam_arduino_due_x_dbg_b83292a7f641aea99c65ab6c0fd050e8.a(CDC.cpp.o)
                0x00081f50                Serial_::peek()
 .text._ZN7Serial_5writeEh
                0x00081f70       0x16 C:\Users\Leo\AppData\Local\Temp\arduino-sketch-FD7D33FDE98F2A839A33FB512B979A54/..\arduino-core-cache\core_arduino_sam_arduino_due_x_dbg_b83292a7f641aea99c65ab6c0fd050e8.a(CDC.cpp.o)
                0x00081f70                Serial_::write(unsigned char)
 *fill*         0x00081f86        0x2 
 .text._ZN7Serial_4readEv
                0x00081f88       0x44 C:\Users\Leo\AppData\Local\Temp\arduino-sketch-FD7D33FDE98F2A839A33FB512B979A54/..\arduino-core-cache\core_arduino_sam_arduino_due_x_dbg_b83292a7f641aea99c65ab6c0fd050e8.a(CDC.cpp.o)
                0x00081f88                Serial_::read()
 .text._ZN7Serial_5flushEv
                0x00081fcc        0x6 C:\Users\Leo\AppData\Local\Temp\arduino-sketch-FD7D33FDE98F2A839A33FB512B979A54/..\arduino-core-cache\core_arduino_sam_arduino_due_x_dbg_b83292a7f641aea99c65ab6c0fd050e8.a(CDC.cpp.o)
                0x00081fcc                Serial_::flush()
 *fill*         0x00081fd2        0x2 
 .text._ZN7Serial_6acceptEv
                0x00081fd4       0x70 C:\Users\Leo\AppData\Local\Temp\arduino-sketch-FD7D33FDE98F2A839A33FB512B979A54/..\arduino-core-cache\core_arduino_sam_arduino_due_x_dbg_b83292a7f641aea99c65ab6c0fd050e8.a(CDC.cpp.o)
                0x00081fd4                Serial_::accept()
 .text._ZN7Serial_5writeEPKhj
                0x00082044       0x2c C:\Users\Leo\AppData\Local\Temp\arduino-sketch-FD7D33FDE98F2A839A33FB512B979A54/..\arduino-core-cache\core_arduino_sam_arduino_due_x_dbg_b83292a7f641aea99c65ab6c0fd050e8.a(CDC.cpp.o)
                0x00082044                Serial_::write(unsigned char const*, unsigned int)
 .text._Z16CDC_GetInterfacePh
                0x00082070       0x14 C:\Users\Leo\AppData\Local\Temp\arduino-sketch-FD7D33FDE98F2A839A33FB512B979A54/..\arduino-core-cache\core_arduino_sam_arduino_due_x_dbg_b83292a7f641aea99c65ab6c0fd050e8.a(CDC.cpp.o)
                0x00082070                CDC_GetInterface(unsigned char*)
 .text._Z21CDC_GetOtherInterfacePh
                0x00082084       0x14 C:\Users\Leo\AppData\Local\Temp\arduino-sketch-FD7D33FDE98F2A839A33FB512B979A54/..\arduino-core-cache\core_arduino_sam_arduino_due_x_dbg_b83292a7f641aea99c65ab6c0fd050e8.a(CDC.cpp.o)
                0x00082084                CDC_GetOtherInterface(unsigned char*)
 .text._Z9CDC_SetupR8USBSetup
                0x00082098       0x78 C:\Users\Leo\AppData\Local\Temp\arduino-sketch-FD7D33FDE98F2A839A33FB512B979A54/..\arduino-core-cache\core_arduino_sam_arduino_due_x_dbg_b83292a7f641aea99c65ab6c0fd050e8.a(CDC.cpp.o)
                0x00082098                CDC_Setup(USBSetup&)
 .text.startup._GLOBAL__sub_I_cdc_rx_buffer
                0x00082110       0x1c C:\Users\Leo\AppData\Local\Temp\arduino-sketch-FD7D33FDE98F2A839A33FB512B979A54/..\arduino-core-cache\core_arduino_sam_arduino_due_x_dbg_b83292a7f641aea99c65ab6c0fd050e8.a(CDC.cpp.o)
 .text._ZN13PluggableUSB_12getInterfaceEPh
                0x0008212c       0x28 C:\Users\Leo\AppData\Local\Temp\arduino-sketch-FD7D33FDE98F2A839A33FB512B979A54/..\arduino-core-cache\core_arduino_sam_arduino_due_x_dbg_b83292a7f641aea99c65ab6c0fd050e8.a(PluggableUSB.cpp.o)
                0x0008212c                PluggableUSB_::getInterface(unsigned char*)
 .text._ZN13PluggableUSB_13getDescriptorER8USBSetup
                0x00082154       0x1c C:\Users\Leo\AppData\Local\Temp\arduino-sketch-FD7D33FDE98F2A839A33FB512B979A54/..\arduino-core-cache\core_arduino_sam_arduino_due_x_dbg_b83292a7f641aea99c65ab6c0fd050e8.a(PluggableUSB.cpp.o)
                0x00082154                PluggableUSB_::getDescriptor(USBSetup&)
 .text._ZN13PluggableUSB_12getShortNameEPc
                0x00082170       0x1c C:\Users\Leo\AppData\Local\Temp\arduino-sketch-FD7D33FDE98F2A839A33FB512B979A54/..\arduino-core-cache\core_arduino_sam_arduino_due_x_dbg_b83292a7f641aea99c65ab6c0fd050e8.a(PluggableUSB.cpp.o)
                0x00082170                PluggableUSB_::getShortName(char*)
 .text._ZN13PluggableUSB_5setupER8USBSetup
                0x0008218c       0x20 C:\Users\Leo\AppData\Local\Temp\arduino-sketch-FD7D33FDE98F2A839A33FB512B979A54/..\arduino-core-cache\core_arduino_sam_arduino_due_x_dbg_b83292a7f641aea99c65ab6c0fd050e8.a(PluggableUSB.cpp.o)
                0x0008218c                PluggableUSB_::setup(USBSetup&)
 .text._Z12PluggableUSBv
                0x000821ac       0x28 C:\Users\Leo\AppData\Local\Temp\arduino-sketch-FD7D33FDE98F2A839A33FB512B979A54/..\arduino-core-cache\core_arduino_sam_arduino_due_x_dbg_b83292a7f641aea99c65ab6c0fd050e8.a(PluggableUSB.cpp.o)
                0x000821ac                PluggableUSB()
 .text.TimeTick_Increment
                0x000821d4       0x10 C:\Users\Leo\AppData\Local\Arduino15\packages\arduino\hardware\sam\1.6.12\variants\arduino_due_x/libsam_sam3x8e_gcc_rel.a(timetick.o)
                0x000821d4                TimeTick_Increment
 .text.GetTickCount
                0x000821e4        0xc C:\Users\Leo\AppData\Local\Arduino15\packages\arduino\hardware\sam\1.6.12\variants\arduino_due_x/libsam_sam3x8e_gcc_rel.a(timetick.o)
                0x000821e4                GetTickCount
 .text.WDT_Disable
                0x000821f0        0x8 C:\Users\Leo\AppData\Local\Arduino15\packages\arduino\hardware\sam\1.6.12\variants\arduino_due_x/libsam_sam3x8e_gcc_rel.a(wdt.o)
                0x000821f0                WDT_Disable
 .text.UDD_SetStack
                0x000821f8        0xc C:\Users\Leo\AppData\Local\Arduino15\packages\arduino\hardware\sam\1.6.12\variants\arduino_due_x/libsam_sam3x8e_gcc_rel.a(uotghs_device.o)
                0x000821f8                UDD_SetStack
 .text.UDD_Init
                0x00082204       0xd0 C:\Users\Leo\AppData\Local\Arduino15\packages\arduino\hardware\sam\1.6.12\variants\arduino_due_x/libsam_sam3x8e_gcc_rel.a(uotghs_device.o)
                0x00082204                UDD_Init
 .text.UDD_Attach
                0x000822d4       0x50 C:\Users\Leo\AppData\Local\Arduino15\packages\arduino\hardware\sam\1.6.12\variants\arduino_due_x/libsam_sam3x8e_gcc_rel.a(uotghs_device.o)
                0x000822d4                UDD_Attach
 .text.UDD_InitEP
                0x00082324       0x2c C:\Users\Leo\AppData\Local\Arduino15\packages\arduino\hardware\sam\1.6.12\variants\arduino_due_x/libsam_sam3x8e_gcc_rel.a(uotghs_device.o)
                0x00082324                UDD_InitEP
 .text.UDD_InitEndpoints
                0x00082350       0x3c C:\Users\Leo\AppData\Local\Arduino15\packages\arduino\hardware\sam\1.6.12\variants\arduino_due_x/libsam_sam3x8e_gcc_rel.a(uotghs_device.o)
                0x00082350                UDD_InitEndpoints
 .text.UDD_WaitIN
                0x0008238c       0x10 C:\Users\Leo\AppData\Local\Arduino15\packages\arduino\hardware\sam\1.6.12\variants\arduino_due_x/libsam_sam3x8e_gcc_rel.a(uotghs_device.o)
                0x0008238c                UDD_WaitIN
 .text.UDD_WaitOUT
                0x0008239c       0x10 C:\Users\Leo\AppData\Local\Arduino15\packages\arduino\hardware\sam\1.6.12\variants\arduino_due_x/libsam_sam3x8e_gcc_rel.a(uotghs_device.o)
                0x0008239c                UDD_WaitOUT
 .text.UDD_ClearIN
                0x000823ac       0x18 C:\Users\Leo\AppData\Local\Arduino15\packages\arduino\hardware\sam\1.6.12\variants\arduino_due_x/libsam_sam3x8e_gcc_rel.a(uotghs_device.o)
                0x000823ac                UDD_ClearIN
 .text.UDD_ClearOUT
                0x000823c4       0x18 C:\Users\Leo\AppData\Local\Arduino15\packages\arduino\hardware\sam\1.6.12\variants\arduino_due_x/libsam_sam3x8e_gcc_rel.a(uotghs_device.o)
                0x000823c4                UDD_ClearOUT
 .text.UDD_ReceivedSetupInt
                0x000823dc       0x10 C:\Users\Leo\AppData\Local\Arduino15\packages\arduino\hardware\sam\1.6.12\variants\arduino_due_x/libsam_sam3x8e_gcc_rel.a(uotghs_device.o)
                0x000823dc                UDD_ReceivedSetupInt
 .text.UDD_ClearSetupInt
                0x000823ec       0x10 C:\Users\Leo\AppData\Local\Arduino15\packages\arduino\hardware\sam\1.6.12\variants\arduino_due_x/libsam_sam3x8e_gcc_rel.a(uotghs_device.o)
                0x000823ec                UDD_ClearSetupInt
 .text.UDD_Send
                0x000823fc       0x88 C:\Users\Leo\AppData\Local\Arduino15\packages\arduino\hardware\sam\1.6.12\variants\arduino_due_x/libsam_sam3x8e_gcc_rel.a(uotghs_device.o)
                0x000823fc                UDD_Send
 .text.UDD_Send8
                0x00082484       0x24 C:\Users\Leo\AppData\Local\Arduino15\packages\arduino\hardware\sam\1.6.12\variants\arduino_due_x/libsam_sam3x8e_gcc_rel.a(uotghs_device.o)
                0x00082484                UDD_Send8
 .text.UDD_Recv8
                0x000824a8       0x28 C:\Users\Leo\AppData\Local\Arduino15\packages\arduino\hardware\sam\1.6.12\variants\arduino_due_x/libsam_sam3x8e_gcc_rel.a(uotghs_device.o)
                0x000824a8                UDD_Recv8
 .text.UDD_Recv
                0x000824d0       0x34 C:\Users\Leo\AppData\Local\Arduino15\packages\arduino\hardware\sam\1.6.12\variants\arduino_due_x/libsam_sam3x8e_gcc_rel.a(uotghs_device.o)
                0x000824d0                UDD_Recv
 .text.UDD_Stall
                0x00082504       0x14 C:\Users\Leo\AppData\Local\Arduino15\packages\arduino\hardware\sam\1.6.12\variants\arduino_due_x/libsam_sam3x8e_gcc_rel.a(uotghs_device.o)
                0x00082504                UDD_Stall
 .text.UDD_FifoByteCount
                0x00082518       0x14 C:\Users\Leo\AppData\Local\Arduino15\packages\arduino\hardware\sam\1.6.12\variants\arduino_due_x/libsam_sam3x8e_gcc_rel.a(uotghs_device.o)
                0x00082518                UDD_FifoByteCount
 .text.UDD_ReleaseRX
                0x0008252c       0x28 C:\Users\Leo\AppData\Local\Arduino15\packages\arduino\hardware\sam\1.6.12\variants\arduino_due_x/libsam_sam3x8e_gcc_rel.a(uotghs_device.o)
                0x0008252c                UDD_ReleaseRX
 .text.UDD_ReleaseTX
                0x00082554       0x28 C:\Users\Leo\AppData\Local\Arduino15\packages\arduino\hardware\sam\1.6.12\variants\arduino_due_x/libsam_sam3x8e_gcc_rel.a(uotghs_device.o)
                0x00082554                UDD_ReleaseTX
 .text.UDD_SetAddress
                0x0008257c       0x20 C:\Users\Leo\AppData\Local\Arduino15\packages\arduino\hardware\sam\1.6.12\variants\arduino_due_x/libsam_sam3x8e_gcc_rel.a(uotghs_device.o)
                0x0008257c                UDD_SetAddress
 .text.__assert_func
                0x0008259c       0x3c c:/users/leo/appdata/local/arduino15/packages/arduino/tools/arm-none-eabi-gcc/4.8.3-2014q1/bin/../lib/gcc/arm-none-eabi/4.8.3/../../../../arm-none-eabi/lib/armv7-m\libc.a(lib_a-assert.o)
                0x0008259c                __assert_func
 .text.fiprintf
                0x000825d8       0x28 c:/users/leo/appdata/local/arduino15/packages/arduino/tools/arm-none-eabi-gcc/4.8.3-2014q1/bin/../lib/gcc/arm-none-eabi/4.8.3/../../../../arm-none-eabi/lib/armv7-m\libc.a(lib_a-fiprintf.o)
                0x000825d8                fiprintf
 .text.__libc_init_array
                0x00082600       0x50 c:/users/leo/appdata/local/arduino15/packages/arduino/tools/arm-none-eabi-gcc/4.8.3-2014q1/bin/../lib/gcc/arm-none-eabi/4.8.3/../../../../arm-none-eabi/lib/armv7-m\libc.a(lib_a-init.o)
                0x00082600                __libc_init_array
 .text.memset   0x00082650       0x94 c:/users/leo/appdata/local/arduino15/packages/arduino/tools/arm-none-eabi-gcc/4.8.3-2014q1/bin/../lib/gcc/arm-none-eabi/4.8.3/../../../../arm-none-eabi/lib/armv7-m\libc.a(lib_a-memset.o)
                0x00082650                memset
 .text.strlen   0x000826e4       0x60 c:/users/leo/appdata/local/arduino15/packages/arduino/tools/arm-none-eabi-gcc/4.8.3-2014q1/bin/../lib/gcc/arm-none-eabi/4.8.3/../../../../arm-none-eabi/lib/armv7-m\libc.a(lib_a-strlen.o)
                0x000826e4                strlen
 .text.kill     0x00082744       0x10 c:/users/leo/appdata/local/arduino15/packages/arduino/tools/arm-none-eabi-gcc/4.8.3-2014q1/bin/../lib/gcc/arm-none-eabi/4.8.3/../../../../arm-none-eabi/lib/armv7-m\libc.a(lib_a-syskill.o)
                0x00082744                kill
 .text.__sprint_r.part.0
                0x00082754       0x78 c:/users/leo/appdata/local/arduino15/packages/arduino/tools/arm-none-eabi-gcc/4.8.3-2014q1/bin/../lib/gcc/arm-none-eabi/4.8.3/../../../../arm-none-eabi/lib/armv7-m\libc.a(lib_a-vfiprintf.o)
 .text._vfiprintf_r
                0x000827cc      0xc54 c:/users/leo/appdata/local/arduino15/packages/arduino/tools/arm-none-eabi-gcc/4.8.3-2014q1/bin/../lib/gcc/arm-none-eabi/4.8.3/../../../../arm-none-eabi/lib/armv7-m\libc.a(lib_a-vfiprintf.o)
                0x000827cc                _vfiprintf_r
 .text.__sbprintf
                0x00083420       0x7c c:/users/leo/appdata/local/arduino15/packages/arduino/tools/arm-none-eabi-gcc/4.8.3-2014q1/bin/../lib/gcc/arm-none-eabi/4.8.3/../../../../arm-none-eabi/lib/armv7-m\libc.a(lib_a-vfiprintf.o)
 .text.__swsetup_r
                0x0008349c       0xc4 c:/users/leo/appdata/local/arduino15/packages/arduino/tools/arm-none-eabi-gcc/4.8.3-2014q1/bin/../lib/gcc/arm-none-eabi/4.8.3/../../../../arm-none-eabi/lib/armv7-m\libc.a(lib_a-wsetup.o)
                0x0008349c                __swsetup_r
 .text.startup.register_fini
                0x00083560       0x14 c:/users/leo/appdata/local/arduino15/packages/arduino/tools/arm-none-eabi-gcc/4.8.3-2014q1/bin/../lib/gcc/arm-none-eabi/4.8.3/../../../../arm-none-eabi/lib/armv7-m\libc.a(lib_a-__call_atexit.o)
 .text.abort    0x00083574       0x10 c:/users/leo/appdata/local/arduino15/packages/arduino/tools/arm-none-eabi-gcc/4.8.3-2014q1/bin/../lib/gcc/arm-none-eabi/4.8.3/../../../../arm-none-eabi/lib/armv7-m\libc.a(lib_a-abort.o)
                0x00083574                abort
 .text.__sflush_r
                0x00083584      0x148 c:/users/leo/appdata/local/arduino15/packages/arduino/tools/arm-none-eabi-gcc/4.8.3-2014q1/bin/../lib/gcc/arm-none-eabi/4.8.3/../../../../arm-none-eabi/lib/armv7-m\libc.a(lib_a-fflush.o)
                0x00083584                __sflush_r
 .text._fflush_r
                0x000836cc       0x2c c:/users/leo/appdata/local/arduino15/packages/arduino/tools/arm-none-eabi-gcc/4.8.3-2014q1/bin/../lib/gcc/arm-none-eabi/4.8.3/../../../../arm-none-eabi/lib/armv7-m\libc.a(lib_a-fflush.o)
                0x000836cc                _fflush_r
 .text._cleanup_r
                0x000836f8        0xc c:/users/leo/appdata/local/arduino15/packages/arduino/tools/arm-none-eabi-gcc/4.8.3-2014q1/bin/../lib/gcc/arm-none-eabi/4.8.3/../../../../arm-none-eabi/lib/armv7-m\libc.a(lib_a-findfp.o)
                0x000836f8                _cleanup_r
 .text.__sinit  0x00083704       0xf4 c:/users/leo/appdata/local/arduino15/packages/arduino/tools/arm-none-eabi-gcc/4.8.3-2014q1/bin/../lib/gcc/arm-none-eabi/4.8.3/../../../../arm-none-eabi/lib/armv7-m\libc.a(lib_a-findfp.o)
                0x00083704                __sinit
 .text.__sfp_lock_acquire
                0x000837f8        0x4 c:/users/leo/appdata/local/arduino15/packages/arduino/tools/arm-none-eabi-gcc/4.8.3-2014q1/bin/../lib/gcc/arm-none-eabi/4.8.3/../../../../arm-none-eabi/lib/armv7-m\libc.a(lib_a-findfp.o)
                0x000837f8                __sfp_lock_acquire
 .text.__sfp_lock_release
                0x000837fc        0x4 c:/users/leo/appdata/local/arduino15/packages/arduino/tools/arm-none-eabi-gcc/4.8.3-2014q1/bin/../lib/gcc/arm-none-eabi/4.8.3/../../../../arm-none-eabi/lib/armv7-m\libc.a(lib_a-findfp.o)
                0x000837fc                __sfp_lock_release
 .text.__libc_fini_array
                0x00083800       0x30 c:/users/leo/appdata/local/arduino15/packages/arduino/tools/arm-none-eabi-gcc/4.8.3-2014q1/bin/../lib/gcc/arm-none-eabi/4.8.3/../../../../arm-none-eabi/lib/armv7-m\libc.a(lib_a-fini.o)
                0x00083800                __libc_fini_array
 .text._fputwc_r
                0x00083830       0xc0 c:/users/leo/appdata/local/arduino15/packages/arduino/tools/arm-none-eabi-gcc/4.8.3-2014q1/bin/../lib/gcc/arm-none-eabi/4.8.3/../../../../arm-none-eabi/lib/armv7-m\libc.a(lib_a-fputwc.o)
                0x00083830                _fputwc_r
 .text._malloc_trim_r
                0x000838f0       0x9c c:/users/leo/appdata/local/arduino15/packages/arduino/tools/arm-none-eabi-gcc/4.8.3-2014q1/bin/../lib/gcc/arm-none-eabi/4.8.3/../../../../arm-none-eabi/lib/armv7-m\libc.a(lib_a-freer.o)
                0x000838f0                _malloc_trim_r
 .text._free_r  0x0008398c      0x198 c:/users/leo/appdata/local/arduino15/packages/arduino/tools/arm-none-eabi-gcc/4.8.3-2014q1/bin/../lib/gcc/arm-none-eabi/4.8.3/../../../../arm-none-eabi/lib/armv7-m\libc.a(lib_a-freer.o)
                0x0008398c                _free_r
 .text.__sfvwrite_r
                0x00083b24      0x314 c:/users/leo/appdata/local/arduino15/packages/arduino/tools/arm-none-eabi-gcc/4.8.3-2014q1/bin/../lib/gcc/arm-none-eabi/4.8.3/../../../../arm-none-eabi/lib/armv7-m\libc.a(lib_a-fvwrite.o)
                0x00083b24                __sfvwrite_r
 .text._fwalk   0x00083e38       0x48 c:/users/leo/appdata/local/arduino15/packages/arduino/tools/arm-none-eabi-gcc/4.8.3-2014q1/bin/../lib/gcc/arm-none-eabi/4.8.3/../../../../arm-none-eabi/lib/armv7-m\libc.a(lib_a-fwalk.o)
                0x00083e38                _fwalk
 .text.__locale_charset
                0x00083e80        0x8 c:/users/leo/appdata/local/arduino15/packages/arduino/tools/arm-none-eabi-gcc/4.8.3-2014q1/bin/../lib/gcc/arm-none-eabi/4.8.3/../../../../arm-none-eabi/lib/armv7-m\libc.a(lib_a-locale.o)
                0x00083e80                __locale_charset
 .text.__locale_mb_cur_max
                0x00083e88        0xc c:/users/leo/appdata/local/arduino15/packages/arduino/tools/arm-none-eabi-gcc/4.8.3-2014q1/bin/../lib/gcc/arm-none-eabi/4.8.3/../../../../arm-none-eabi/lib/armv7-m\libc.a(lib_a-locale.o)
                0x00083e88                __locale_mb_cur_max
 .text.__smakebuf_r
                0x00083e94       0xe0 c:/users/leo/appdata/local/arduino15/packages/arduino/tools/arm-none-eabi-gcc/4.8.3-2014q1/bin/../lib/gcc/arm-none-eabi/4.8.3/../../../../arm-none-eabi/lib/armv7-m\libc.a(lib_a-makebuf.o)
                0x00083e94                __smakebuf_r
 .text._malloc_r
                0x00083f74      0x538 c:/users/leo/appdata/local/arduino15/packages/arduino/tools/arm-none-eabi-gcc/4.8.3-2014q1/bin/../lib/gcc/arm-none-eabi/4.8.3/../../../../arm-none-eabi/lib/armv7-m\libc.a(lib_a-mallocr.o)
                0x00083f74                _malloc_r
 .text.memchr   0x000844ac       0x94 c:/users/leo/appdata/local/arduino15/packages/arduino/tools/arm-none-eabi-gcc/4.8.3-2014q1/bin/../lib/gcc/arm-none-eabi/4.8.3/../../../../arm-none-eabi/lib/armv7-m\libc.a(lib_a-memchr-stub.o)
                0x000844ac                memchr
 .text          0x00084540       0xec c:/users/leo/appdata/local/arduino15/packages/arduino/tools/arm-none-eabi-gcc/4.8.3-2014q1/bin/../lib/gcc/arm-none-eabi/4.8.3/../../../../arm-none-eabi/lib/armv7-m\libc.a(lib_a-memcpy.o)
                0x00084540                memcpy
 .text.memmove  0x0008462c       0xcc c:/users/leo/appdata/local/arduino15/packages/arduino/tools/arm-none-eabi-gcc/4.8.3-2014q1/bin/../lib/gcc/arm-none-eabi/4.8.3/../../../../arm-none-eabi/lib/armv7-m\libc.a(lib_a-memmove.o)
                0x0008462c                memmove
 .text.__malloc_lock
                0x000846f8        0x4 c:/users/leo/appdata/local/arduino15/packages/arduino/tools/arm-none-eabi-gcc/4.8.3-2014q1/bin/../lib/gcc/arm-none-eabi/4.8.3/../../../../arm-none-eabi/lib/armv7-m\libc.a(lib_a-mlock.o)
                0x000846f8                __malloc_lock
 .text.__malloc_unlock
                0x000846fc        0x4 c:/users/leo/appdata/local/arduino15/packages/arduino/tools/arm-none-eabi-gcc/4.8.3-2014q1/bin/../lib/gcc/arm-none-eabi/4.8.3/../../../../arm-none-eabi/lib/armv7-m\libc.a(lib_a-mlock.o)
                0x000846fc                __malloc_unlock
 .text._realloc_r
                0x00084700      0x3c0 c:/users/leo/appdata/local/arduino15/packages/arduino/tools/arm-none-eabi-gcc/4.8.3-2014q1/bin/../lib/gcc/arm-none-eabi/4.8.3/../../../../arm-none-eabi/lib/armv7-m\libc.a(lib_a-reallocr.o)
                0x00084700                _realloc_r
 .text._sbrk_r  0x00084ac0       0x24 c:/users/leo/appdata/local/arduino15/packages/arduino/tools/arm-none-eabi-gcc/4.8.3-2014q1/bin/../lib/gcc/arm-none-eabi/4.8.3/../../../../arm-none-eabi/lib/armv7-m\libc.a(lib_a-sbrkr.o)
                0x00084ac0                _sbrk_r
 .text._raise_r
                0x00084ae4       0x58 c:/users/leo/appdata/local/arduino15/packages/arduino/tools/arm-none-eabi-gcc/4.8.3-2014q1/bin/../lib/gcc/arm-none-eabi/4.8.3/../../../../arm-none-eabi/lib/armv7-m\libc.a(lib_a-signal.o)
                0x00084ae4                _raise_r
 .text.raise    0x00084b3c       0x10 c:/users/leo/appdata/local/arduino15/packages/arduino/tools/arm-none-eabi-gcc/4.8.3-2014q1/bin/../lib/gcc/arm-none-eabi/4.8.3/../../../../arm-none-eabi/lib/armv7-m\libc.a(lib_a-signal.o)
                0x00084b3c                raise
 .text._kill_r  0x00084b4c       0x28 c:/users/leo/appdata/local/arduino15/packages/arduino/tools/arm-none-eabi-gcc/4.8.3-2014q1/bin/../lib/gcc/arm-none-eabi/4.8.3/../../../../arm-none-eabi/lib/armv7-m\libc.a(lib_a-signalr.o)
                0x00084b4c                _kill_r
 .text._getpid_r
                0x00084b74        0x4 c:/users/leo/appdata/local/arduino15/packages/arduino/tools/arm-none-eabi-gcc/4.8.3-2014q1/bin/../lib/gcc/arm-none-eabi/4.8.3/../../../../arm-none-eabi/lib/armv7-m\libc.a(lib_a-signalr.o)
                0x00084b74                _getpid_r
 .text.__sread  0x00084b78       0x24 c:/users/leo/appdata/local/arduino15/packages/arduino/tools/arm-none-eabi-gcc/4.8.3-2014q1/bin/../lib/gcc/arm-none-eabi/4.8.3/../../../../arm-none-eabi/lib/armv7-m\libc.a(lib_a-stdio.o)
                0x00084b78                __sread
 .text.__swrite
                0x00084b9c       0x38 c:/users/leo/appdata/local/arduino15/packages/arduino/tools/arm-none-eabi-gcc/4.8.3-2014q1/bin/../lib/gcc/arm-none-eabi/4.8.3/../../../../arm-none-eabi/lib/armv7-m\libc.a(lib_a-stdio.o)
                0x00084b9c                __swrite
 .text.__sseek  0x00084bd4       0x20 c:/users/leo/appdata/local/arduino15/packages/arduino/tools/arm-none-eabi-gcc/4.8.3-2014q1/bin/../lib/gcc/arm-none-eabi/4.8.3/../../../../arm-none-eabi/lib/armv7-m\libc.a(lib_a-stdio.o)
                0x00084bd4                __sseek
 .text.__sclose
                0x00084bf4        0x8 c:/users/leo/appdata/local/arduino15/packages/arduino/tools/arm-none-eabi-gcc/4.8.3-2014q1/bin/../lib/gcc/arm-none-eabi/4.8.3/../../../../arm-none-eabi/lib/armv7-m\libc.a(lib_a-stdio.o)
                0x00084bf4                __sclose
 .text.__swbuf_r
                0x00084bfc       0xa8 c:/users/leo/appdata/local/arduino15/packages/arduino/tools/arm-none-eabi-gcc/4.8.3-2014q1/bin/../lib/gcc/arm-none-eabi/4.8.3/../../../../arm-none-eabi/lib/armv7-m\libc.a(lib_a-wbuf.o)
                0x00084bfc                __swbuf_r
 .text._wcrtomb_r
                0x00084ca4       0x50 c:/users/leo/appdata/local/arduino15/packages/arduino/tools/arm-none-eabi-gcc/4.8.3-2014q1/bin/../lib/gcc/arm-none-eabi/4.8.3/../../../../arm-none-eabi/lib/armv7-m\libc.a(lib_a-wcrtomb.o)
                0x00084ca4                _wcrtomb_r
 .text.__ascii_wctomb
                0x00084cf4       0x1c c:/users/leo/appdata/local/arduino15/packages/arduino/tools/arm-none-eabi-gcc/4.8.3-2014q1/bin/../lib/gcc/arm-none-eabi/4.8.3/../../../../arm-none-eabi/lib/armv7-m\libc.a(lib_a-wctomb_r.o)
                0x00084cf4                __ascii_wctomb
 .text._write_r
                0x00084d10       0x28 c:/users/leo/appdata/local/arduino15/packages/arduino/tools/arm-none-eabi-gcc/4.8.3-2014q1/bin/../lib/gcc/arm-none-eabi/4.8.3/../../../../arm-none-eabi/lib/armv7-m\libc.a(lib_a-writer.o)
                0x00084d10                _write_r
 .text._close_r
                0x00084d38       0x24 c:/users/leo/appdata/local/arduino15/packages/arduino/tools/arm-none-eabi-gcc/4.8.3-2014q1/bin/../lib/gcc/arm-none-eabi/4.8.3/../../../../arm-none-eabi/lib/armv7-m\libc.a(lib_a-closer.o)
                0x00084d38                _close_r
 .text._fclose_r
                0x00084d5c       0x80 c:/users/leo/appdata/local/arduino15/packages/arduino/tools/arm-none-eabi-gcc/4.8.3-2014q1/bin/../lib/gcc/arm-none-eabi/4.8.3/../../../../arm-none-eabi/lib/armv7-m\libc.a(lib_a-fclose.o)
                0x00084d5c                _fclose_r
 .text.fclose   0x00084ddc       0x10 c:/users/leo/appdata/local/arduino15/packages/arduino/tools/arm-none-eabi-gcc/4.8.3-2014q1/bin/../lib/gcc/arm-none-eabi/4.8.3/../../../../arm-none-eabi/lib/armv7-m\libc.a(lib_a-fclose.o)
                0x00084ddc                fclose
 .text._fstat_r
                0x00084dec       0x28 c:/users/leo/appdata/local/arduino15/packages/arduino/tools/arm-none-eabi-gcc/4.8.3-2014q1/bin/../lib/gcc/arm-none-eabi/4.8.3/../../../../arm-none-eabi/lib/armv7-m\libc.a(lib_a-fstatr.o)
                0x00084dec                _fstat_r
 .text._isatty_r
                0x00084e14       0x24 c:/users/leo/appdata/local/arduino15/packages/arduino/tools/arm-none-eabi-gcc/4.8.3-2014q1/bin/../lib/gcc/arm-none-eabi/4.8.3/../../../../arm-none-eabi/lib/armv7-m\libc.a(lib_a-isattyr.o)
                0x00084e14                _isatty_r
 .text._lseek_r
                0x00084e38       0x28 c:/users/leo/appdata/local/arduino15/packages/arduino/tools/arm-none-eabi-gcc/4.8.3-2014q1/bin/../lib/gcc/arm-none-eabi/4.8.3/../../../../arm-none-eabi/lib/armv7-m\libc.a(lib_a-lseekr.o)
                0x00084e38                _lseek_r
 .text._read_r  0x00084e60       0x28 c:/users/leo/appdata/local/arduino15/packages/arduino/tools/arm-none-eabi-gcc/4.8.3-2014q1/bin/../lib/gcc/arm-none-eabi/4.8.3/../../../../arm-none-eabi/lib/armv7-m\libc.a(lib_a-readr.o)
                0x00084e60                _read_r
 .text          0x00084e88       0x2c c:/users/leo/appdata/local/arduino15/packages/arduino/tools/arm-none-eabi-gcc/4.8.3-2014q1/bin/../lib/gcc/arm-none-eabi/4.8.3/armv7-m\libgcc.a(_aeabi_uldivmod.o)
                0x00084e88                __aeabi_uldivmod
 .text          0x00084eb4       0x60 c:/users/leo/appdata/local/arduino15/packages/arduino/tools/arm-none-eabi-gcc/4.8.3-2014q1/bin/../lib/gcc/arm-none-eabi/4.8.3/armv7-m\libgcc.a(bpabi.o)
                0x00084eb4                __gnu_ldivmod_helper
                0x00084ee4                __gnu_uldivmod_helper
 .text          0x00084f14        0x4 c:/users/leo/appdata/local/arduino15/packages/arduino/tools/arm-none-eabi-gcc/4.8.3-2014q1/bin/../lib/gcc/arm-none-eabi/4.8.3/armv7-m\libgcc.a(_dvmd_tls.o)
                0x00084f14                __aeabi_idiv0
                0x00084f14                __aeabi_ldiv0
 .text          0x00084f18      0x2a0 c:/users/leo/appdata/local/arduino15/packages/arduino/tools/arm-none-eabi-gcc/4.8.3-2014q1/bin/../lib/gcc/arm-none-eabi/4.8.3/armv7-m\libgcc.a(_divdi3.o)
                0x00084f18                __divdi3
 .text          0x000851b8      0x290 c:/users/leo/appdata/local/arduino15/packages/arduino/tools/arm-none-eabi-gcc/4.8.3-2014q1/bin/../lib/gcc/arm-none-eabi/4.8.3/armv7-m\libgcc.a(_udivdi3.o)
                0x000851b8                __udivdi3
 *(.glue_7t)
 .glue_7t       0x00000000        0x0 linker stubs
 *(.glue_7)
 .glue_7        0x00000000        0x0 linker stubs
 *(.rodata .rodata* .gnu.linkonce.r.*)
 .rodata._ZTV7WS2812BILh21EL6EOrder66EE
                0x00085448       0x28 C:\Users\Leo\AppData\Local\Temp\arduino-sketch-FD7D33FDE98F2A839A33FB512B979A54\sketch\sunriseRealDue.ino.cpp.o
                0x00085448                vtable for WS2812B<(unsigned char)21, (EOrder)66>
 .rodata.bhw1_13_gp
                0x00085470        0x8 C:\Users\Leo\AppData\Local\Temp\arduino-sketch-FD7D33FDE98F2A839A33FB512B979A54\sketch\sunriseRealDue.ino.cpp.o
                0x00085470                bhw1_13_gp
 .rodata.g_APinDescription
                0x00085478      0xa2c C:\Users\Leo\AppData\Local\Temp\arduino-sketch-FD7D33FDE98F2A839A33FB512B979A54\core\variant.cpp.o
                0x00085478                g_APinDescription
 .rodata.__func__.6792
                0x00085ea4        0xd C:\Users\Leo\AppData\Local\Arduino15\packages\arduino\hardware\sam\1.6.12\variants\arduino_due_x/libsam_sam3x8e_gcc_rel.a(tc.o)
 .rodata.str1.1
                0x00085eb1       0x54 C:\Users\Leo\AppData\Local\Arduino15\packages\arduino\hardware\sam\1.6.12\variants\arduino_due_x/libsam_sam3x8e_gcc_rel.a(tc.o)
 .rodata.__func__.6798
                0x00085f05        0x9 C:\Users\Leo\AppData\Local\Arduino15\packages\arduino\hardware\sam\1.6.12\variants\arduino_due_x/libsam_sam3x8e_gcc_rel.a(tc.o)
 .rodata.__func__.6804
                0x00085f0e        0x8 C:\Users\Leo\AppData\Local\Arduino15\packages\arduino\hardware\sam\1.6.12\variants\arduino_due_x/libsam_sam3x8e_gcc_rel.a(tc.o)
 *fill*         0x00085f16        0x2 
 .rodata        0x00085f18       0x40 C:\Users\Leo\AppData\Local\Arduino15\packages\arduino\hardware\sam\1.6.12\variants\arduino_due_x/libsam_sam3x8e_gcc_rel.a(adc.o)
 .rodata._ZTV9UARTClass
                0x00085f58       0x30 C:\Users\Leo\AppData\Local\Temp\arduino-sketch-FD7D33FDE98F2A839A33FB512B979A54/..\arduino-core-cache\core_arduino_sam_arduino_due_x_dbg_b83292a7f641aea99c65ab6c0fd050e8.a(UARTClass.cpp.o)
                0x00085f58                vtable for UARTClass
 .rodata._ZTV10USARTClass
                0x00085f88       0x30 C:\Users\Leo\AppData\Local\Temp\arduino-sketch-FD7D33FDE98F2A839A33FB512B979A54/..\arduino-core-cache\core_arduino_sam_arduino_due_x_dbg_b83292a7f641aea99c65ab6c0fd050e8.a(USARTClass.cpp.o)
                0x00085f88                vtable for USARTClass
 .rodata.STRING_PRODUCT
                0x00085fb8        0xc C:\Users\Leo\AppData\Local\Temp\arduino-sketch-FD7D33FDE98F2A839A33FB512B979A54/..\arduino-core-cache\core_arduino_sam_arduino_due_x_dbg_b83292a7f641aea99c65ab6c0fd050e8.a(USBCore.cpp.o)
                0x00085fb8                STRING_PRODUCT
 .rodata.USB_DeviceDescriptor
                0x00085fc4       0x12 C:\Users\Leo\AppData\Local\Temp\arduino-sketch-FD7D33FDE98F2A839A33FB512B979A54/..\arduino-core-cache\core_arduino_sam_arduino_due_x_dbg_b83292a7f641aea99c65ab6c0fd050e8.a(USBCore.cpp.o)
                0x00085fc4                USB_DeviceDescriptor
 .rodata.STRING_LANGUAGE
                0x00085fd6        0x4 C:\Users\Leo\AppData\Local\Temp\arduino-sketch-FD7D33FDE98F2A839A33FB512B979A54/..\arduino-core-cache\core_arduino_sam_arduino_due_x_dbg_b83292a7f641aea99c65ab6c0fd050e8.a(USBCore.cpp.o)
                0x00085fd6                STRING_LANGUAGE
 .rodata._ZL18test_packet_buffer
                0x00085fda       0x35 C:\Users\Leo\AppData\Local\Temp\arduino-sketch-FD7D33FDE98F2A839A33FB512B979A54/..\arduino-core-cache\core_arduino_sam_arduino_due_x_dbg_b83292a7f641aea99c65ab6c0fd050e8.a(USBCore.cpp.o)
 .rodata.STRING_MANUFACTURER
                0x0008600f        0xc C:\Users\Leo\AppData\Local\Temp\arduino-sketch-FD7D33FDE98F2A839A33FB512B979A54/..\arduino-core-cache\core_arduino_sam_arduino_due_x_dbg_b83292a7f641aea99c65ab6c0fd050e8.a(USBCore.cpp.o)
                0x0008600f                STRING_MANUFACTURER
 .rodata.USB_DeviceDescriptorA
                0x0008601b       0x12 C:\Users\Leo\AppData\Local\Temp\arduino-sketch-FD7D33FDE98F2A839A33FB512B979A54/..\arduino-core-cache\core_arduino_sam_arduino_due_x_dbg_b83292a7f641aea99c65ab6c0fd050e8.a(USBCore.cpp.o)
                0x0008601b                USB_DeviceDescriptorA
 .rodata._ZL19USB_DeviceQualifier
                0x0008602d        0x9 C:\Users\Leo\AppData\Local\Temp\arduino-sketch-FD7D33FDE98F2A839A33FB512B979A54/..\arduino-core-cache\core_arduino_sam_arduino_due_x_dbg_b83292a7f641aea99c65ab6c0fd050e8.a(USBCore.cpp.o)
 *fill*         0x00086036        0x2 
 .rodata._ZTV7Serial_
                0x00086038       0x28 C:\Users\Leo\AppData\Local\Temp\arduino-sketch-FD7D33FDE98F2A839A33FB512B979A54/..\arduino-core-cache\core_arduino_sam_arduino_due_x_dbg_b83292a7f641aea99c65ab6c0fd050e8.a(CDC.cpp.o)
                0x00086038                vtable for Serial_
 .rodata._ZL18_cdcOtherInterface
                0x00086060       0x42 C:\Users\Leo\AppData\Local\Temp\arduino-sketch-FD7D33FDE98F2A839A33FB512B979A54/..\arduino-core-cache\core_arduino_sam_arduino_due_x_dbg_b83292a7f641aea99c65ab6c0fd050e8.a(CDC.cpp.o)
 .rodata._ZL13_cdcInterface
                0x000860a2       0x42 C:\Users\Leo\AppData\Local\Temp\arduino-sketch-FD7D33FDE98F2A839A33FB512B979A54/..\arduino-core-cache\core_arduino_sam_arduino_due_x_dbg_b83292a7f641aea99c65ab6c0fd050e8.a(CDC.cpp.o)
 .rodata.str1.4
                0x000860e4       0x3f c:/users/leo/appdata/local/arduino15/packages/arduino/tools/arm-none-eabi-gcc/4.8.3-2014q1/bin/../lib/gcc/arm-none-eabi/4.8.3/../../../../arm-none-eabi/lib/armv7-m\libc.a(lib_a-assert.o)
                                 0x44 (size before relaxing)
 *fill*         0x00086123        0x1 
 .rodata.str1.4
                0x00086124        0x2 c:/users/leo/appdata/local/arduino15/packages/arduino/tools/arm-none-eabi-gcc/4.8.3-2014q1/bin/../lib/gcc/arm-none-eabi/4.8.3/../../../../arm-none-eabi/lib/armv7-m\libc.a(lib_a-impure.o)
                                  0x4 (size before relaxing)
 *fill*         0x00086126        0x2 
 .rodata.blanks.6717
                0x00086128       0x10 c:/users/leo/appdata/local/arduino15/packages/arduino/tools/arm-none-eabi-gcc/4.8.3-2014q1/bin/../lib/gcc/arm-none-eabi/4.8.3/../../../../arm-none-eabi/lib/armv7-m\libc.a(lib_a-vfiprintf.o)
 .rodata.str1.4
                0x00086138       0x30 c:/users/leo/appdata/local/arduino15/packages/arduino/tools/arm-none-eabi-gcc/4.8.3-2014q1/bin/../lib/gcc/arm-none-eabi/4.8.3/../../../../arm-none-eabi/lib/armv7-m\libc.a(lib_a-vfiprintf.o)
 .rodata.zeroes.6718
                0x00086168       0x10 c:/users/leo/appdata/local/arduino15/packages/arduino/tools/arm-none-eabi-gcc/4.8.3-2014q1/bin/../lib/gcc/arm-none-eabi/4.8.3/../../../../arm-none-eabi/lib/armv7-m\libc.a(lib_a-vfiprintf.o)
 *(.ARM.extab* .gnu.linkonce.armextab.*)
                0x00086178                . = ALIGN (0x4)
 *(.init)
 .init          0x00086178        0x4 c:/users/leo/appdata/local/arduino15/packages/arduino/tools/arm-none-eabi-gcc/4.8.3-2014q1/bin/../lib/gcc/arm-none-eabi/4.8.3/armv7-m/crti.o
                0x00086178                _init
 .init          0x0008617c        0x8 c:/users/leo/appdata/local/arduino15/packages/arduino/tools/arm-none-eabi-gcc/4.8.3-2014q1/bin/../lib/gcc/arm-none-eabi/4.8.3/armv7-m/crtn.o
                0x00086184                . = ALIGN (0x4)
                0x00086184                __preinit_array_start = .
 *(.preinit_array)
                0x00086184                __preinit_array_end = .
                0x00086184                . = ALIGN (0x4)
                0x00086184                __init_array_start = .
 *(SORT(.init_array.*))
 .init_array.00000
                0x00086184        0x4 c:/users/leo/appdata/local/arduino15/packages/arduino/tools/arm-none-eabi-gcc/4.8.3-2014q1/bin/../lib/gcc/arm-none-eabi/4.8.3/../../../../arm-none-eabi/lib/armv7-m\libc.a(lib_a-__call_atexit.o)
 *(.init_array)
 .init_array    0x00086188        0x4 c:/users/leo/appdata/local/arduino15/packages/arduino/tools/arm-none-eabi-gcc/4.8.3-2014q1/bin/../lib/gcc/arm-none-eabi/4.8.3/armv7-m/crtbegin.o
 .init_array    0x0008618c        0x4 C:\Users\Leo\AppData\Local\Temp\arduino-sketch-FD7D33FDE98F2A839A33FB512B979A54\sketch\sunriseRealDue.ino.cpp.o
 .init_array    0x00086190        0x4 C:\Users\Leo\AppData\Local\Temp\arduino-sketch-FD7D33FDE98F2A839A33FB512B979A54\libraries\FastLED\FastLED.cpp.o
 .init_array    0x00086194        0x4 C:\Users\Leo\AppData\Local\Temp\arduino-sketch-FD7D33FDE98F2A839A33FB512B979A54\core\variant.cpp.o
 .init_array    0x00086198        0x4 C:\Users\Leo\AppData\Local\Temp\arduino-sketch-FD7D33FDE98F2A839A33FB512B979A54/..\arduino-core-cache\core_arduino_sam_arduino_due_x_dbg_b83292a7f641aea99c65ab6c0fd050e8.a(USBCore.cpp.o)
 .init_array    0x0008619c        0x4 C:\Users\Leo\AppData\Local\Temp\arduino-sketch-FD7D33FDE98F2A839A33FB512B979A54/..\arduino-core-cache\core_arduino_sam_arduino_due_x_dbg_b83292a7f641aea99c65ab6c0fd050e8.a(CDC.cpp.o)
                0x000861a0                __init_array_end = .
                0x000861a0                . = ALIGN (0x4)
 *crtbegin.o(.ctors)
 *(EXCLUDE_FILE(*crtend.o) .ctors)
 *(SORT(.ctors.*))
 *crtend.o(.ctors)
                0x000861a0                . = ALIGN (0x4)
 *(.fini)
 .fini          0x000861a0        0x4 c:/users/leo/appdata/local/arduino15/packages/arduino/tools/arm-none-eabi-gcc/4.8.3-2014q1/bin/../lib/gcc/arm-none-eabi/4.8.3/armv7-m/crti.o
                0x000861a0                _fini
 .fini          0x000861a4        0x8 c:/users/leo/appdata/local/arduino15/packages/arduino/tools/arm-none-eabi-gcc/4.8.3-2014q1/bin/../lib/gcc/arm-none-eabi/4.8.3/armv7-m/crtn.o
                0x000861ac                . = ALIGN (0x4)
                0x000861ac                __fini_array_start = .
 *(.fini_array)
 .fini_array    0x000861ac        0x4 c:/users/leo/appdata/local/arduino15/packages/arduino/tools/arm-none-eabi-gcc/4.8.3-2014q1/bin/../lib/gcc/arm-none-eabi/4.8.3/armv7-m/crtbegin.o
 *(SORT(.fini_array.*))
                0x000861b0                __fini_array_end = .
 *crtbegin.o(.dtors)
 *(EXCLUDE_FILE(*crtend.o) .dtors)
 *(SORT(.dtors.*))
 *crtend.o(.dtors)
                0x000861b0                . = ALIGN (0x4)
                0x000861b0                _efixed = .
                0x000861b0                PROVIDE (__exidx_start, .)

.vfp11_veneer   0x000861b0        0x0
 .vfp11_veneer  0x00000000        0x0 linker stubs

.v4_bx          0x000861b0        0x0
 .v4_bx         0x00000000        0x0 linker stubs

.iplt           0x000861b0        0x0
 .iplt          0x00000000        0x0 c:/users/leo/appdata/local/arduino15/packages/arduino/tools/arm-none-eabi-gcc/4.8.3-2014q1/bin/../lib/gcc/arm-none-eabi/4.8.3/armv7-m/crtbegin.o

.ARM.exidx      0x000861b0        0x8
 *(.ARM.exidx* .gnu.linkonce.armexidx.*)
 .ARM.exidx     0x000861b0        0x8 c:/users/leo/appdata/local/arduino15/packages/arduino/tools/arm-none-eabi-gcc/4.8.3-2014q1/bin/../lib/gcc/arm-none-eabi/4.8.3/armv7-m\libgcc.a(_divdi3.o)
 .ARM.exidx     0x000861b8        0x0 c:/users/leo/appdata/local/arduino15/packages/arduino/tools/arm-none-eabi-gcc/4.8.3-2014q1/bin/../lib/gcc/arm-none-eabi/4.8.3/armv7-m\libgcc.a(_udivdi3.o)
                                  0x8 (size before relaxing)
                0x000861b8                PROVIDE (__exidx_end, .)

.eh_frame       0x000861b8        0x0
 .eh_frame      0x000861b8        0x0 c:/users/leo/appdata/local/arduino15/packages/arduino/tools/arm-none-eabi-gcc/4.8.3-2014q1/bin/../lib/gcc/arm-none-eabi/4.8.3/armv7-m/crtbegin.o

.rel.dyn        0x000861b8        0x0
 .rel.iplt      0x00000000        0x0 c:/users/leo/appdata/local/arduino15/packages/arduino/tools/arm-none-eabi-gcc/4.8.3-2014q1/bin/../lib/gcc/arm-none-eabi/4.8.3/armv7-m/crtbegin.o

.jcr            0x000861b8        0x0
 .jcr           0x000861b8        0x0 c:/users/leo/appdata/local/arduino15/packages/arduino/tools/arm-none-eabi-gcc/4.8.3-2014q1/bin/../lib/gcc/arm-none-eabi/4.8.3/armv7-m/crtbegin.o

.igot.plt       0x000861b8        0x0
 .igot.plt      0x00000000        0x0 c:/users/leo/appdata/local/arduino15/packages/arduino/tools/arm-none-eabi-gcc/4.8.3-2014q1/bin/../lib/gcc/arm-none-eabi/4.8.3/armv7-m/crtbegin.o
                0x000861b8                . = ALIGN (0x4)
                0x000861b8                _etext = .

.relocate       0x20070000      0x8d4 load address 0x000861b8
                0x20070000                . = ALIGN (0x4)
                0x20070000                _srelocate = .
 *(.ramfunc .ramfunc.*)
 .ramfunc       0x20070000       0x2c C:\Users\Leo\AppData\Local\Temp\arduino-sketch-FD7D33FDE98F2A839A33FB512B979A54/..\arduino-core-cache\core_arduino_sam_arduino_due_x_dbg_b83292a7f641aea99c65ab6c0fd050e8.a(Reset.cpp.o)
                0x20070000                banzai
 *(.data .data.*)
 .data.SystemCoreClock
                0x2007002c        0x4 C:\Users\Leo\AppData\Local\Arduino15\packages\arduino\hardware\sam\1.6.12\variants\arduino_due_x/libsam_sam3x8e_gcc_rel.a(system_sam3xa.o)
                0x2007002c                SystemCoreClock
 .data._ZL5ticks
                0x20070030        0x4 C:\Users\Leo\AppData\Local\Temp\arduino-sketch-FD7D33FDE98F2A839A33FB512B979A54/..\arduino-core-cache\core_arduino_sam_arduino_due_x_dbg_b83292a7f641aea99c65ab6c0fd050e8.a(Reset.cpp.o)
 .data.EndPoints
                0x20070034       0x28 C:\Users\Leo\AppData\Local\Temp\arduino-sketch-FD7D33FDE98F2A839A33FB512B979A54/..\arduino-core-cache\core_arduino_sam_arduino_due_x_dbg_b83292a7f641aea99c65ab6c0fd050e8.a(USBCore.cpp.o)
                0x20070034                EndPoints
 .data._ZL10breakValue
                0x2007005c        0x4 C:\Users\Leo\AppData\Local\Temp\arduino-sketch-FD7D33FDE98F2A839A33FB512B979A54/..\arduino-core-cache\core_arduino_sam_arduino_due_x_dbg_b83292a7f641aea99c65ab6c0fd050e8.a(CDC.cpp.o)
 .data._ZL12_usbLineInfo
                0x20070060        0x8 C:\Users\Leo\AppData\Local\Temp\arduino-sketch-FD7D33FDE98F2A839A33FB512B979A54/..\arduino-core-cache\core_arduino_sam_arduino_due_x_dbg_b83292a7f641aea99c65ab6c0fd050e8.a(CDC.cpp.o)
 .data.g_interrupt_enabled
                0x20070068        0x4 C:\Users\Leo\AppData\Local\Arduino15\packages\arduino\hardware\sam\1.6.12\variants\arduino_due_x/libsam_sam3x8e_gcc_rel.a(interrupt_sam_nvic.o)
                0x20070068                g_interrupt_enabled
 *fill*         0x2007006c        0x4 
 .data.impure_data
                0x20070070      0x428 c:/users/leo/appdata/local/arduino15/packages/arduino/tools/arm-none-eabi-gcc/4.8.3-2014q1/bin/../lib/gcc/arm-none-eabi/4.8.3/../../../../arm-none-eabi/lib/armv7-m\libc.a(lib_a-impure.o)
 .data._impure_ptr
                0x20070498        0x4 c:/users/leo/appdata/local/arduino15/packages/arduino/tools/arm-none-eabi-gcc/4.8.3-2014q1/bin/../lib/gcc/arm-none-eabi/4.8.3/../../../../arm-none-eabi/lib/armv7-m\libc.a(lib_a-impure.o)
                0x20070498                _impure_ptr
 .data.lc_ctype_charset
                0x2007049c       0x20 c:/users/leo/appdata/local/arduino15/packages/arduino/tools/arm-none-eabi-gcc/4.8.3-2014q1/bin/../lib/gcc/arm-none-eabi/4.8.3/../../../../arm-none-eabi/lib/armv7-m\libc.a(lib_a-locale.o)
 .data.__mb_cur_max
                0x200704bc        0x4 c:/users/leo/appdata/local/arduino15/packages/arduino/tools/arm-none-eabi-gcc/4.8.3-2014q1/bin/../lib/gcc/arm-none-eabi/4.8.3/../../../../arm-none-eabi/lib/armv7-m\libc.a(lib_a-locale.o)
                0x200704bc                __mb_cur_max
 .data.__malloc_av_
                0x200704c0      0x408 c:/users/leo/appdata/local/arduino15/packages/arduino/tools/arm-none-eabi-gcc/4.8.3-2014q1/bin/../lib/gcc/arm-none-eabi/4.8.3/../../../../arm-none-eabi/lib/armv7-m\libc.a(lib_a-mallocr.o)
                0x200704c0                __malloc_av_
 .data.__malloc_trim_threshold
                0x200708c8        0x4 c:/users/leo/appdata/local/arduino15/packages/arduino/tools/arm-none-eabi-gcc/4.8.3-2014q1/bin/../lib/gcc/arm-none-eabi/4.8.3/../../../../arm-none-eabi/lib/armv7-m\libc.a(lib_a-mallocr.o)
                0x200708c8                __malloc_trim_threshold
 .data.__malloc_sbrk_base
                0x200708cc        0x4 c:/users/leo/appdata/local/arduino15/packages/arduino/tools/arm-none-eabi-gcc/4.8.3-2014q1/bin/../lib/gcc/arm-none-eabi/4.8.3/../../../../arm-none-eabi/lib/armv7-m\libc.a(lib_a-mallocr.o)
                0x200708cc                __malloc_sbrk_base
 .data.__wctomb
                0x200708d0        0x4 c:/users/leo/appdata/local/arduino15/packages/arduino/tools/arm-none-eabi-gcc/4.8.3-2014q1/bin/../lib/gcc/arm-none-eabi/4.8.3/../../../../arm-none-eabi/lib/armv7-m\libc.a(lib_a-wctomb_r.o)
                0x200708d0                __wctomb
                0x200708d4                . = ALIGN (0x4)
                0x200708d4                _erelocate = .

.bss            0x200708d4     0x1050 load address 0x00086a8c
                0x200708d4                . = ALIGN (0x4)
                0x200708d4                _sbss = .
                0x200708d4                _szero = .
 *(.bss .bss.*)
 .bss           0x200708d4       0x1c c:/users/leo/appdata/local/arduino15/packages/arduino/tools/arm-none-eabi-gcc/4.8.3-2014q1/bin/../lib/gcc/arm-none-eabi/4.8.3/armv7-m/crtbegin.o
 .bss._ZZN15PixelControllerIL6EOrder66ELi1ELm4294967295EE21init_binary_ditheringEvE1R
                0x200708f0        0x1 C:\Users\Leo\AppData\Local\Temp\arduino-sketch-FD7D33FDE98F2A839A33FB512B979A54\sketch\sunriseRealDue.ino.cpp.o
                0x200708f0                PixelController<(EOrder)66, 1, 4294967295ul>::init_binary_dithering()::R
 *fill*         0x200708f1        0x3 
 .bss._ZZN8CFastLED7addLedsI7WS2812BLh21EL6EOrder66EEER14CLEDControllerP4CRGBiiE1c
                0x200708f4       0x24 C:\Users\Leo\AppData\Local\Temp\arduino-sketch-FD7D33FDE98F2A839A33FB512B979A54\sketch\sunriseRealDue.ino.cpp.o
                0x200708f4                CLEDController& CFastLED::addLeds<WS2812B, (unsigned char)21, (EOrder)66>(CRGB*, int, int)::c
 .bss._ZGVZN8CFastLED7addLedsI7WS2812BLh21EL6EOrder66EEER14CLEDControllerP4CRGBiiE1c
                0x20070918        0x4 C:\Users\Leo\AppData\Local\Temp\arduino-sketch-FD7D33FDE98F2A839A33FB512B979A54\sketch\sunriseRealDue.ino.cpp.o
                0x20070918                guard variable for CLEDController& CFastLED::addLeds<WS2812B, (unsigned char)21, (EOrder)66>(CRGB*, int, int)::c
 .bss.leds      0x2007091c      0x5a0 C:\Users\Leo\AppData\Local\Temp\arduino-sketch-FD7D33FDE98F2A839A33FB512B979A54\sketch\sunriseRealDue.ino.cpp.o
                0x2007091c                leds
 .bss.currentPalette
                0x20070ebc       0x30 C:\Users\Leo\AppData\Local\Temp\arduino-sketch-FD7D33FDE98F2A839A33FB512B979A54\sketch\sunriseRealDue.ino.cpp.o
                0x20070ebc                currentPalette
 .bss._ZZ4loopE10startIndex
                0x20070eec        0x1 C:\Users\Leo\AppData\Local\Temp\arduino-sketch-FD7D33FDE98F2A839A33FB512B979A54\sketch\sunriseRealDue.ino.cpp.o
 *fill*         0x20070eed        0x3 
 .bss.FastLED   0x20070ef0       0x10 C:\Users\Leo\AppData\Local\Temp\arduino-sketch-FD7D33FDE98F2A839A33FB512B979A54\libraries\FastLED\FastLED.cpp.o
                0x20070ef0                FastLED
 .bss._ZN14CLEDController7m_pHeadE
                0x20070f00        0x4 C:\Users\Leo\AppData\Local\Temp\arduino-sketch-FD7D33FDE98F2A839A33FB512B979A54\libraries\FastLED\FastLED.cpp.o
                0x20070f00                CLEDController::m_pHead
 .bss._ZZN8CFastLED8countFPSEiE2br
                0x20070f04        0x4 C:\Users\Leo\AppData\Local\Temp\arduino-sketch-FD7D33FDE98F2A839A33FB512B979A54\libraries\FastLED\FastLED.cpp.o
 .bss._ZL8lastshow
                0x20070f08        0x4 C:\Users\Leo\AppData\Local\Temp\arduino-sketch-FD7D33FDE98F2A839A33FB512B979A54\libraries\FastLED\FastLED.cpp.o
 .bss._ZZN8CFastLED8countFPSEiE9lastframe
                0x20070f0c        0x4 C:\Users\Leo\AppData\Local\Temp\arduino-sketch-FD7D33FDE98F2A839A33FB512B979A54\libraries\FastLED\FastLED.cpp.o
 .bss._ZN14CLEDController7m_pTailE
                0x20070f10        0x4 C:\Users\Leo\AppData\Local\Temp\arduino-sketch-FD7D33FDE98F2A839A33FB512B979A54\libraries\FastLED\FastLED.cpp.o
                0x20070f10                CLEDController::m_pTail
 .bss._ZL30gMaxPowerIndicatorLEDPinNumber
                0x20070f14        0x1 C:\Users\Leo\AppData\Local\Temp\arduino-sketch-FD7D33FDE98F2A839A33FB512B979A54\libraries\FastLED\power_mgt.cpp.o
 *fill*         0x20070f15        0x3 
 .bss.tx_buffer2
                0x20070f18       0x88 C:\Users\Leo\AppData\Local\Temp\arduino-sketch-FD7D33FDE98F2A839A33FB512B979A54\core\variant.cpp.o
                0x20070f18                tx_buffer2
 .bss.tx_buffer1
                0x20070fa0       0x88 C:\Users\Leo\AppData\Local\Temp\arduino-sketch-FD7D33FDE98F2A839A33FB512B979A54\core\variant.cpp.o
                0x20070fa0                tx_buffer1
 .bss.Serial    0x20071028       0x24 C:\Users\Leo\AppData\Local\Temp\arduino-sketch-FD7D33FDE98F2A839A33FB512B979A54\core\variant.cpp.o
                0x20071028                Serial
 .bss.rx_buffer1
                0x2007104c       0x88 C:\Users\Leo\AppData\Local\Temp\arduino-sketch-FD7D33FDE98F2A839A33FB512B979A54\core\variant.cpp.o
                0x2007104c                rx_buffer1
 .bss.Serial1   0x200710d4       0x28 C:\Users\Leo\AppData\Local\Temp\arduino-sketch-FD7D33FDE98F2A839A33FB512B979A54\core\variant.cpp.o
                0x200710d4                Serial1
 .bss.Serial2   0x200710fc       0x28 C:\Users\Leo\AppData\Local\Temp\arduino-sketch-FD7D33FDE98F2A839A33FB512B979A54\core\variant.cpp.o
                0x200710fc                Serial2
 .bss.Serial3   0x20071124       0x28 C:\Users\Leo\AppData\Local\Temp\arduino-sketch-FD7D33FDE98F2A839A33FB512B979A54\core\variant.cpp.o
                0x20071124                Serial3
 .bss.tx_buffer3
                0x2007114c       0x88 C:\Users\Leo\AppData\Local\Temp\arduino-sketch-FD7D33FDE98F2A839A33FB512B979A54\core\variant.cpp.o
                0x2007114c                tx_buffer3
 .bss.tx_buffer4
                0x200711d4       0x88 C:\Users\Leo\AppData\Local\Temp\arduino-sketch-FD7D33FDE98F2A839A33FB512B979A54\core\variant.cpp.o
                0x200711d4                tx_buffer4
 .bss.g_pinStatus
                0x2007125c       0x4f C:\Users\Leo\AppData\Local\Temp\arduino-sketch-FD7D33FDE98F2A839A33FB512B979A54\core\variant.cpp.o