Archive member included because of file (symbol)

C:\Users\Leo\AppData\Local\Arduino15\packages\arduino\hardware\sam\1.6.12\variants\arduino_due_x/libsam_sam3x8e_gcc_rel.a(pio.o)
                              C:\Users\Leo\AppData\Local\Temp\arduino-sketch-2F9A1F719AE1C11D5336B04C6DA28EDB\core\variant.cpp.o (PIO_Configure)
C:\Users\Leo\AppData\Local\Arduino15\packages\arduino\hardware\sam\1.6.12\variants\arduino_due_x/libsam_sam3x8e_gcc_rel.a(pmc.o)
                              C:\Users\Leo\AppData\Local\Temp\arduino-sketch-2F9A1F719AE1C11D5336B04C6DA28EDB\sketch\forestPalletDue.ino.cpp.o (pmc_enable_periph_clk)
C:\Users\Leo\AppData\Local\Arduino15\packages\arduino\hardware\sam\1.6.12\variants\arduino_due_x/libsam_sam3x8e_gcc_rel.a(tc.o)
                              C:\Users\Leo\AppData\Local\Temp\arduino-sketch-2F9A1F719AE1C11D5336B04C6DA28EDB\sketch\forestPalletDue.ino.cpp.o (TC_Configure)
C:\Users\Leo\AppData\Local\Arduino15\packages\arduino\hardware\sam\1.6.12\variants\arduino_due_x/libsam_sam3x8e_gcc_rel.a(system_sam3xa.o)
                              C:\Users\Leo\AppData\Local\Temp\arduino-sketch-2F9A1F719AE1C11D5336B04C6DA28EDB\core\variant.cpp.o (SystemInit)
C:\Users\Leo\AppData\Local\Arduino15\packages\arduino\hardware\sam\1.6.12\variants\arduino_due_x/libsam_sam3x8e_gcc_rel.a(startup_sam3xa.o)
                              (Reset_Handler)
C:\Users\Leo\AppData\Local\Arduino15\packages\arduino\hardware\sam\1.6.12\variants\arduino_due_x/libsam_sam3x8e_gcc_rel.a(adc.o)
                              C:\Users\Leo\AppData\Local\Temp\arduino-sketch-2F9A1F719AE1C11D5336B04C6DA28EDB\core\variant.cpp.o (adc_init)
C:\Users\Leo\AppData\Local\Arduino15\packages\arduino\hardware\sam\1.6.12\variants\arduino_due_x/libsam_sam3x8e_gcc_rel.a(uotghs.o)
                              C:\Users\Leo\AppData\Local\Arduino15\packages\arduino\hardware\sam\1.6.12\variants\arduino_due_x/libsam_sam3x8e_gcc_rel.a(startup_sam3xa.o) (UOTGHS_Handler)
C:\Users\Leo\AppData\Local\Temp\arduino-sketch-2F9A1F719AE1C11D5336B04C6DA28EDB/..\arduino-core-cache\core_arduino_sam_arduino_due_x_dbg_b83292a7f641aea99c65ab6c0fd050e8.a(WInterrupts.c.o)
                              C:\Users\Leo\AppData\Local\Arduino15\packages\arduino\hardware\sam\1.6.12\variants\arduino_due_x/libsam_sam3x8e_gcc_rel.a(startup_sam3xa.o) (PIOA_Handler)
C:\Users\Leo\AppData\Local\Temp\arduino-sketch-2F9A1F719AE1C11D5336B04C6DA28EDB/..\arduino-core-cache\core_arduino_sam_arduino_due_x_dbg_b83292a7f641aea99c65ab6c0fd050e8.a(cortex_handlers.c.o)
                              C:\Users\Leo\AppData\Local\Arduino15\packages\arduino\hardware\sam\1.6.12\variants\arduino_due_x/libsam_sam3x8e_gcc_rel.a(startup_sam3xa.o) (NMI_Handler)
C:\Users\Leo\AppData\Local\Temp\arduino-sketch-2F9A1F719AE1C11D5336B04C6DA28EDB/..\arduino-core-cache\core_arduino_sam_arduino_due_x_dbg_b83292a7f641aea99c65ab6c0fd050e8.a(hooks.c.o)
                              C:\Users\Leo\AppData\Local\Temp\arduino-sketch-2F9A1F719AE1C11D5336B04C6DA28EDB\libraries\FastLED\FastLED.cpp.o (yield)
C:\Users\Leo\AppData\Local\Temp\arduino-sketch-2F9A1F719AE1C11D5336B04C6DA28EDB/..\arduino-core-cache\core_arduino_sam_arduino_due_x_dbg_b83292a7f641aea99c65ab6c0fd050e8.a(syscalls_sam3.c.o)
                              (_sbrk)
C:\Users\Leo\AppData\Local\Temp\arduino-sketch-2F9A1F719AE1C11D5336B04C6DA28EDB/..\arduino-core-cache\core_arduino_sam_arduino_due_x_dbg_b83292a7f641aea99c65ab6c0fd050e8.a(wiring.c.o)
                              C:\Users\Leo\AppData\Local\Temp\arduino-sketch-2F9A1F719AE1C11D5336B04C6DA28EDB\libraries\FastLED\FastLED.cpp.o (millis)
C:\Users\Leo\AppData\Local\Temp\arduino-sketch-2F9A1F719AE1C11D5336B04C6DA28EDB/..\arduino-core-cache\core_arduino_sam_arduino_due_x_dbg_b83292a7f641aea99c65ab6c0fd050e8.a(wiring_analog.c.o)
                              C:\Users\Leo\AppData\Local\Temp\arduino-sketch-2F9A1F719AE1C11D5336B04C6DA28EDB\core\variant.cpp.o (analogOutputInit)
C:\Users\Leo\AppData\Local\Temp\arduino-sketch-2F9A1F719AE1C11D5336B04C6DA28EDB/..\arduino-core-cache\core_arduino_sam_arduino_due_x_dbg_b83292a7f641aea99c65ab6c0fd050e8.a(wiring_digital.c.o)
                              C:\Users\Leo\AppData\Local\Temp\arduino-sketch-2F9A1F719AE1C11D5336B04C6DA28EDB\sketch\forestPalletDue.ino.cpp.o (pinMode)
C:\Users\Leo\AppData\Local\Temp\arduino-sketch-2F9A1F719AE1C11D5336B04C6DA28EDB/..\arduino-core-cache\core_arduino_sam_arduino_due_x_dbg_b83292a7f641aea99c65ab6c0fd050e8.a(Reset.cpp.o)
                              C:\Users\Leo\AppData\Local\Temp\arduino-sketch-2F9A1F719AE1C11D5336B04C6DA28EDB/..\arduino-core-cache\core_arduino_sam_arduino_due_x_dbg_b83292a7f641aea99c65ab6c0fd050e8.a(cortex_handlers.c.o) (tickReset)
C:\Users\Leo\AppData\Local\Temp\arduino-sketch-2F9A1F719AE1C11D5336B04C6DA28EDB/..\arduino-core-cache\core_arduino_sam_arduino_due_x_dbg_b83292a7f641aea99c65ab6c0fd050e8.a(RingBuffer.cpp.o)
[...]
Memory Configuration

Name             Origin             Length             Attributes
rom              0x00080000         0x00080000         xr
sram0            0x20000000         0x00010000         xrw
sram1            0x20080000         0x00008000         xrw
ram              0x20070000         0x00018000         xrw
*default*        0x00000000         0xffffffff

Linker script and memory map

LOAD c:/users/leo/appdata/local/arduino15/packages/arduino/tools/arm-none-eabi-gcc/4.8.3-2014q1/bin/../lib/gcc/arm-none-eabi/4.8.3/armv7-m/crti.o
LOAD c:/users/leo/appdata/local/arduino15/packages/arduino/tools/arm-none-eabi-gcc/4.8.3-2014q1/bin/../lib/gcc/arm-none-eabi/4.8.3/armv7-m/crtbegin.o
LOAD c:/users/leo/appdata/local/arduino15/packages/arduino/tools/arm-none-eabi-gcc/4.8.3-2014q1/bin/../lib/gcc/arm-none-eabi/4.8.3/../../../../arm-none-eabi/lib/armv7-m/crt0.o
START GROUP
LOAD C:\Users\Leo\AppData\Local\Temp\arduino-sketch-2F9A1F719AE1C11D5336B04C6DA28EDB\sketch\forestPalletDue.ino.cpp.o
LOAD C:\Users\Leo\AppData\Local\Temp\arduino-sketch-2F9A1F719AE1C11D5336B04C6DA28EDB\libraries\FastLED\FastLED.cpp.o
LOAD C:\Users\Leo\AppData\Local\Temp\arduino-sketch-2F9A1F719AE1C11D5336B04C6DA28EDB\libraries\FastLED\bitswap.cpp.o
LOAD C:\Users\Leo\AppData\Local\Temp\arduino-sketch-2F9A1F719AE1C11D5336B04C6DA28EDB\libraries\FastLED\colorpalettes.cpp.o
LOAD C:\Users\Leo\AppData\Local\Temp\arduino-sketch-2F9A1F719AE1C11D5336B04C6DA28EDB\libraries\FastLED\colorutils.cpp.o
LOAD C:\Users\Leo\AppData\Local\Temp\arduino-sketch-2F9A1F719AE1C11D5336B04C6DA28EDB\libraries\FastLED\hsv2rgb.cpp.o
LOAD C:\Users\Leo\AppData\Local\Temp\arduino-sketch-2F9A1F719AE1C11D5336B04C6DA28EDB\libraries\FastLED\lib8tion.cpp.o
LOAD C:\Users\Leo\AppData\Local\Temp\arduino-sketch-2F9A1F719AE1C11D5336B04C6DA28EDB\libraries\FastLED\noise.cpp.o
LOAD C:\Users\Leo\AppData\Local\Temp\arduino-sketch-2F9A1F719AE1C11D5336B04C6DA28EDB\libraries\FastLED\platforms.cpp.o
LOAD C:\Users\Leo\AppData\Local\Temp\arduino-sketch-2F9A1F719AE1C11D5336B04C6DA28EDB\libraries\FastLED\power_mgt.cpp.o
LOAD C:\Users\Leo\AppData\Local\Temp\arduino-sketch-2F9A1F719AE1C11D5336B04C6DA28EDB\libraries\FastLED\wiring.cpp.o
LOAD C:\Users\Leo\AppData\Local\Temp\arduino-sketch-2F9A1F719AE1C11D5336B04C6DA28EDB\core\variant.cpp.o
LOAD C:\Users\Leo\AppData\Local\Arduino15\packages\arduino\hardware\sam\1.6.12\variants\arduino_due_x/libsam_sam3x8e_gcc_rel.a
LOAD C:\Users\Leo\AppData\Local\Temp\arduino-sketch-2F9A1F719AE1C11D5336B04C6DA28EDB/..\arduino-core-cache\core_arduino_sam_arduino_due_x_dbg_b83292a7f641aea99c65ab6c0fd050e8.a
END GROUP
LOAD c:/users/leo/appdata/local/arduino15/packages/arduino/tools/arm-none-eabi-gcc/4.8.3-2014q1/bin/../lib/gcc/arm-none-eabi/4.8.3/../../../../arm-none-eabi/lib/armv7-m\libm.a
LOAD c:/users/leo/appdata/local/arduino15/packages/arduino/tools/arm-none-eabi-gcc/4.8.3-2014q1/bin/../lib/gcc/arm-none-eabi/4.8.3/armv7-m\libgcc.a
START GROUP
LOAD c:/users/leo/appdata/local/arduino15/packages/arduino/tools/arm-none-eabi-gcc/4.8.3-2014q1/bin/../lib/gcc/arm-none-eabi/4.8.3/armv7-m\libgcc.a
LOAD c:/users/leo/appdata/local/arduino15/packages/arduino/tools/arm-none-eabi-gcc/4.8.3-2014q1/bin/../lib/gcc/arm-none-eabi/4.8.3/../../../../arm-none-eabi/lib/armv7-m\libc.a
END GROUP
LOAD c:/users/leo/appdata/local/arduino15/packages/arduino/tools/arm-none-eabi-gcc/4.8.3-2014q1/bin/../lib/gcc/arm-none-eabi/4.8.3/armv7-m/crtend.o
LOAD c:/users/leo/appdata/local/arduino15/packages/arduino/tools/arm-none-eabi-gcc/4.8.3-2014q1/bin/../lib/gcc/arm-none-eabi/4.8.3/armv7-m/crtn.o

.text           0x00080000     0x6044
                0x00080000                . = ALIGN (0x4)
                0x00080000                _sfixed = .
 *(.vectors .vectors.*)
 .vectors       0x00080000       0xf4 C:\Users\Leo\AppData\Local\Arduino15\packages\arduino\hardware\sam\1.6.12\variants\arduino_due_x/libsam_sam3x8e_gcc_rel.a(startup_sam3xa.o)
                0x00080000                exception_table
 *(.text .text.* .gnu.linkonce.t.*)
 .text          0x000800f4       0x54 c:/users/leo/appdata/local/arduino15/packages/arduino/tools/arm-none-eabi-gcc/4.8.3-2014q1/bin/../lib/gcc/arm-none-eabi/4.8.3/armv7-m/crtbegin.o
 .text._ZN14CLEDController4sizeEv
                0x00080148        0x4 C:\Users\Leo\AppData\Local\Temp\arduino-sketch-2F9A1F719AE1C11D5336B04C6DA28EDB\sketch\forestPalletDue.ino.cpp.o
                0x00080148                CLEDController::size()
 .text._ZN14CLEDController9clearLedsEi
                0x0008014c       0x2c C:\Users\Leo\AppData\Local\Temp\arduino-sketch-2F9A1F719AE1C11D5336B04C6DA28EDB\sketch\forestPalletDue.ino.cpp.o
                0x0008014c                CLEDController::clearLeds(int)
 .text._ZNK19ClocklessControllerILh21ELi21ELi53ELi32EL6EOrder66ELi0ELb0ELi50EE17getMaxRefreshRateEv
                0x00080178        0x6 C:\Users\Leo\AppData\Local\Temp\arduino-sketch-2F9A1F719AE1C11D5336B04C6DA28EDB\sketch\forestPalletDue.ino.cpp.o
                0x00080178                ClocklessController<(unsigned char)21, 21, 53, 32, (EOrder)66, 0, false, 50>::getMaxRefreshRate() const
 *fill*         0x0008017e        0x2 
 .text._ZN19ClocklessControllerILh21ELi21ELi53ELi32EL6EOrder66ELi0ELb0ELi50EE4initEv
                0x00080180       0x1c C:\Users\Leo\AppData\Local\Temp\arduino-sketch-2F9A1F719AE1C11D5336B04C6DA28EDB\sketch\forestPalletDue.ino.cpp.o
                0x00080180                ClocklessController<(unsigned char)21, 21, 53, 32, (EOrder)66, 0, false, 50>::init()
 .text.setup    0x0008019c       0x9c C:\Users\Leo\AppData\Local\Temp\arduino-sketch-2F9A1F719AE1C11D5336B04C6DA28EDB\sketch\forestPalletDue.ino.cpp.o
                0x0008019c                setup
 .text._Z25FillLEDsFromPaletteColorsh
                0x00080238       0x44 C:\Users\Leo\AppData\Local\Temp\arduino-sketch-2F9A1F719AE1C11D5336B04C6DA28EDB\sketch\forestPalletDue.ino.cpp.o
                0x00080238                FillLEDsFromPaletteColors(unsigned char)
 .text.loop     0x0008027c       0x30 C:\Users\Leo\AppData\Local\Temp\arduino-sketch-2F9A1F719AE1C11D5336B04C6DA28EDB\sketch\forestPalletDue.ino.cpp.o
                0x0008027c                loop
 .text._ZN19ClocklessControllerILh21ELi21ELi53ELi32EL6EOrder66ELi0ELb0ELi50EE15showRGBInternalE15PixelControllerILS0_66ELi1ELm4294967295EE
                0x000802ac      0x1d8 C:\Users\Leo\AppData\Local\Temp\arduino-sketch-2F9A1F719AE1C11D5336B04C6DA28EDB\sketch\forestPalletDue.ino.cpp.o
                0x000802ac                ClocklessController<(unsigned char)21, 21, 53, 32, (EOrder)66, 0, false, 50>::showRGBInternal(PixelController<(EOrder)66, 1, 4294967295ul>)
 .text._ZN15PixelControllerIL6EOrder66ELi1ELm4294967295EEC2ERKS1_
                0x00080484       0x38 C:\Users\Leo\AppData\Local\Temp\arduino-sketch-2F9A1F719AE1C11D5336B04C6DA28EDB\sketch\forestPalletDue.ino.cpp.o
                0x00080484                PixelController<(EOrder)66, 1, 4294967295ul>::PixelController(PixelController<(EOrder)66, 1, 4294967295ul> const&)
                0x00080484                PixelController<(EOrder)66, 1, 4294967295ul>::PixelController(PixelController<(EOrder)66, 1, 4294967295ul> const&)
 .text._ZN19ClocklessControllerILh21ELi21ELi53ELi32EL6EOrder66ELi0ELb0ELi50EE10showPixelsER15PixelControllerILS0_66ELi1ELm4294967295EE
                0x000804bc       0x50 C:\Users\Leo\AppData\Local\Temp\arduino-sketch-2F9A1F719AE1C11D5336B04C6DA28EDB\sketch\forestPalletDue.ino.cpp.o
                0x000804bc                ClocklessController<(unsigned char)21, 21, 53, 32, (EOrder)66, 0, false, 50>::showPixels(PixelController<(EOrder)66, 1, 4294967295ul>&)
 .text._ZN15PixelControllerIL6EOrder66ELi1ELm4294967295EE11initOffsetsEi
                0x0008050c        0x6 C:\Users\Leo\AppData\Local\Temp\arduino-sketch-2F9A1F719AE1C11D5336B04C6DA28EDB\sketch\forestPalletDue.ino.cpp.o
                0x0008050c                PixelController<(EOrder)66, 1, 4294967295ul>::initOffsets(int)
 *fill*         0x00080512        0x2 
 .text._ZN15PixelControllerIL6EOrder66ELi1ELm4294967295EE21init_binary_ditheringEv
                0x00080514       0x68 C:\Users\Leo\AppData\Local\Temp\arduino-sketch-2F9A1F719AE1C11D5336B04C6DA28EDB\sketch\forestPalletDue.ino.cpp.o
                0x00080514                PixelController<(EOrder)66, 1, 4294967295ul>::init_binary_dithering()
 .text._ZN19CPixelLEDControllerIL6EOrder66ELi1ELm4294967295EE9showColorERK4CRGBiS2_
                0x0008057c       0x64 C:\Users\Leo\AppData\Local\Temp\arduino-sketch-2F9A1F719AE1C11D5336B04C6DA28EDB\sketch\forestPalletDue.ino.cpp.o
                0x0008057c                CPixelLEDController<(EOrder)66, 1, 4294967295ul>::showColor(CRGB const&, int, CRGB)
 .text._ZN19CPixelLEDControllerIL6EOrder66ELi1ELm4294967295EE4showEPK4CRGBiS2_
                0x000805e0       0x64 C:\Users\Leo\AppData\Local\Temp\arduino-sketch-2F9A1F719AE1C11D5336B04C6DA28EDB\sketch\forestPalletDue.ino.cpp.o
                0x000805e0                CPixelLEDController<(EOrder)66, 1, 4294967295ul>::show(CRGB const*, int, CRGB)
 .text._ZN14CLEDController13getAdjustmentEh
                0x00080644       0x30 C:\Users\Leo\AppData\Local\Temp\arduino-sketch-2F9A1F719AE1C11D5336B04C6DA28EDB\libraries\FastLED\FastLED.cpp.o
                0x00080644                CLEDController::getAdjustment(unsigned char)
 .text._ZN8CFastLED8countFPSEi
                0x00080674       0x40 C:\Users\Leo\AppData\Local\Temp\arduino-sketch-2F9A1F719AE1C11D5336B04C6DA28EDB\libraries\FastLED\FastLED.cpp.o
                0x00080674                CFastLED::countFPS(int)
 .text._ZN8CFastLED4showEh
                0x000806b4       0x80 C:\Users\Leo\AppData\Local\Temp\arduino-sketch-2F9A1F719AE1C11D5336B04C6DA28EDB\libraries\FastLED\FastLED.cpp.o
                0x000806b4                CFastLED::show(unsigned char)
 .text._ZN8CFastLED5delayEm
                0x00080734       0x24 C:\Users\Leo\AppData\Local\Temp\arduino-sketch-2F9A1F719AE1C11D5336B04C6DA28EDB\libraries\FastLED\FastLED.cpp.o
                0x00080734                CFastLED::delay(unsigned long)
 .text._ZN8CFastLED17setMaxRefreshRateEtb
                0x00080758       0x28 C:\Users\Leo\AppData\Local\Temp\arduino-sketch-2F9A1F719AE1C11D5336B04C6DA28EDB\libraries\FastLED\FastLED.cpp.o
                0x00080758                CFastLED::setMaxRefreshRate(unsigned short, bool)
 .text._ZN8CFastLED7addLedsEP14CLEDControllerP4CRGBii
                0x00080780       0x3c C:\Users\Leo\AppData\Local\Temp\arduino-sketch-2F9A1F719AE1C11D5336B04C6DA28EDB\libraries\FastLED\FastLED.cpp.o
                0x00080780                CFastLED::addLeds(CLEDController*, CRGB*, int, int)
 .text.atexit   0x000807bc        0x4 C:\Users\Leo\AppData\Local\Temp\arduino-sketch-2F9A1F719AE1C11D5336B04C6DA28EDB\libraries\FastLED\FastLED.cpp.o
                0x000807bc                atexit
 .text.startup._GLOBAL__sub_I_fuckit
                0x000807c0       0x18 C:\Users\Leo\AppData\Local\Temp\arduino-sketch-2F9A1F719AE1C11D5336B04C6DA28EDB\libraries\FastLED\FastLED.cpp.o
 .text._Z16ColorFromPaletteRA16_Kmhh10TBlendType
                0x000807d8       0xa8 C:\Users\Leo\AppData\Local\Temp\arduino-sketch-2F9A1F719AE1C11D5336B04C6DA28EDB\libraries\FastLED\colorutils.cpp.o
                0x000807d8                ColorFromPalette(unsigned long const (&) [16], unsigned char, unsigned char, TBlendType)
 .text._Z27calculate_unscaled_power_mWPK4CRGBt
                0x00080880       0x3e C:\Users\Leo\AppData\Local\Temp\arduino-sketch-2F9A1F719AE1C11D5336B04C6DA28EDB\libraries\FastLED\power_mgt.cpp.o
                0x00080880                calculate_unscaled_power_mW(CRGB const*, unsigned short)
 *fill*         0x000808be        0x2 
 .text._Z37calculate_max_brightness_for_power_mWhm
                0x000808c0       0x8c C:\Users\Leo\AppData\Local\Temp\arduino-sketch-2F9A1F719AE1C11D5336B04C6DA28EDB\libraries\FastLED\power_mgt.cpp.o
                0x000808c0                calculate_max_brightness_for_power_mW(unsigned char, unsigned long)
 .text._Z11serialEventv
                0x0008094c        0x2 C:\Users\Leo\AppData\Local\Temp\arduino-sketch-2F9A1F719AE1C11D5336B04C6DA28EDB\core\variant.cpp.o
                0x0008094c                serialEvent()
 *fill*         0x0008094e        0x2 
 .text.UART_Handler
                0x00080950        0xc C:\Users\Leo\AppData\Local\Temp\arduino-sketch-2F9A1F719AE1C11D5336B04C6DA28EDB\core\variant.cpp.o
                0x00080950                UART_Handler
 .text._Z12serialEvent1v
                0x0008095c        0x2 C:\Users\Leo\AppData\Local\Temp\arduino-sketch-2F9A1F719AE1C11D5336B04C6DA28EDB\core\variant.cpp.o
                0x0008095c                serialEvent1()
 .text._Z12serialEvent2v
                0x0008095e        0x2 C:\Users\Leo\AppData\Local\Temp\arduino-sketch-2F9A1F719AE1C11D5336B04C6DA28EDB\core\variant.cpp.o
                0x0008095e                serialEvent2()
 .text._Z12serialEvent3v
                0x00080960        0x2 C:\Users\Leo\AppData\Local\Temp\arduino-sketch-2F9A1F719AE1C11D5336B04C6DA28EDB\core\variant.cpp.o
                0x00080960                serialEvent3()
 *fill*         0x00080962        0x2 
 .text.USART0_Handler
                0x00080964        0xc C:\Users\Leo\AppData\Local\Temp\arduino-sketch-2F9A1F719AE1C11D5336B04C6DA28EDB\core\variant.cpp.o
                0x00080964                USART0_Handler
 .text.USART1_Handler
                0x00080970        0xc C:\Users\Leo\AppData\Local\Temp\arduino-sketch-2F9A1F719AE1C11D5336B04C6DA28EDB\core\variant.cpp.o
                0x00080970                USART1_Handler
 .text.USART3_Handler
                0x0008097c        0xc C:\Users\Leo\AppData\Local\Temp\arduino-sketch-2F9A1F719AE1C11D5336B04C6DA28EDB\core\variant.cpp.o
                0x0008097c                USART3_Handler
 .text.init     0x00080988      0x128 C:\Users\Leo\AppData\Local\Temp\arduino-sketch-2F9A1F719AE1C11D5336B04C6DA28EDB\core\variant.cpp.o
                0x00080988                init
 .text.startup._GLOBAL__sub_I_g_APinDescription
                0x00080ab0       0xd4 C:\Users\Leo\AppData\Local\Temp\arduino-sketch-2F9A1F719AE1C11D5336B04C6DA28EDB\core\variant.cpp.o
 .text._Z14serialEventRunv
                0x00080b84       0x44 C:\Users\Leo\AppData\Local\Temp\arduino-sketch-2F9A1F719AE1C11D5336B04C6DA28EDB\core\variant.cpp.o
                0x00080b84                serialEventRun()
 .text.PIO_PullUp
                0x00080bc8        0xa C:\Users\Leo\AppData\Local\Arduino15\packages\arduino\hardware\sam\1.6.12\variants\arduino_due_x/libsam_sam3x8e_gcc_rel.a(pio.o)
                0x00080bc8                PIO_PullUp
 .text.PIO_SetPeripheral
                0x00080bd2       0x26 C:\Users\Leo\AppData\Local\Arduino15\packages\arduino\hardware\sam\1.6.12\variants\arduino_due_x/libsam_sam3x8e_gcc_rel.a(pio.o)
                0x00080bd2                PIO_SetPeripheral
 .text.PIO_SetInput
                0x00080bf8       0x26 C:\Users\Leo\AppData\Local\Arduino15\packages\arduino\hardware\sam\1.6.12\variants\arduino_due_x/libsam_sam3x8e_gcc_rel.a(pio.o)
                0x00080bf8                PIO_SetInput
 .text.PIO_SetOutput
                0x00080c1e       0x24 C:\Users\Leo\AppData\Local\Arduino15\packages\arduino\hardware\sam\1.6.12\variants\arduino_due_x/libsam_sam3x8e_gcc_rel.a(pio.o)
                0x00080c1e                PIO_SetOutput
 *fill*         0x00080c42        0x2 
 .text.PIO_Configure
                0x00080c44       0x64 C:\Users\Leo\AppData\Local\Arduino15\packages\arduino\hardware\sam\1.6.12\variants\arduino_due_x/libsam_sam3x8e_gcc_rel.a(pio.o)
                0x00080c44                PIO_Configure
 .text.PIO_GetOutputDataStatus
                0x00080ca8       0x14 C:\Users\Leo\AppData\Local\Arduino15\packages\arduino\hardware\sam\1.6.12\variants\arduino_due_x/libsam_sam3x8e_gcc_rel.a(pio.o)
                0x00080ca8                PIO_GetOutputDataStatus
 .text.pmc_enable_upll_clock
                0x00080cbc       0x14 C:\Users\Leo\AppData\Local\Arduino15\packages\arduino\hardware\sam\1.6.12\variants\arduino_due_x/libsam_sam3x8e_gcc_rel.a(pmc.o)
                0x00080cbc                pmc_enable_upll_clock
 .text.pmc_enable_periph_clk
                0x00080cd0       0x44 C:\Users\Leo\AppData\Local\Arduino15\packages\arduino\hardware\sam\1.6.12\variants\arduino_due_x/libsam_sam3x8e_gcc_rel.a(pmc.o)
                0x00080cd0                pmc_enable_periph_clk
 .text.pmc_disable_periph_clk
                0x00080d14       0x40 C:\Users\Leo\AppData\Local\Arduino15\packages\arduino\hardware\sam\1.6.12\variants\arduino_due_x/libsam_sam3x8e_gcc_rel.a(pmc.o)
                0x00080d14                pmc_disable_periph_clk
 .text.pmc_switch_udpck_to_upllck
                0x00080d54       0x14 C:\Users\Leo\AppData\Local\Arduino15\packages\arduino\hardware\sam\1.6.12\variants\arduino_due_x/libsam_sam3x8e_gcc_rel.a(pmc.o)
                0x00080d54                pmc_switch_udpck_to_upllck
 .text.pmc_enable_udpck
                0x00080d68        0xc C:\Users\Leo\AppData\Local\Arduino15\packages\arduino\hardware\sam\1.6.12\variants\arduino_due_x/libsam_sam3x8e_gcc_rel.a(pmc.o)
                0x00080d68                pmc_enable_udpck
 .text.TC_Configure
                0x00080d74       0x38 C:\Users\Leo\AppData\Local\Arduino15\packages\arduino\hardware\sam\1.6.12\variants\arduino_due_x/libsam_sam3x8e_gcc_rel.a(tc.o)
                0x00080d74                TC_Configure
 .text.TC_Start
                0x00080dac       0x2c C:\Users\Leo\AppData\Local\Arduino15\packages\arduino\hardware\sam\1.6.12\variants\arduino_due_x/libsam_sam3x8e_gcc_rel.a(tc.o)
                0x00080dac                TC_Start
 .text.TC_Stop  0x00080dd8       0x2c C:\Users\Leo\AppData\Local\Arduino15\packages\arduino\hardware\sam\1.6.12\variants\arduino_due_x/libsam_sam3x8e_gcc_rel.a(tc.o)
                0x00080dd8                TC_Stop
 .text.SystemInit
                0x00080e04       0x88 C:\Users\Leo\AppData\Local\Arduino15\packages\arduino\hardware\sam\1.6.12\variants\arduino_due_x/libsam_sam3x8e_gcc_rel.a(system_sam3xa.o)
                0x00080e04                SystemInit
 .text.Reset_Handler
                0x00080e8c       0x78 C:\Users\Leo\AppData\Local\Arduino15\packages\arduino\hardware\sam\1.6.12\variants\arduino_due_x/libsam_sam3x8e_gcc_rel.a(startup_sam3xa.o)
                0x00080e8c                Reset_Handler
 .text.adc_init
                0x00080f04       0x98 C:\Users\Leo\AppData\Local\Arduino15\packages\arduino\hardware\sam\1.6.12\variants\arduino_due_x/libsam_sam3x8e_gcc_rel.a(adc.o)
                0x00080f04                adc_init
 .text.adc_configure_trigger
                0x00080f9c        0xe C:\Users\Leo\AppData\Local\Arduino15\packages\arduino\hardware\sam\1.6.12\variants\arduino_due_x/libsam_sam3x8e_gcc_rel.a(adc.o)
                0x00080f9c                adc_configure_trigger
 .text.adc_configure_timing
                0x00080faa       0x1a C:\Users\Leo\AppData\Local\Arduino15\packages\arduino\hardware\sam\1.6.12\variants\arduino_due_x/libsam_sam3x8e_gcc_rel.a(adc.o)
                0x00080faa                adc_configure_timing
 .text.adc_disable_channel
                0x00080fc4        0xa C:\Users\Leo\AppData\Local\Arduino15\packages\arduino\hardware\sam\1.6.12\variants\arduino_due_x/libsam_sam3x8e_gcc_rel.a(adc.o)
                0x00080fc4                adc_disable_channel
 .text.adc_disable_all_channel
                0x00080fce        0x8 C:\Users\Leo\AppData\Local\Arduino15\packages\arduino\hardware\sam\1.6.12\variants\arduino_due_x/libsam_sam3x8e_gcc_rel.a(adc.o)
                0x00080fce                adc_disable_all_channel
 .text.adc_disable_interrupt
                0x00080fd6        0x4 C:\Users\Leo\AppData\Local\Arduino15\packages\arduino\hardware\sam\1.6.12\variants\arduino_due_x/libsam_sam3x8e_gcc_rel.a(adc.o)
                0x00080fd6                adc_disable_interrupt
 *fill*         0x00080fda        0x2 
 .text.UOTGHS_Handler
                0x00080fdc       0x10 C:\Users\Leo\AppData\Local\Arduino15\packages\arduino\hardware\sam\1.6.12\variants\arduino_due_x/libsam_sam3x8e_gcc_rel.a(uotghs.o)
                0x00080fdc                UOTGHS_Handler
 .text.PIOA_Handler
                0x00080fec       0x38 C:\Users\Leo\AppData\Local\Temp\arduino-sketch-2F9A1F719AE1C11D5336B04C6DA28EDB/..\arduino-core-cache\core_arduino_sam_arduino_due_x_dbg_b83292a7f641aea99c65ab6c0fd050e8.a(WInterrupts.c.o)
                0x00080fec                PIOA_Handler
 .text.PIOB_Handler
                0x00081024       0x38 C:\Users\Leo\AppData\Local\Temp\arduino-sketch-2F9A1F719AE1C11D5336B04C6DA28EDB/..\arduino-core-cache\core_arduino_sam_arduino_due_x_dbg_b83292a7f641aea99c65ab6c0fd050e8.a(WInterrupts.c.o)
                0x00081024                PIOB_Handler
 .text.PIOC_Handler
                0x0008105c       0x38 C:\Users\Leo\AppData\Local\Temp\arduino-sketch-2F9A1F719AE1C11D5336B04C6DA28EDB/..\arduino-core-cache\core_arduino_sam_arduino_due_x_dbg_b83292a7f641aea99c65ab6c0fd050e8.a(WInterrupts.c.o)
                0x0008105c                PIOC_Handler
 .text.PIOD_Handler
                0x00081094       0x38 C:\Users\Leo\AppData\Local\Temp\arduino-sketch-2F9A1F719AE1C11D5336B04C6DA28EDB/..\arduino-core-cache\core_arduino_sam_arduino_due_x_dbg_b83292a7f641aea99c65ab6c0fd050e8.a(WInterrupts.c.o)
                0x00081094                PIOD_Handler
 .text.__halt   0x000810cc        0x2 C:\Users\Leo\AppData\Local\Temp\arduino-sketch-2F9A1F719AE1C11D5336B04C6DA28EDB/..\arduino-core-cache\core_arduino_sam_arduino_due_x_dbg_b83292a7f641aea99c65ab6c0fd050e8.a(cortex_handlers.c.o)
                0x000810cc                DACC_Handler
                0x000810cc                DebugMon_Handler
                0x000810cc                DMAC_Handler
                0x000810cc                TRNG_Handler
                0x000810cc                HardFault_Handler
                0x000810cc                TC2_Handler
                0x000810cc                TWI1_Handler
                0x000810cc                NMI_Handler
                0x000810cc                TC7_Handler
                0x000810cc                ADC_Handler
                0x000810cc                SMC_Handler
                0x000810cc                RTT_Handler
                0x000810cc                EFC1_Handler
                0x000810cc                RTC_Handler
                0x000810cc                UsageFault_Handler
                0x000810cc                TC6_Handler
                0x000810cc                WDT_Handler
                0x000810cc                CAN0_Handler
                0x000810cc                TC4_Handler
                0x000810cc                TC1_Handler
                0x000810cc                HSMCI_Handler
                0x000810cc                TC3_Handler
                0x000810cc                TWI0_Handler
                0x000810cc                SSC_Handler
                0x000810cc                EFC0_Handler
                0x000810cc                PMC_Handler
                0x000810cc                PWM_Handler
                0x000810cc                CAN1_Handler
                0x000810cc                MemManage_Handler
                0x000810cc                SUPC_Handler
                0x000810cc                TC8_Handler
                0x000810cc                USART2_Handler
                0x000810cc                EMAC_Handler
                0x000810cc                BusFault_Handler
                0x000810cc                RSTC_Handler
                0x000810cc                TC0_Handler
                0x000810cc                TC5_Handler
                0x000810cc                SPI0_Handler
 .text.SVC_Handler
                0x000810ce        0x4 C:\Users\Leo\AppData\Local\Temp\arduino-sketch-2F9A1F719AE1C11D5336B04C6DA28EDB/..\arduino-core-cache\core_arduino_sam_arduino_due_x_dbg_b83292a7f641aea99c65ab6c0fd050e8.a(cortex_handlers.c.o)
                0x000810ce                SVC_Handler
 .text.PendSV_Handler
                0x000810d2        0x4 C:\Users\Leo\AppData\Local\Temp\arduino-sketch-2F9A1F719AE1C11D5336B04C6DA28EDB/..\arduino-core-cache\core_arduino_sam_arduino_due_x_dbg_b83292a7f641aea99c65ab6c0fd050e8.a(cortex_handlers.c.o)
                0x000810d2                PendSV_Handler
 .text.SysTick_Handler
                0x000810d6       0x16 C:\Users\Leo\AppData\Local\Temp\arduino-sketch-2F9A1F719AE1C11D5336B04C6DA28EDB/..\arduino-core-cache\core_arduino_sam_arduino_due_x_dbg_b83292a7f641aea99c65ab6c0fd050e8.a(cortex_handlers.c.o)
                0x000810d6                SysTick_Handler
 .text.__empty  0x000810ec        0x2 C:\Users\Leo\AppData\Local\Temp\arduino-sketch-2F9A1F719AE1C11D5336B04C6DA28EDB/..\arduino-core-cache\core_arduino_sam_arduino_due_x_dbg_b83292a7f641aea99c65ab6c0fd050e8.a(hooks.c.o)
                0x000810ec                yield
 .text.__false  0x000810ee        0x4 C:\Users\Leo\AppData\Local\Temp\arduino-sketch-2F9A1F719AE1C11D5336B04C6DA28EDB/..\arduino-core-cache\core_arduino_sam_arduino_due_x_dbg_b83292a7f641aea99c65ab6c0fd050e8.a(hooks.c.o)
                0x000810ee                sysTickHook
 .text.__halt   0x000810f2        0x2 C:\Users\Leo\AppData\Local\Temp\arduino-sketch-2F9A1F719AE1C11D5336B04C6DA28EDB/..\arduino-core-cache\core_arduino_sam_arduino_due_x_dbg_b83292a7f641aea99c65ab6c0fd050e8.a(hooks.c.o)
                0x000810f2                svcHook
                0x000810f2                pendSVHook
 .text._sbrk    0x000810f4       0x1c C:\Users\Leo\AppData\Local\Temp\arduino-sketch-2F9A1F719AE1C11D5336B04C6DA28EDB/..\arduino-core-cache\core_arduino_sam_arduino_due_x_dbg_b83292a7f641aea99c65ab6c0fd050e8.a(syscalls_sam3.c.o)
                0x000810f4                _sbrk
 .text.link     0x00081110        0x6 C:\Users\Leo\AppData\Local\Temp\arduino-sketch-2F9A1F719AE1C11D5336B04C6DA28EDB/..\arduino-core-cache\core_arduino_sam_arduino_due_x_dbg_b83292a7f641aea99c65ab6c0fd050e8.a(syscalls_sam3.c.o)
                0x00081110                link
 .text._close   0x00081116        0x6 C:\Users\Leo\AppData\Local\Temp\arduino-sketch-2F9A1F719AE1C11D5336B04C6DA28EDB/..\arduino-core-cache\core_arduino_sam_arduino_due_x_dbg_b83292a7f641aea99c65ab6c0fd050e8.a(syscalls_sam3.c.o)
                0x00081116                _close
 .text._fstat   0x0008111c        0xa C:\Users\Leo\AppData\Local\Temp\arduino-sketch-2F9A1F719AE1C11D5336B04C6DA28EDB/..\arduino-core-cache\core_arduino_sam_arduino_due_x_dbg_b83292a7f641aea99c65ab6c0fd050e8.a(syscalls_sam3.c.o)
                0x0008111c                _fstat
 .text._isatty  0x00081126        0x4 C:\Users\Leo\AppData\Local\Temp\arduino-sketch-2F9A1F719AE1C11D5336B04C6DA28EDB/..\arduino-core-cache\core_arduino_sam_arduino_due_x_dbg_b83292a7f641aea99c65ab6c0fd050e8.a(syscalls_sam3.c.o)
                0x00081126                _isatty
 .text._lseek   0x0008112a        0x4 C:\Users\Leo\AppData\Local\Temp\arduino-sketch-2F9A1F719AE1C11D5336B04C6DA28EDB/..\arduino-core-cache\core_arduino_sam_arduino_due_x_dbg_b83292a7f641aea99c65ab6c0fd050e8.a(syscalls_sam3.c.o)
                0x0008112a                _lseek
 .text._read    0x0008112e        0x4 C:\Users\Leo\AppData\Local\Temp\arduino-sketch-2F9A1F719AE1C11D5336B04C6DA28EDB/..\arduino-core-cache\core_arduino_sam_arduino_due_x_dbg_b83292a7f641aea99c65ab6c0fd050e8.a(syscalls_sam3.c.o)
                0x0008112e                _read
 *fill*         0x00081132        0x2 
 .text._write   0x00081134       0x24 C:\Users\Leo\AppData\Local\Temp\arduino-sketch-2F9A1F719AE1C11D5336B04C6DA28EDB/..\arduino-core-cache\core_arduino_sam_arduino_due_x_dbg_b83292a7f641aea99c65ab6c0fd050e8.a(syscalls_sam3.c.o)
                0x00081134                _write
 .text._exit    0x00081158        0x2 C:\Users\Leo\AppData\Local\Temp\arduino-sketch-2F9A1F719AE1C11D5336B04C6DA28EDB/..\arduino-core-cache\core_arduino_sam_arduino_due_x_dbg_b83292a7f641aea99c65ab6c0fd050e8.a(syscalls_sam3.c.o)
                0x00081158                _exit
 .text._kill    0x0008115a        0x2 C:\Users\Leo\AppData\Local\Temp\arduino-sketch-2F9A1F719AE1C11D5336B04C6DA28EDB/..\arduino-core-cache\core_arduino_sam_arduino_due_x_dbg_b83292a7f641aea99c65ab6c0fd050e8.a(syscalls_sam3.c.o)
                0x0008115a                _kill
 .text._getpid  0x0008115c        0x6 C:\Users\Leo\AppData\Local\Temp\arduino-sketch-2F9A1F719AE1C11D5336B04C6DA28EDB/..\arduino-core-cache\core_arduino_sam_arduino_due_x_dbg_b83292a7f641aea99c65ab6c0fd050e8.a(syscalls_sam3.c.o)
                0x0008115c                _getpid
 .text.millis   0x00081162        0x4 C:\Users\Leo\AppData\Local\Temp\arduino-sketch-2F9A1F719AE1C11D5336B04C6DA28EDB/..\arduino-core-cache\core_arduino_sam_arduino_due_x_dbg_b83292a7f641aea99c65ab6c0fd050e8.a(wiring.c.o)
                0x00081162                millis
 *fill*         0x00081166        0x2 
 .text.micros   0x00081168       0x74 C:\Users\Leo\AppData\Local\Temp\arduino-sketch-2F9A1F719AE1C11D5336B04C6DA28EDB/..\arduino-core-cache\core_arduino_sam_arduino_due_x_dbg_b83292a7f641aea99c65ab6c0fd050e8.a(wiring.c.o)
                0x00081168                micros
 .text.delay    0x000811dc       0x1c C:\Users\Leo\AppData\Local\Temp\arduino-sketch-2F9A1F719AE1C11D5336B04C6DA28EDB/..\arduino-core-cache\core_arduino_sam_arduino_due_x_dbg_b83292a7f641aea99c65ab6c0fd050e8.a(wiring.c.o)
                0x000811dc                delay
 .text.analogOutputInit
                0x000811f8        0x2 C:\Users\Leo\AppData\Local\Temp\arduino-sketch-2F9A1F719AE1C11D5336B04C6DA28EDB/..\arduino-core-cache\core_arduino_sam_arduino_due_x_dbg_b83292a7f641aea99c65ab6c0fd050e8.a(wiring_analog.c.o)
                0x000811f8                analogOutputInit
 *fill*         0x000811fa        0x2 
 .text.pinMode  0x000811fc      0x108 C:\Users\Leo\AppData\Local\Temp\arduino-sketch-2F9A1F719AE1C11D5336B04C6DA28EDB/..\arduino-core-cache\core_arduino_sam_arduino_due_x_dbg_b83292a7f641aea99c65ab6c0fd050e8.a(wiring_digital.c.o)
                0x000811fc                pinMode
 .text.digitalWrite
                0x00081304       0x70 C:\Users\Leo\AppData\Local\Temp\arduino-sketch-2F9A1F719AE1C11D5336B04C6DA28EDB/..\arduino-core-cache\core_arduino_sam_arduino_due_x_dbg_b83292a7f641aea99c65ab6c0fd050e8.a(wiring_digital.c.o)
                0x00081304                digitalWrite
 .text.initiateReset
                0x00081374        0xc C:\Users\Leo\AppData\Local\Temp\arduino-sketch-2F9A1F719AE1C11D5336B04C6DA28EDB/..\arduino-core-cache\core_arduino_sam_arduino_due_x_dbg_b83292a7f641aea99c65ab6c0fd050e8.a(Reset.cpp.o)
                0x00081374                initiateReset
 .text.cancelReset
                0x00081380       0x10 C:\Users\Leo\AppData\Local\Temp\arduino-sketch-2F9A1F719AE1C11D5336B04C6DA28EDB/..\arduino-core-cache\core_arduino_sam_arduino_due_x_dbg_b83292a7f641aea99c65ab6c0fd050e8.a(Reset.cpp.o)
                0x00081380                cancelReset
 .text.tickReset
                0x00081390       0x20 C:\Users\Leo\AppData\Local\Temp\arduino-sketch-2F9A1F719AE1C11D5336B04C6DA28EDB/..\arduino-core-cache\core_arduino_sam_arduino_due_x_dbg_b83292a7f641aea99c65ab6c0fd050e8.a(Reset.cpp.o)
                0x00081390                tickReset
 .text._ZN10RingBufferC2Ev
                0x000813b0       0x1a C:\Users\Leo\AppData\Local\Temp\arduino-sketch-2F9A1F719AE1C11D5336B04C6DA28EDB/..\arduino-core-cache\core_arduino_sam_arduino_due_x_dbg_b83292a7f641aea99c65ab6c0fd050e8.a(RingBuffer.cpp.o)
                0x000813b0                RingBuffer::RingBuffer()
                0x000813b0                RingBuffer::RingBuffer()
 .text._ZN10RingBuffer10store_charEh
                0x000813ca       0x1e C:\Users\Leo\AppData\Local\Temp\arduino-sketch-2F9A1F719AE1C11D5336B04C6DA28EDB/..\arduino-core-cache\core_arduino_sam_arduino_due_x_dbg_b83292a7f641aea99c65ab6c0fd050e8.a(RingBuffer.cpp.o)
                0x000813ca                RingBuffer::store_char(unsigned char)
 .text._ZN9UARTClasscvbEv
                0x000813e8        0x4 C:\Users\Leo\AppData\Local\Temp\arduino-sketch-2F9A1F719AE1C11D5336B04C6DA28EDB/..\arduino-core-cache\core_arduino_sam_arduino_due_x_dbg_b83292a7f641aea99c65ab6c0fd050e8.a(UARTClass.cpp.o)
                0x000813e8                UARTClass::operator bool()
 .text._ZN9UARTClass9availableEv
                0x000813ec       0x12 C:\Users\Leo\AppData\Local\Temp\arduino-sketch-2F9A1F719AE1C11D5336B04C6DA28EDB/..\arduino-core-cache\core_arduino_sam_arduino_due_x_dbg_b83292a7f641aea99c65ab6c0fd050e8.a(UARTClass.cpp.o)
                0x000813ec                UARTClass::available()
 .text._ZN9UARTClass4peekEv
                0x000813fe       0x1c C:\Users\Leo\AppData\Local\Temp\arduino-sketch-2F9A1F719AE1C11D5336B04C6DA28EDB/..\arduino-core-cache\core_arduino_sam_arduino_due_x_dbg_b83292a7f641aea99c65ab6c0fd050e8.a(UARTClass.cpp.o)
                0x000813fe                UARTClass::peek()
 .text._ZN9UARTClass4readEv
                0x0008141a       0x2a C:\Users\Leo\AppData\Local\Temp\arduino-sketch-2F9A1F719AE1C11D5336B04C6DA28EDB/..\arduino-core-cache\core_arduino_sam_arduino_due_x_dbg_b83292a7f641aea99c65ab6c0fd050e8.a(UARTClass.cpp.o)
                0x0008141a                UARTClass::read()
 .text._ZN9UARTClass5flushEv
                0x00081444       0x18 C:\Users\Leo\AppData\Local\Temp\arduino-sketch-2F9A1F719AE1C11D5336B04C6DA28EDB/..\arduino-core-cache\core_arduino_sam_arduino_due_x_dbg_b83292a7f641aea99c65ab6c0fd050e8.a(UARTClass.cpp.o)
                0x00081444                UARTClass::flush()
 .text._ZN9UARTClass5writeEh
                0x0008145c       0x54 C:\Users\Leo\AppData\Local\Temp\arduino-sketch-2F9A1F719AE1C11D5336B04C6DA28EDB/..\arduino-core-cache\core_arduino_sam_arduino_due_x_dbg_b83292a7f641aea99c65ab6c0fd050e8.a(UARTClass.cpp.o)
                0x0008145c                UARTClass::write(unsigned char)
 .text._ZN9UARTClass3endEv
                0x000814b0       0x3c C:\Users\Leo\AppData\Local\Temp\arduino-sketch-2F9A1F719AE1C11D5336B04C6DA28EDB/..\arduino-core-cache\core_arduino_sam_arduino_due_x_dbg_b83292a7f641aea99c65ab6c0fd050e8.a(UARTClass.cpp.o)
                0x000814b0                UARTClass::end()
 .text._ZN9UARTClassC2EP4Uart4IRQnmP10RingBufferS4_
                0x000814ec       0x24 C:\Users\Leo\AppData\Local\Temp\arduino-sketch-2F9A1F719AE1C11D5336B04C6DA28EDB/..\arduino-core-cache\core_arduino_sam_arduino_due_x_dbg_b83292a7f641aea99c65ab6c0fd050e8.a(UARTClass.cpp.o)
                0x000814ec                UARTClass::UARTClass(Uart*, IRQn, unsigned long, RingBuffer*, RingBuffer*)
                0x000814ec                UARTClass::UARTClass(Uart*, IRQn, unsigned long, RingBuffer*, RingBuffer*)
 .text._ZN9UARTClass4initEmm
                0x00081510       0x70 C:\Users\Leo\AppData\Local\Temp\arduino-sketch-2F9A1F719AE1C11D5336B04C6DA28EDB/..\arduino-core-cache\core_arduino_sam_arduino_due_x_dbg_b83292a7f641aea99c65ab6c0fd050e8.a(UARTClass.cpp.o)
                0x00081510                UARTClass::init(unsigned long, unsigned long)
 .text._ZN9UARTClass5beginEm
                0x00081580        0x8 C:\Users\Leo\AppData\Local\Temp\arduino-sketch-2F9A1F719AE1C11D5336B04C6DA28EDB/..\arduino-core-cache\core_arduino_sam_arduino_due_x_dbg_b83292a7f641aea99c65ab6c0fd050e8.a(UARTClass.cpp.o)
                0x00081580                UARTClass::begin(unsigned long)
 .text._ZN9UARTClass10IrqHandlerEv
                0x00081588       0x5a C:\Users\Leo\AppData\Local\Temp\arduino-sketch-2F9A1F719AE1C11D5336B04C6DA28EDB/..\arduino-core-cache\core_arduino_sam_arduino_due_x_dbg_b83292a7f641aea99c65ab6c0fd050e8.a(UARTClass.cpp.o)
                0x00081588                UARTClass::IrqHandler()
 .text._ZN10USARTClass5beginEm
                0x000815e2        0x8 C:\Users\Leo\AppData\Local\Temp\arduino-sketch-2F9A1F719AE1C11D5336B04C6DA28EDB/..\arduino-core-cache\core_arduino_sam_arduino_due_x_dbg_b83292a7f641aea99c65ab6c0fd050e8.a(USARTClass.cpp.o)
                0x000815e2                USARTClass::begin(unsigned long)
 *fill*         0x000815ea        0x2 
 .text._ZN10USARTClassC2EP5Usart4IRQnmP10RingBufferS4_
                0x000815ec       0x24 C:\Users\Leo\AppData\Local\Temp\arduino-sketch-2F9A1F719AE1C11D5336B04C6DA28EDB/..\arduino-core-cache\core_arduino_sam_arduino_due_x_dbg_b83292a7f641aea99c65ab6c0fd050e8.a(USARTClass.cpp.o)
                0x000815ec                USARTClass::USARTClass(Usart*, IRQn, unsigned long, RingBuffer*, RingBuffer*)
                0x000815ec                USARTClass::USARTClass(Usart*, IRQn, unsigned long, RingBuffer*, RingBuffer*)
 .text.initVariant
                0x00081610        0x2 C:\Users\Leo\AppData\Local\Temp\arduino-sketch-2F9A1F719AE1C11D5336B04C6DA28EDB/..\arduino-core-cache\core_arduino_sam_arduino_due_x_dbg_b83292a7f641aea99c65ab6c0fd050e8.a(main.cpp.o)
                0x00081610                initVariant
 *fill*         0x00081612        0x2 
 .text.startup.main
                0x00081614       0x38 C:\Users\Leo\AppData\Local\Temp\arduino-sketch-2F9A1F719AE1C11D5336B04C6DA28EDB/..\arduino-core-cache\core_arduino_sam_arduino_due_x_dbg_b83292a7f641aea99c65ab6c0fd050e8.a(main.cpp.o)
                0x00081614                main
 .text._watchdogDefaultSetup
                0x0008164c        0xc C:\Users\Leo\AppData\Local\Temp\arduino-sketch-2F9A1F719AE1C11D5336B04C6DA28EDB/..\arduino-core-cache\core_arduino_sam_arduino_due_x_dbg_b83292a7f641aea99c65ab6c0fd050e8.a(watchdog.cpp.o)
                0x0008164c                _watchdogDefaultSetup
                0x0008164c                watchdogSetup()
 .text._ZN5Print5writeEPKhj
                0x00081658       0x22 C:\Users\Leo\AppData\Local\Temp\arduino-sketch-2F9A1F719AE1C11D5336B04C6DA28EDB/..\arduino-core-cache\core_arduino_sam_arduino_due_x_dbg_b83292a7f641aea99c65ab6c0fd050e8.a(Print.cpp.o)
                0x00081658                Print::write(unsigned char const*, unsigned int)
 *fill*         0x0008167a        0x2 
 .text.unlikely._ZL11USB_SendZlpv
                0x0008167c       0x20 C:\Users\Leo\AppData\Local\Temp\arduino-sketch-2F9A1F719AE1C11D5336B04C6DA28EDB/..\arduino-core-cache\core_arduino_sam_arduino_due_x_dbg_b83292a7f641aea99c65ab6c0fd050e8.a(USBCore.cpp.o)
 .text._Z14USBD_Availablem
                0x0008169c       0x2c C:\Users\Leo\AppData\Local\Temp\arduino-sketch-2F9A1F719AE1C11D5336B04C6DA28EDB/..\arduino-core-cache\core_arduino_sam_arduino_due_x_dbg_b83292a7f641aea99c65ab6c0fd050e8.a(USBCore.cpp.o)
                0x0008169c                USBD_Available(unsigned long)
 .text._Z9USBD_RecvmPvm
                0x000816c8       0x7c C:\Users\Leo\AppData\Local\Temp\arduino-sketch-2F9A1F719AE1C11D5336B04C6DA28EDB/..\arduino-core-cache\core_arduino_sam_arduino_due_x_dbg_b83292a7f641aea99c65ab6c0fd050e8.a(USBCore.cpp.o)
                0x000816c8                USBD_Recv(unsigned long, void*, unsigned long)
 .text._Z9USBD_Recvm
                0x00081744       0x22 C:\Users\Leo\AppData\Local\Temp\arduino-sketch-2F9A1F719AE1C11D5336B04C6DA28EDB/..\arduino-core-cache\core_arduino_sam_arduino_due_x_dbg_b83292a7f641aea99c65ab6c0fd050e8.a(USBCore.cpp.o)
                0x00081744                USBD_Recv(unsigned long)
 *fill*         0x00081766        0x2 
 .text._Z9USBD_SendmPKvm
                0x00081768       0x4c C:\Users\Leo\AppData\Local\Temp\arduino-sketch-2F9A1F719AE1C11D5336B04C6DA28EDB/..\arduino-core-cache\core_arduino_sam_arduino_due_x_dbg_b83292a7f641aea99c65ab6c0fd050e8.a(USBCore.cpp.o)
                0x00081768                USBD_Send(unsigned long, void const*, unsigned long)
 .text._Z16USBD_SendControlhPKvm
                0x000817b4       0x40 C:\Users\Leo\AppData\Local\Temp\arduino-sketch-2F9A1F719AE1C11D5336B04C6DA28EDB/..\arduino-core-cache\core_arduino_sam_arduino_due_x_dbg_b83292a7f641aea99c65ab6c0fd050e8.a(USBCore.cpp.o)
                0x000817b4                USBD_SendControl(unsigned char, void const*, unsigned long)
 .text.unlikely._ZL24USB_SendStringDescriptorPKhi
                0x000817f4       0x64 C:\Users\Leo\AppData\Local\Temp\arduino-sketch-2F9A1F719AE1C11D5336B04C6DA28EDB/..\arduino-core-cache\core_arduino_sam_arduino_due_x_dbg_b83292a7f641aea99c65ab6c0fd050e8.a(USBCore.cpp.o)
 .text._Z16USBD_RecvControlPvm
                0x00081858       0x1c C:\Users\Leo\AppData\Local\Temp\arduino-sketch-2F9A1F719AE1C11D5336B04C6DA28EDB/..\arduino-core-cache\core_arduino_sam_arduino_due_x_dbg_b83292a7f641aea99c65ab6c0fd050e8.a(USBCore.cpp.o)
                0x00081858                USBD_RecvControl(void*, unsigned long)
 .text._Z26USBD_ClassInterfaceRequestR8USBSetup
                0x00081874       0x1e C:\Users\Leo\AppData\Local\Temp\arduino-sketch-2F9A1F719AE1C11D5336B04C6DA28EDB/..\arduino-core-cache\core_arduino_sam_arduino_due_x_dbg_b83292a7f641aea99c65ab6c0fd050e8.a(USBCore.cpp.o)
                0x00081874                USBD_ClassInterfaceRequest(USBSetup&)
 .text._Z19USBD_SendInterfacesv
                0x00081892       0x22 C:\Users\Leo\AppData\Local\Temp\arduino-sketch-2F9A1F719AE1C11D5336B04C6DA28EDB/..\arduino-core-cache\core_arduino_sam_arduino_due_x_dbg_b83292a7f641aea99c65ab6c0fd050e8.a(USBCore.cpp.o)
                0x00081892                USBD_SendInterfaces()
 .text._Z24USBD_SendOtherInterfacesv
                0x000818b4       0x22 C:\Users\Leo\AppData\Local\Temp\arduino-sketch-2F9A1F719AE1C11D5336B04C6DA28EDB/..\arduino-core-cache\core_arduino_sam_arduino_due_x_dbg_b83292a7f641aea99c65ab6c0fd050e8.a(USBCore.cpp.o)
                0x000818b4                USBD_SendOtherInterfaces()
 .text._Z10USBD_Flushm
                0x000818d6       0x16 C:\Users\Leo\AppData\Local\Temp\arduino-sketch-2F9A1F719AE1C11D5336B04C6DA28EDB/..\arduino-core-cache\core_arduino_sam_arduino_due_x_dbg_b83292a7f641aea99c65ab6c0fd050e8.a(USBCore.cpp.o)
                0x000818d6                USBD_Flush(unsigned long)
 .text._ZN10USBDevice_C2Ev
                0x000818ec       0x24 C:\Users\Leo\AppData\Local\Temp\arduino-sketch-2F9A1F719AE1C11D5336B04C6DA28EDB/..\arduino-core-cache\core_arduino_sam_arduino_due_x_dbg_b83292a7f641aea99c65ab6c0fd050e8.a(USBCore.cpp.o)
                0x000818ec                USBDevice_::USBDevice_()
                0x000818ec                USBDevice_::USBDevice_()
 .text._ZN10USBDevice_6attachEv
                0x00081910       0x20 C:\Users\Leo\AppData\Local\Temp\arduino-sketch-2F9A1F719AE1C11D5336B04C6DA28EDB/..\arduino-core-cache\core_arduino_sam_arduino_due_x_dbg_b83292a7f641aea99c65ab6c0fd050e8.a(USBCore.cpp.o)
                0x00081910                USBDevice_::attach()
 .text.startup._GLOBAL__sub_I_EndPoints
                0x00081930        0xc C:\Users\Leo\AppData\Local\Temp\arduino-sketch-2F9A1F719AE1C11D5336B04C6DA28EDB/..\arduino-core-cache\core_arduino_sam_arduino_due_x_dbg_b83292a7f641aea99c65ab6c0fd050e8.a(USBCore.cpp.o)
 .text._ZL7USB_ISRv
                0x0008193c      0x454 C:\Users\Leo\AppData\Local\Temp\arduino-sketch-2F9A1F719AE1C11D5336B04C6DA28EDB/..\arduino-core-cache\core_arduino_sam_arduino_due_x_dbg_b83292a7f641aea99c65ab6c0fd050e8.a(USBCore.cpp.o)
 .text._ZN7Serial_9availableEv
                0x00081d90       0x18 C:\Users\Leo\AppData\Local\Temp\arduino-sketch-2F9A1F719AE1C11D5336B04C6DA28EDB/..\arduino-core-cache\core_arduino_sam_arduino_due_x_dbg_b83292a7f641aea99c65ab6c0fd050e8.a(CDC.cpp.o)
                0x00081d90                Serial_::available()
 .text._ZN7Serial_17availableForWriteEv
                0x00081da8        0x6 C:\Users\Leo\AppData\Local\Temp\arduino-sketch-2F9A1F719AE1C11D5336B04C6DA28EDB/..\arduino-core-cache\core_arduino_sam_arduino_due_x_dbg_b83292a7f641aea99c65ab6c0fd050e8.a(CDC.cpp.o)
                0x00081da8                Serial_::availableForWrite()
 *fill*         0x00081dae        0x2 
 .text._ZN7Serial_4peekEv
                0x00081db0       0x20 C:\Users\Leo\AppData\Local\Temp\arduino-sketch-2F9A1F719AE1C11D5336B04C6DA28EDB/..\arduino-core-cache\core_arduino_sam_arduino_due_x_dbg_b83292a7f641aea99c65ab6c0fd050e8.a(CDC.cpp.o)
                0x00081db0                Serial_::peek()
 .text._ZN7Serial_5writeEh
                0x00081dd0       0x16 C:\Users\Leo\AppData\Local\Temp\arduino-sketch-2F9A1F719AE1C11D5336B04C6DA28EDB/..\arduino-core-cache\core_arduino_sam_arduino_due_x_dbg_b83292a7f641aea99c65ab6c0fd050e8.a(CDC.cpp.o)
                0x00081dd0                Serial_::write(unsigned char)
 *fill*         0x00081de6        0x2 
 .text._ZN7Serial_4readEv
                0x00081de8       0x44 C:\Users\Leo\AppData\Local\Temp\arduino-sketch-2F9A1F719AE1C11D5336B04C6DA28EDB/..\arduino-core-cache\core_arduino_sam_arduino_due_x_dbg_b83292a7f641aea99c65ab6c0fd050e8.a(CDC.cpp.o)
                0x00081de8                Serial_::read()
 .text._ZN7Serial_5flushEv
                0x00081e2c        0x6 C:\Users\Leo\AppData\Local\Temp\arduino-sketch-2F9A1F719AE1C11D5336B04C6DA28EDB/..\arduino-core-cache\core_arduino_sam_arduino_due_x_dbg_b83292a7f641aea99c65ab6c0fd050e8.a(CDC.cpp.o)
                0x00081e2c                Serial_::flush()
 *fill*         0x00081e32        0x2 
 .text._ZN7Serial_6acceptEv
                0x00081e34       0x70 C:\Users\Leo\AppData\Local\Temp\arduino-sketch-2F9A1F719AE1C11D5336B04C6DA28EDB/..\arduino-core-cache\core_arduino_sam_arduino_due_x_dbg_b83292a7f641aea99c65ab6c0fd050e8.a(CDC.cpp.o)
                0x00081e34                Serial_::accept()
 .text._ZN7Serial_5writeEPKhj
                0x00081ea4       0x2c C:\Users\Leo\AppData\Local\Temp\arduino-sketch-2F9A1F719AE1C11D5336B04C6DA28EDB/..\arduino-core-cache\core_arduino_sam_arduino_due_x_dbg_b83292a7f641aea99c65ab6c0fd050e8.a(CDC.cpp.o)
                0x00081ea4                Serial_::write(unsigned char const*, unsigned int)
 .text._Z16CDC_GetInterfacePh
                0x00081ed0       0x14 C:\Users\Leo\AppData\Local\Temp\arduino-sketch-2F9A1F719AE1C11D5336B04C6DA28EDB/..\arduino-core-cache\core_arduino_sam_arduino_due_x_dbg_b83292a7f641aea99c65ab6c0fd050e8.a(CDC.cpp.o)
                0x00081ed0                CDC_GetInterface(unsigned char*)
 .text._Z21CDC_GetOtherInterfacePh
                0x00081ee4       0x14 C:\Users\Leo\AppData\Local\Temp\arduino-sketch-2F9A1F719AE1C11D5336B04C6DA28EDB/..\arduino-core-cache\core_arduino_sam_arduino_due_x_dbg_b83292a7f641aea99c65ab6c0fd050e8.a(CDC.cpp.o)
                0x00081ee4                CDC_GetOtherInterface(unsigned char*)
 .text._Z9CDC_SetupR8USBSetup
                0x00081ef8       0x78 C:\Users\Leo\AppData\Local\Temp\arduino-sketch-2F9A1F719AE1C11D5336B04C6DA28EDB/..\arduino-core-cache\core_arduino_sam_arduino_due_x_dbg_b83292a7f641aea99c65ab6c0fd050e8.a(CDC.cpp.o)
                0x00081ef8                CDC_Setup(USBSetup&)
 .text.startup._GLOBAL__sub_I_cdc_rx_buffer
                0x00081f70       0x1c C:\Users\Leo\AppData\Local\Temp\arduino-sketch-2F9A1F719AE1C11D5336B04C6DA28EDB/..\arduino-core-cache\core_arduino_sam_arduino_due_x_dbg_b83292a7f641aea99c65ab6c0fd050e8.a(CDC.cpp.o)
 .text._ZN13PluggableUSB_12getInterfaceEPh
                0x00081f8c       0x28 C:\Users\Leo\AppData\Local\Temp\arduino-sketch-2F9A1F719AE1C11D5336B04C6DA28EDB/..\arduino-core-cache\core_arduino_sam_arduino_due_x_dbg_b83292a7f641aea99c65ab6c0fd050e8.a(PluggableUSB.cpp.o)
                0x00081f8c                PluggableUSB_::getInterface(unsigned char*)
 .text._ZN13PluggableUSB_13getDescriptorER8USBSetup
                0x00081fb4       0x1c C:\Users\Leo\AppData\Local\Temp\arduino-sketch-2F9A1F719AE1C11D5336B04C6DA28EDB/..\arduino-core-cache\core_arduino_sam_arduino_due_x_dbg_b83292a7f641aea99c65ab6c0fd050e8.a(PluggableUSB.cpp.o)
                0x00081fb4                PluggableUSB_::getDescriptor(USBSetup&)
 .text._ZN13PluggableUSB_12getShortNameEPc
                0x00081fd0       0x1c C:\Users\Leo\AppData\Local\Temp\arduino-sketch-2F9A1F719AE1C11D5336B04C6DA28EDB/..\arduino-core-cache\core_arduino_sam_arduino_due_x_dbg_b83292a7f641aea99c65ab6c0fd050e8.a(PluggableUSB.cpp.o)
                0x00081fd0                PluggableUSB_::getShortName(char*)
 .text._ZN13PluggableUSB_5setupER8USBSetup
                0x00081fec       0x20 C:\Users\Leo\AppData\Local\Temp\arduino-sketch-2F9A1F719AE1C11D5336B04C6DA28EDB/..\arduino-core-cache\core_arduino_sam_arduino_due_x_dbg_b83292a7f641aea99c65ab6c0fd050e8.a(PluggableUSB.cpp.o)
                0x00081fec                PluggableUSB_::setup(USBSetup&)
 .text._Z12PluggableUSBv
                0x0008200c       0x28 C:\Users\Leo\AppData\Local\Temp\arduino-sketch-2F9A1F719AE1C11D5336B04C6DA28EDB/..\arduino-core-cache\core_arduino_sam_arduino_due_x_dbg_b83292a7f641aea99c65ab6c0fd050e8.a(PluggableUSB.cpp.o)
                0x0008200c                PluggableUSB()
 .text.TimeTick_Increment
                0x00082034       0x10 C:\Users\Leo\AppData\Local\Arduino15\packages\arduino\hardware\sam\1.6.12\variants\arduino_due_x/libsam_sam3x8e_gcc_rel.a(timetick.o)
                0x00082034                TimeTick_Increment
 .text.GetTickCount
                0x00082044        0xc C:\Users\Leo\AppData\Local\Arduino15\packages\arduino\hardware\sam\1.6.12\variants\arduino_due_x/libsam_sam3x8e_gcc_rel.a(timetick.o)
                0x00082044                GetTickCount
 .text.WDT_Disable
                0x00082050        0x8 C:\Users\Leo\AppData\Local\Arduino15\packages\arduino\hardware\sam\1.6.12\variants\arduino_due_x/libsam_sam3x8e_gcc_rel.a(wdt.o)
                0x00082050                WDT_Disable
 .text.UDD_SetStack
                0x00082058        0xc C:\Users\Leo\AppData\Local\Arduino15\packages\arduino\hardware\sam\1.6.12\variants\arduino_due_x/libsam_sam3x8e_gcc_rel.a(uotghs_device.o)
                0x00082058                UDD_SetStack
 .text.UDD_Init
                0x00082064       0xd0 C:\Users\Leo\AppData\Local\Arduino15\packages\arduino\hardware\sam\1.6.12\variants\arduino_due_x/libsam_sam3x8e_gcc_rel.a(uotghs_device.o)
                0x00082064                UDD_Init
 .text.UDD_Attach
                0x00082134       0x50 C:\Users\Leo\AppData\Local\Arduino15\packages\arduino\hardware\sam\1.6.12\variants\arduino_due_x/libsam_sam3x8e_gcc_rel.a(uotghs_device.o)
                0x00082134                UDD_Attach
 .text.UDD_InitEP
                0x00082184       0x2c C:\Users\Leo\AppData\Local\Arduino15\packages\arduino\hardware\sam\1.6.12\variants\arduino_due_x/libsam_sam3x8e_gcc_rel.a(uotghs_device.o)
                0x00082184                UDD_InitEP
 .text.UDD_InitEndpoints
                0x000821b0       0x3c C:\Users\Leo\AppData\Local\Arduino15\packages\arduino\hardware\sam\1.6.12\variants\arduino_due_x/libsam_sam3x8e_gcc_rel.a(uotghs_device.o)
                0x000821b0                UDD_InitEndpoints
 .text.UDD_WaitIN
                0x000821ec       0x10 C:\Users\Leo\AppData\Local\Arduino15\packages\arduino\hardware\sam\1.6.12\variants\arduino_due_x/libsam_sam3x8e_gcc_rel.a(uotghs_device.o)
                0x000821ec                UDD_WaitIN
 .text.UDD_WaitOUT
                0x000821fc       0x10 C:\Users\Leo\AppData\Local\Arduino15\packages\arduino\hardware\sam\1.6.12\variants\arduino_due_x/libsam_sam3x8e_gcc_rel.a(uotghs_device.o)
                0x000821fc                UDD_WaitOUT
 .text.UDD_ClearIN
                0x0008220c       0x18 C:\Users\Leo\AppData\Local\Arduino15\packages\arduino\hardware\sam\1.6.12\variants\arduino_due_x/libsam_sam3x8e_gcc_rel.a(uotghs_device.o)
                0x0008220c                UDD_ClearIN
 .text.UDD_ClearOUT
                0x00082224       0x18 C:\Users\Leo\AppData\Local\Arduino15\packages\arduino\hardware\sam\1.6.12\variants\arduino_due_x/libsam_sam3x8e_gcc_rel.a(uotghs_device.o)
                0x00082224                UDD_ClearOUT
 .text.UDD_ReceivedSetupInt
                0x0008223c       0x10 C:\Users\Leo\AppData\Local\Arduino15\packages\arduino\hardware\sam\1.6.12\variants\arduino_due_x/libsam_sam3x8e_gcc_rel.a(uotghs_device.o)
                0x0008223c                UDD_ReceivedSetupInt
 .text.UDD_ClearSetupInt
                0x0008224c       0x10 C:\Users\Leo\AppData\Local\Arduino15\packages\arduino\hardware\sam\1.6.12\variants\arduino_due_x/libsam_sam3x8e_gcc_rel.a(uotghs_device.o)
                0x0008224c                UDD_ClearSetupInt
 .text.UDD_Send
                0x0008225c       0x88 C:\Users\Leo\AppData\Local\Arduino15\packages\arduino\hardware\sam\1.6.12\variants\arduino_due_x/libsam_sam3x8e_gcc_rel.a(uotghs_device.o)
                0x0008225c                UDD_Send
 .text.UDD_Send8
                0x000822e4       0x24 C:\Users\Leo\AppData\Local\Arduino15\packages\arduino\hardware\sam\1.6.12\variants\arduino_due_x/libsam_sam3x8e_gcc_rel.a(uotghs_device.o)
                0x000822e4                UDD_Send8
 .text.UDD_Recv8
                0x00082308       0x28 C:\Users\Leo\AppData\Local\Arduino15\packages\arduino\hardware\sam\1.6.12\variants\arduino_due_x/libsam_sam3x8e_gcc_rel.a(uotghs_device.o)
                0x00082308                UDD_Recv8
 .text.UDD_Recv
                0x00082330       0x34 C:\Users\Leo\AppData\Local\Arduino15\packages\arduino\hardware\sam\1.6.12\variants\arduino_due_x/libsam_sam3x8e_gcc_rel.a(uotghs_device.o)
                0x00082330                UDD_Recv
 .text.UDD_Stall
                0x00082364       0x14 C:\Users\Leo\AppData\Local\Arduino15\packages\arduino\hardware\sam\1.6.12\variants\arduino_due_x/libsam_sam3x8e_gcc_rel.a(uotghs_device.o)
                0x00082364                UDD_Stall
 .text.UDD_FifoByteCount
                0x00082378       0x14 C:\Users\Leo\AppData\Local\Arduino15\packages\arduino\hardware\sam\1.6.12\variants\arduino_due_x/libsam_sam3x8e_gcc_rel.a(uotghs_device.o)
                0x00082378                UDD_FifoByteCount
 .text.UDD_ReleaseRX
                0x0008238c       0x28 C:\Users\Leo\AppData\Local\Arduino15\packages\arduino\hardware\sam\1.6.12\variants\arduino_due_x/libsam_sam3x8e_gcc_rel.a(uotghs_device.o)
                0x0008238c                UDD_ReleaseRX
 .text.UDD_ReleaseTX
                0x000823b4       0x28 C:\Users\Leo\AppData\Local\Arduino15\packages\arduino\hardware\sam\1.6.12\variants\arduino_due_x/libsam_sam3x8e_gcc_rel.a(uotghs_device.o)
                0x000823b4                UDD_ReleaseTX
 .text.UDD_SetAddress
                0x000823dc       0x20 C:\Users\Leo\AppData\Local\Arduino15\packages\arduino\hardware\sam\1.6.12\variants\arduino_due_x/libsam_sam3x8e_gcc_rel.a(uotghs_device.o)
                0x000823dc                UDD_SetAddress
 .text.__assert_func
                0x000823fc       0x3c c:/users/leo/appdata/local/arduino15/packages/arduino/tools/arm-none-eabi-gcc/4.8.3-2014q1/bin/../lib/gcc/arm-none-eabi/4.8.3/../../../../arm-none-eabi/lib/armv7-m\libc.a(lib_a-assert.o)
                0x000823fc                __assert_func
 .text.fiprintf
                0x00082438       0x28 c:/users/leo/appdata/local/arduino15/packages/arduino/tools/arm-none-eabi-gcc/4.8.3-2014q1/bin/../lib/gcc/arm-none-eabi/4.8.3/../../../../arm-none-eabi/lib/armv7-m\libc.a(lib_a-fiprintf.o)
                0x00082438                fiprintf
 .text.__libc_init_array
                0x00082460       0x50 c:/users/leo/appdata/local/arduino15/packages/arduino/tools/arm-none-eabi-gcc/4.8.3-2014q1/bin/../lib/gcc/arm-none-eabi/4.8.3/../../../../arm-none-eabi/lib/armv7-m\libc.a(lib_a-init.o)
                0x00082460                __libc_init_array
 .text.memset   0x000824b0       0x94 c:/users/leo/appdata/local/arduino15/packages/arduino/tools/arm-none-eabi-gcc/4.8.3-2014q1/bin/../lib/gcc/arm-none-eabi/4.8.3/../../../../arm-none-eabi/lib/armv7-m\libc.a(lib_a-memset.o)
                0x000824b0                memset
 .text.strlen   0x00082544       0x60 c:/users/leo/appdata/local/arduino15/packages/arduino/tools/arm-none-eabi-gcc/4.8.3-2014q1/bin/../lib/gcc/arm-none-eabi/4.8.3/../../../../arm-none-eabi/lib/armv7-m\libc.a(lib_a-strlen.o)
                0x00082544                strlen
 .text.kill     0x000825a4       0x10 c:/users/leo/appdata/local/arduino15/packages/arduino/tools/arm-none-eabi-gcc/4.8.3-2014q1/bin/../lib/gcc/arm-none-eabi/4.8.3/../../../../arm-none-eabi/lib/armv7-m\libc.a(lib_a-syskill.o)
                0x000825a4                kill
 .text.__sprint_r.part.0
                0x000825b4       0x78 c:/users/leo/appdata/local/arduino15/packages/arduino/tools/arm-none-eabi-gcc/4.8.3-2014q1/bin/../lib/gcc/arm-none-eabi/4.8.3/../../../../arm-none-eabi/lib/armv7-m\libc.a(lib_a-vfiprintf.o)
 .text._vfiprintf_r
                0x0008262c      0xc54 c:/users/leo/appdata/local/arduino15/packages/arduino/tools/arm-none-eabi-gcc/4.8.3-2014q1/bin/../lib/gcc/arm-none-eabi/4.8.3/../../../../arm-none-eabi/lib/armv7-m\libc.a(lib_a-vfiprintf.o)
                0x0008262c                _vfiprintf_r
 .text.__sbprintf
                0x00083280       0x7c c:/users/leo/appdata/local/arduino15/packages/arduino/tools/arm-none-eabi-gcc/4.8.3-2014q1/bin/../lib/gcc/arm-none-eabi/4.8.3/../../../../arm-none-eabi/lib/armv7-m\libc.a(lib_a-vfiprintf.o)
 .text.__swsetup_r
                0x000832fc       0xc4 c:/users/leo/appdata/local/arduino15/packages/arduino/tools/arm-none-eabi-gcc/4.8.3-2014q1/bin/../lib/gcc/arm-none-eabi/4.8.3/../../../../arm-none-eabi/lib/armv7-m\libc.a(lib_a-wsetup.o)
                0x000832fc                __swsetup_r
 .text.startup.register_fini
                0x000833c0       0x14 c:/users/leo/appdata/local/arduino15/packages/arduino/tools/arm-none-eabi-gcc/4.8.3-2014q1/bin/../lib/gcc/arm-none-eabi/4.8.3/../../../../arm-none-eabi/lib/armv7-m\libc.a(lib_a-__call_atexit.o)
 .text.abort    0x000833d4       0x10 c:/users/leo/appdata/local/arduino15/packages/arduino/tools/arm-none-eabi-gcc/4.8.3-2014q1/bin/../lib/gcc/arm-none-eabi/4.8.3/../../../../arm-none-eabi/lib/armv7-m\libc.a(lib_a-abort.o)
                0x000833d4                abort
 .text.__sflush_r
                0x000833e4      0x148 c:/users/leo/appdata/local/arduino15/packages/arduino/tools/arm-none-eabi-gcc/4.8.3-2014q1/bin/../lib/gcc/arm-none-eabi/4.8.3/../../../../arm-none-eabi/lib/armv7-m\libc.a(lib_a-fflush.o)
                0x000833e4                __sflush_r
 .text._fflush_r
                0x0008352c       0x2c c:/users/leo/appdata/local/arduino15/packages/arduino/tools/arm-none-eabi-gcc/4.8.3-2014q1/bin/../lib/gcc/arm-none-eabi/4.8.3/../../../../arm-none-eabi/lib/armv7-m\libc.a(lib_a-fflush.o)
                0x0008352c                _fflush_r
 .text._cleanup_r
                0x00083558        0xc c:/users/leo/appdata/local/arduino15/packages/arduino/tools/arm-none-eabi-gcc/4.8.3-2014q1/bin/../lib/gcc/arm-none-eabi/4.8.3/../../../../arm-none-eabi/lib/armv7-m\libc.a(lib_a-findfp.o)
                0x00083558                _cleanup_r
 .text.__sinit  0x00083564       0xf4 c:/users/leo/appdata/local/arduino15/packages/arduino/tools/arm-none-eabi-gcc/4.8.3-2014q1/bin/../lib/gcc/arm-none-eabi/4.8.3/../../../../arm-none-eabi/lib/armv7-m\libc.a(lib_a-findfp.o)
                0x00083564                __sinit
 .text.__sfp_lock_acquire
                0x00083658        0x4 c:/users/leo/appdata/local/arduino15/packages/arduino/tools/arm-none-eabi-gcc/4.8.3-2014q1/bin/../lib/gcc/arm-none-eabi/4.8.3/../../../../arm-none-eabi/lib/armv7-m\libc.a(lib_a-findfp.o)
                0x00083658                __sfp_lock_acquire
 .text.__sfp_lock_release
                0x0008365c        0x4 c:/users/leo/appdata/local/arduino15/packages/arduino/tools/arm-none-eabi-gcc/4.8.3-2014q1/bin/../lib/gcc/arm-none-eabi/4.8.3/../../../../arm-none-eabi/lib/armv7-m\libc.a(lib_a-findfp.o)
                0x0008365c                __sfp_lock_release
 .text.__libc_fini_array
                0x00083660       0x30 c:/users/leo/appdata/local/arduino15/packages/arduino/tools/arm-none-eabi-gcc/4.8.3-2014q1/bin/../lib/gcc/arm-none-eabi/4.8.3/../../../../arm-none-eabi/lib/armv7-m\libc.a(lib_a-fini.o)
                0x00083660                __libc_fini_array
 .text._fputwc_r
                0x00083690       0xc0 c:/users/leo/appdata/local/arduino15/packages/arduino/tools/arm-none-eabi-gcc/4.8.3-2014q1/bin/../lib/gcc/arm-none-eabi/4.8.3/../../../../arm-none-eabi/lib/armv7-m\libc.a(lib_a-fputwc.o)
                0x00083690                _fputwc_r
 .text._malloc_trim_r
                0x00083750       0x9c c:/users/leo/appdata/local/arduino15/packages/arduino/tools/arm-none-eabi-gcc/4.8.3-2014q1/bin/../lib/gcc/arm-none-eabi/4.8.3/../../../../arm-none-eabi/lib/armv7-m\libc.a(lib_a-freer.o)
                0x00083750                _malloc_trim_r
 .text._free_r  0x000837ec      0x198 c:/users/leo/appdata/local/arduino15/packages/arduino/tools/arm-none-eabi-gcc/4.8.3-2014q1/bin/../lib/gcc/arm-none-eabi/4.8.3/../../../../arm-none-eabi/lib/armv7-m\libc.a(lib_a-freer.o)
                0x000837ec                _free_r
 .text.__sfvwrite_r
                0x00083984      0x314 c:/users/leo/appdata/local/arduino15/packages/arduino/tools/arm-none-eabi-gcc/4.8.3-2014q1/bin/../lib/gcc/arm-none-eabi/4.8.3/../../../../arm-none-eabi/lib/armv7-m\libc.a(lib_a-fvwrite.o)
                0x00083984                __sfvwrite_r
 .text._fwalk   0x00083c98       0x48 c:/users/leo/appdata/local/arduino15/packages/arduino/tools/arm-none-eabi-gcc/4.8.3-2014q1/bin/../lib/gcc/arm-none-eabi/4.8.3/../../../../arm-none-eabi/lib/armv7-m\libc.a(lib_a-fwalk.o)
                0x00083c98                _fwalk
 .text.__locale_charset
                0x00083ce0        0x8 c:/users/leo/appdata/local/arduino15/packages/arduino/tools/arm-none-eabi-gcc/4.8.3-2014q1/bin/../lib/gcc/arm-none-eabi/4.8.3/../../../../arm-none-eabi/lib/armv7-m\libc.a(lib_a-locale.o)
                0x00083ce0                __locale_charset
 .text.__locale_mb_cur_max
                0x00083ce8        0xc c:/users/leo/appdata/local/arduino15/packages/arduino/tools/arm-none-eabi-gcc/4.8.3-2014q1/bin/../lib/gcc/arm-none-eabi/4.8.3/../../../../arm-none-eabi/lib/armv7-m\libc.a(lib_a-locale.o)
                0x00083ce8                __locale_mb_cur_max
 .text.__smakebuf_r
                0x00083cf4       0xe0 c:/users/leo/appdata/local/arduino15/packages/arduino/tools/arm-none-eabi-gcc/4.8.3-2014q1/bin/../lib/gcc/arm-none-eabi/4.8.3/../../../../arm-none-eabi/lib/armv7-m\libc.a(lib_a-makebuf.o)
                0x00083cf4                __smakebuf_r
 .text._malloc_r
                0x00083dd4      0x538 c:/users/leo/appdata/local/arduino15/packages/arduino/tools/arm-none-eabi-gcc/4.8.3-2014q1/bin/../lib/gcc/arm-none-eabi/4.8.3/../../../../arm-none-eabi/lib/armv7-m\libc.a(lib_a-mallocr.o)
                0x00083dd4                _malloc_r
 .text.memchr   0x0008430c       0x94 c:/users/leo/appdata/local/arduino15/packages/arduino/tools/arm-none-eabi-gcc/4.8.3-2014q1/bin/../lib/gcc/arm-none-eabi/4.8.3/../../../../arm-none-eabi/lib/armv7-m\libc.a(lib_a-memchr-stub.o)
                0x0008430c                memchr
 .text          0x000843a0       0xec c:/users/leo/appdata/local/arduino15/packages/arduino/tools/arm-none-eabi-gcc/4.8.3-2014q1/bin/../lib/gcc/arm-none-eabi/4.8.3/../../../../arm-none-eabi/lib/armv7-m\libc.a(lib_a-memcpy.o)
                0x000843a0                memcpy
 .text.memmove  0x0008448c       0xcc c:/users/leo/appdata/local/arduino15/packages/arduino/tools/arm-none-eabi-gcc/4.8.3-2014q1/bin/../lib/gcc/arm-none-eabi/4.8.3/../../../../arm-none-eabi/lib/armv7-m\libc.a(lib_a-memmove.o)
                0x0008448c                memmove
 .text.__malloc_lock
                0x00084558        0x4 c:/users/leo/appdata/local/arduino15/packages/arduino/tools/arm-none-eabi-gcc/4.8.3-2014q1/bin/../lib/gcc/arm-none-eabi/4.8.3/../../../../arm-none-eabi/lib/armv7-m\libc.a(lib_a-mlock.o)
                0x00084558                __malloc_lock
 .text.__malloc_unlock
                0x0008455c        0x4 c:/users/leo/appdata/local/arduino15/packages/arduino/tools/arm-none-eabi-gcc/4.8.3-2014q1/bin/../lib/gcc/arm-none-eabi/4.8.3/../../../../arm-none-eabi/lib/armv7-m\libc.a(lib_a-mlock.o)
                0x0008455c                __malloc_unlock
 .text._realloc_r
                0x00084560      0x3c0 c:/users/leo/appdata/local/arduino15/packages/arduino/tools/arm-none-eabi-gcc/4.8.3-2014q1/bin/../lib/gcc/arm-none-eabi/4.8.3/../../../../arm-none-eabi/lib/armv7-m\libc.a(lib_a-reallocr.o)
                0x00084560                _realloc_r
 .text._sbrk_r  0x00084920       0x24 c:/users/leo/appdata/local/arduino15/packages/arduino/tools/arm-none-eabi-gcc/4.8.3-2014q1/bin/../lib/gcc/arm-none-eabi/4.8.3/../../../../arm-none-eabi/lib/armv7-m\libc.a(lib_a-sbrkr.o)
                0x00084920                _sbrk_r
 .text._raise_r
                0x00084944       0x58 c:/users/leo/appdata/local/arduino15/packages/arduino/tools/arm-none-eabi-gcc/4.8.3-2014q1/bin/../lib/gcc/arm-none-eabi/4.8.3/../../../../arm-none-eabi/lib/armv7-m\libc.a(lib_a-signal.o)
                0x00084944                _raise_r
 .text.raise    0x0008499c       0x10 c:/users/leo/appdata/local/arduino15/packages/arduino/tools/arm-none-eabi-gcc/4.8.3-2014q1/bin/../lib/gcc/arm-none-eabi/4.8.3/../../../../arm-none-eabi/lib/armv7-m\libc.a(lib_a-signal.o)
                0x0008499c                raise
 .text._kill_r  0x000849ac       0x28 c:/users/leo/appdata/local/arduino15/packages/arduino/tools/arm-none-eabi-gcc/4.8.3-2014q1/bin/../lib/gcc/arm-none-eabi/4.8.3/../../../../arm-none-eabi/lib/armv7-m\libc.a(lib_a-signalr.o)
                0x000849ac                _kill_r
 .text._getpid_r
                0x000849d4        0x4 c:/users/leo/appdata/local/arduino15/packages/arduino/tools/arm-none-eabi-gcc/4.8.3-2014q1/bin/../lib/gcc/arm-none-eabi/4.8.3/../../../../arm-none-eabi/lib/armv7-m\libc.a(lib_a-signalr.o)
                0x000849d4                _getpid_r
 .text.__sread  0x000849d8       0x24 c:/users/leo/appdata/local/arduino15/packages/arduino/tools/arm-none-eabi-gcc/4.8.3-2014q1/bin/../lib/gcc/arm-none-eabi/4.8.3/../../../../arm-none-eabi/lib/armv7-m\libc.a(lib_a-stdio.o)
                0x000849d8                __sread
 .text.__swrite
                0x000849fc       0x38 c:/users/leo/appdata/local/arduino15/packages/arduino/tools/arm-none-eabi-gcc/4.8.3-2014q1/bin/../lib/gcc/arm-none-eabi/4.8.3/../../../../arm-none-eabi/lib/armv7-m\libc.a(lib_a-stdio.o)
                0x000849fc                __swrite
 .text.__sseek  0x00084a34       0x20 c:/users/leo/appdata/local/arduino15/packages/arduino/tools/arm-none-eabi-gcc/4.8.3-2014q1/bin/../lib/gcc/arm-none-eabi/4.8.3/../../../../arm-none-eabi/lib/armv7-m\libc.a(lib_a-stdio.o)
                0x00084a34                __sseek
 .text.__sclose
                0x00084a54        0x8 c:/users/leo/appdata/local/arduino15/packages/arduino/tools/arm-none-eabi-gcc/4.8.3-2014q1/bin/../lib/gcc/arm-none-eabi/4.8.3/../../../../arm-none-eabi/lib/armv7-m\libc.a(lib_a-stdio.o)
                0x00084a54                __sclose
 .text.__swbuf_r
                0x00084a5c       0xa8 c:/users/leo/appdata/local/arduino15/packages/arduino/tools/arm-none-eabi-gcc/4.8.3-2014q1/bin/../lib/gcc/arm-none-eabi/4.8.3/../../../../arm-none-eabi/lib/armv7-m\libc.a(lib_a-wbuf.o)
                0x00084a5c                __swbuf_r
 .text._wcrtomb_r
                0x00084b04       0x50 c:/users/leo/appdata/local/arduino15/packages/arduino/tools/arm-none-eabi-gcc/4.8.3-2014q1/bin/../lib/gcc/arm-none-eabi/4.8.3/../../../../arm-none-eabi/lib/armv7-m\libc.a(lib_a-wcrtomb.o)
                0x00084b04                _wcrtomb_r
 .text.__ascii_wctomb
                0x00084b54       0x1c c:/users/leo/appdata/local/arduino15/packages/arduino/tools/arm-none-eabi-gcc/4.8.3-2014q1/bin/../lib/gcc/arm-none-eabi/4.8.3/../../../../arm-none-eabi/lib/armv7-m\libc.a(lib_a-wctomb_r.o)
                0x00084b54                __ascii_wctomb
 .text._write_r
                0x00084b70       0x28 c:/users/leo/appdata/local/arduino15/packages/arduino/tools/arm-none-eabi-gcc/4.8.3-2014q1/bin/../lib/gcc/arm-none-eabi/4.8.3/../../../../arm-none-eabi/lib/armv7-m\libc.a(lib_a-writer.o)
                0x00084b70                _write_r
 .text._close_r
                0x00084b98       0x24 c:/users/leo/appdata/local/arduino15/packages/arduino/tools/arm-none-eabi-gcc/4.8.3-2014q1/bin/../lib/gcc/arm-none-eabi/4.8.3/../../../../arm-none-eabi/lib/armv7-m\libc.a(lib_a-closer.o)
                0x00084b98                _close_r
 .text._fclose_r
                0x00084bbc       0x80 c:/users/leo/appdata/local/arduino15/packages/arduino/tools/arm-none-eabi-gcc/4.8.3-2014q1/bin/../lib/gcc/arm-none-eabi/4.8.3/../../../../arm-none-eabi/lib/armv7-m\libc.a(lib_a-fclose.o)
                0x00084bbc                _fclose_r
 .text.fclose   0x00084c3c       0x10 c:/users/leo/appdata/local/arduino15/packages/arduino/tools/arm-none-eabi-gcc/4.8.3-2014q1/bin/../lib/gcc/arm-none-eabi/4.8.3/../../../../arm-none-eabi/lib/armv7-m\libc.a(lib_a-fclose.o)
                0x00084c3c                fclose
 .text._fstat_r
                0x00084c4c       0x28 c:/users/leo/appdata/local/arduino15/packages/arduino/tools/arm-none-eabi-gcc/4.8.3-2014q1/bin/../lib/gcc/arm-none-eabi/4.8.3/../../../../arm-none-eabi/lib/armv7-m\libc.a(lib_a-fstatr.o)
                0x00084c4c                _fstat_r
 .text._isatty_r
                0x00084c74       0x24 c:/users/leo/appdata/local/arduino15/packages/arduino/tools/arm-none-eabi-gcc/4.8.3-2014q1/bin/../lib/gcc/arm-none-eabi/4.8.3/../../../../arm-none-eabi/lib/armv7-m\libc.a(lib_a-isattyr.o)
                0x00084c74                _isatty_r
 .text._lseek_r
                0x00084c98       0x28 c:/users/leo/appdata/local/arduino15/packages/arduino/tools/arm-none-eabi-gcc/4.8.3-2014q1/bin/../lib/gcc/arm-none-eabi/4.8.3/../../../../arm-none-eabi/lib/armv7-m\libc.a(lib_a-lseekr.o)
                0x00084c98                _lseek_r
 .text._read_r  0x00084cc0       0x28 c:/users/leo/appdata/local/arduino15/packages/arduino/tools/arm-none-eabi-gcc/4.8.3-2014q1/bin/../lib/gcc/arm-none-eabi/4.8.3/../../../../arm-none-eabi/lib/armv7-m\libc.a(lib_a-readr.o)
                0x00084cc0                _read_r
 .text          0x00084ce8       0x2c c:/users/leo/appdata/local/arduino15/packages/arduino/tools/arm-none-eabi-gcc/4.8.3-2014q1/bin/../lib/gcc/arm-none-eabi/4.8.3/armv7-m\libgcc.a(_aeabi_uldivmod.o)
                0x00084ce8                __aeabi_uldivmod
 .text          0x00084d14       0x60 c:/users/leo/appdata/local/arduino15/packages/arduino/tools/arm-none-eabi-gcc/4.8.3-2014q1/bin/../lib/gcc/arm-none-eabi/4.8.3/armv7-m\libgcc.a(bpabi.o)
                0x00084d14                __gnu_ldivmod_helper
                0x00084d44                __gnu_uldivmod_helper
 .text          0x00084d74        0x4 c:/users/leo/appdata/local/arduino15/packages/arduino/tools/arm-none-eabi-gcc/4.8.3-2014q1/bin/../lib/gcc/arm-none-eabi/4.8.3/armv7-m\libgcc.a(_dvmd_tls.o)
                0x00084d74                __aeabi_idiv0
                0x00084d74                __aeabi_ldiv0
 .text          0x00084d78      0x2a0 c:/users/leo/appdata/local/arduino15/packages/arduino/tools/arm-none-eabi-gcc/4.8.3-2014q1/bin/../lib/gcc/arm-none-eabi/4.8.3/armv7-m\libgcc.a(_divdi3.o)
                0x00084d78                __divdi3
 .text          0x00085018      0x290 c:/users/leo/appdata/local/arduino15/packages/arduino/tools/arm-none-eabi-gcc/4.8.3-2014q1/bin/../lib/gcc/arm-none-eabi/4.8.3/armv7-m\libgcc.a(_udivdi3.o)
                0x00085018                __udivdi3
 *(.glue_7t)
 .glue_7t       0x00000000        0x0 linker stubs
 *(.glue_7)
 .glue_7        0x00000000        0x0 linker stubs
 *(.rodata .rodata* .gnu.linkonce.r.*)
 .rodata._ZTV7WS2812BILh21EL6EOrder66EE
                0x000852a8       0x28 C:\Users\Leo\AppData\Local\Temp\arduino-sketch-2F9A1F719AE1C11D5336B04C6DA28EDB\sketch\forestPalletDue.ino.cpp.o
                0x000852a8                vtable for WS2812B<(unsigned char)21, (EOrder)66>
 .rodata.ForestColors_p
                0x000852d0       0x40 C:\Users\Leo\AppData\Local\Temp\arduino-sketch-2F9A1F719AE1C11D5336B04C6DA28EDB\libraries\FastLED\colorpalettes.cpp.o
                0x000852d0                ForestColors_p
 .rodata.g_APinDescription
                0x00085310      0xa2c C:\Users\Leo\AppData\Local\Temp\arduino-sketch-2F9A1F719AE1C11D5336B04C6DA28EDB\core\variant.cpp.o
                0x00085310                g_APinDescription
 .rodata.__func__.6792
                0x00085d3c        0xd C:\Users\Leo\AppData\Local\Arduino15\packages\arduino\hardware\sam\1.6.12\variants\arduino_due_x/libsam_sam3x8e_gcc_rel.a(tc.o)
 .rodata.str1.1
                0x00085d49       0x54 C:\Users\Leo\AppData\Local\Arduino15\packages\arduino\hardware\sam\1.6.12\variants\arduino_due_x/libsam_sam3x8e_gcc_rel.a(tc.o)
 .rodata.__func__.6798
                0x00085d9d        0x9 C:\Users\Leo\AppData\Local\Arduino15\packages\arduino\hardware\sam\1.6.12\variants\arduino_due_x/libsam_sam3x8e_gcc_rel.a(tc.o)
 .rodata.__func__.6804
                0x00085da6        0x8 C:\Users\Leo\AppData\Local\Arduino15\packages\arduino\hardware\sam\1.6.12\variants\arduino_due_x/libsam_sam3x8e_gcc_rel.a(tc.o)
 *fill*         0x00085dae        0x2 
 .rodata        0x00085db0       0x40 C:\Users\Leo\AppData\Local\Arduino15\packages\arduino\hardware\sam\1.6.12\variants\arduino_due_x/libsam_sam3x8e_gcc_rel.a(adc.o)
 .rodata._ZTV9UARTClass
                0x00085df0       0x30 C:\Users\Leo\AppData\Local\Temp\arduino-sketch-2F9A1F719AE1C11D5336B04C6DA28EDB/..\arduino-core-cache\core_arduino_sam_arduino_due_x_dbg_b83292a7f641aea99c65ab6c0fd050e8.a(UARTClass.cpp.o)
                0x00085df0                vtable for UARTClass
 .rodata._ZTV10USARTClass
                0x00085e20       0x30 C:\Users\Leo\AppData\Local\Temp\arduino-sketch-2F9A1F719AE1C11D5336B04C6DA28EDB/..\arduino-core-cache\core_arduino_sam_arduino_due_x_dbg_b83292a7f641aea99c65ab6c0fd050e8.a(USARTClass.cpp.o)
                0x00085e20                vtable for USARTClass
 .rodata.STRING_PRODUCT
                0x00085e50        0xc C:\Users\Leo\AppData\Local\Temp\arduino-sketch-2F9A1F719AE1C11D5336B04C6DA28EDB/..\arduino-core-cache\core_arduino_sam_arduino_due_x_dbg_b83292a7f641aea99c65ab6c0fd050e8.a(USBCore.cpp.o)
                0x00085e50                STRING_PRODUCT
 .rodata.USB_DeviceDescriptor
                0x00085e5c       0x12 C:\Users\Leo\AppData\Local\Temp\arduino-sketch-2F9A1F719AE1C11D5336B04C6DA28EDB/..\arduino-core-cache\core_arduino_sam_arduino_due_x_dbg_b83292a7f641aea99c65ab6c0fd050e8.a(USBCore.cpp.o)
                0x00085e5c                USB_DeviceDescriptor
 .rodata.STRING_LANGUAGE
                0x00085e6e        0x4 C:\Users\Leo\AppData\Local\Temp\arduino-sketch-2F9A1F719AE1C11D5336B04C6DA28EDB/..\arduino-core-cache\core_arduino_sam_arduino_due_x_dbg_b83292a7f641aea99c65ab6c0fd050e8.a(USBCore.cpp.o)
                0x00085e6e                STRING_LANGUAGE
 .rodata._ZL18test_packet_buffer
                0x00085e72       0x35 C:\Users\Leo\AppData\Local\Temp\arduino-sketch-2F9A1F719AE1C11D5336B04C6DA28EDB/..\arduino-core-cache\core_arduino_sam_arduino_due_x_dbg_b83292a7f641aea99c65ab6c0fd050e8.a(USBCore.cpp.o)
 .rodata.STRING_MANUFACTURER
                0x00085ea7        0xc C:\Users\Leo\AppData\Local\Temp\arduino-sketch-2F9A1F719AE1C11D5336B04C6DA28EDB/..\arduino-core-cache\core_arduino_sam_arduino_due_x_dbg_b83292a7f641aea99c65ab6c0fd050e8.a(USBCore.cpp.o)
                0x00085ea7                STRING_MANUFACTURER
 .rodata.USB_DeviceDescriptorA
                0x00085eb3       0x12 C:\Users\Leo\AppData\Local\Temp\arduino-sketch-2F9A1F719AE1C11D5336B04C6DA28EDB/..\arduino-core-cache\core_arduino_sam_arduino_due_x_dbg_b83292a7f641aea99c65ab6c0fd050e8.a(USBCore.cpp.o)
                0x00085eb3                USB_DeviceDescriptorA
 .rodata._ZL19USB_DeviceQualifier
                0x00085ec5        0x9 C:\Users\Leo\AppData\Local\Temp\arduino-sketch-2F9A1F719AE1C11D5336B04C6DA28EDB/..\arduino-core-cache\core_arduino_sam_arduino_due_x_dbg_b83292a7f641aea99c65ab6c0fd050e8.a(USBCore.cpp.o)
 *fill*         0x00085ece        0x2 
 .rodata._ZTV7Serial_
                0x00085ed0       0x28 C:\Users\Leo\AppData\Local\Temp\arduino-sketch-2F9A1F719AE1C11D5336B04C6DA28EDB/..\arduino-core-cache\core_arduino_sam_arduino_due_x_dbg_b83292a7f641aea99c65ab6c0fd050e8.a(CDC.cpp.o)
                0x00085ed0                vtable for Serial_
 .rodata._ZL18_cdcOtherInterface
                0x00085ef8       0x42 C:\Users\Leo\AppData\Local\Temp\arduino-sketch-2F9A1F719AE1C11D5336B04C6DA28EDB/..\arduino-core-cache\core_arduino_sam_arduino_due_x_dbg_b83292a7f641aea99c65ab6c0fd050e8.a(CDC.cpp.o)
 .rodata._ZL13_cdcInterface
                0x00085f3a       0x42 C:\Users\Leo\AppData\Local\Temp\arduino-sketch-2F9A1F719AE1C11D5336B04C6DA28EDB/..\arduino-core-cache\core_arduino_sam_arduino_due_x_dbg_b83292a7f641aea99c65ab6c0fd050e8.a(CDC.cpp.o)
 .rodata.str1.4
                0x00085f7c       0x3f c:/users/leo/appdata/local/arduino15/packages/arduino/tools/arm-none-eabi-gcc/4.8.3-2014q1/bin/../lib/gcc/arm-none-eabi/4.8.3/../../../../arm-none-eabi/lib/armv7-m\libc.a(lib_a-assert.o)
                                 0x44 (size before relaxing)
 *fill*         0x00085fbb        0x1 
 .rodata.str1.4
                0x00085fbc        0x2 c:/users/leo/appdata/local/arduino15/packages/arduino/tools/arm-none-eabi-gcc/4.8.3-2014q1/bin/../lib/gcc/arm-none-eabi/4.8.3/../../../../arm-none-eabi/lib/armv7-m\libc.a(lib_a-impure.o)
                                  0x4 (size before relaxing)
 *fill*         0x00085fbe        0x2 
 .rodata.blanks.6717
                0x00085fc0       0x10 c:/users/leo/appdata/local/arduino15/packages/arduino/tools/arm-none-eabi-gcc/4.8.3-2014q1/bin/../lib/gcc/arm-none-eabi/4.8.3/../../../../arm-none-eabi/lib/armv7-m\libc.a(lib_a-vfiprintf.o)
 .rodata.str1.4
                0x00085fd0       0x30 c:/users/leo/appdata/local/arduino15/packages/arduino/tools/arm-none-eabi-gcc/4.8.3-2014q1/bin/../lib/gcc/arm-none-eabi/4.8.3/../../../../arm-none-eabi/lib/armv7-m\libc.a(lib_a-vfiprintf.o)
 .rodata.zeroes.6718
                0x00086000       0x10 c:/users/leo/appdata/local/arduino15/packages/arduino/tools/arm-none-eabi-gcc/4.8.3-2014q1/bin/../lib/gcc/arm-none-eabi/4.8.3/../../../../arm-none-eabi/lib/armv7-m\libc.a(lib_a-vfiprintf.o)
 *(.ARM.extab* .gnu.linkonce.armextab.*)
                0x00086010                . = ALIGN (0x4)
 *(.init)
 .init          0x00086010        0x4 c:/users/leo/appdata/local/arduino15/packages/arduino/tools/arm-none-eabi-gcc/4.8.3-2014q1/bin/../lib/gcc/arm-none-eabi/4.8.3/armv7-m/crti.o
                0x00086010                _init
 .init          0x00086014        0x8 c:/users/leo/appdata/local/arduino15/packages/arduino/tools/arm-none-eabi-gcc/4.8.3-2014q1/bin/../lib/gcc/arm-none-eabi/4.8.3/armv7-m/crtn.o
                0x0008601c                . = ALIGN (0x4)
                0x0008601c                __preinit_array_start = .
 *(.preinit_array)
                0x0008601c                __preinit_array_end = .
                0x0008601c                . = ALIGN (0x4)
                0x0008601c                __init_array_start = .
 *(SORT(.init_array.*))
 .init_array.00000
                0x0008601c        0x4 c:/users/leo/appdata/local/arduino15/packages/arduino/tools/arm-none-eabi-gcc/4.8.3-2014q1/bin/../lib/gcc/arm-none-eabi/4.8.3/../../../../arm-none-eabi/lib/armv7-m\libc.a(lib_a-__call_atexit.o)
 *(.init_array)
 .init_array    0x00086020        0x4 c:/users/leo/appdata/local/arduino15/packages/arduino/tools/arm-none-eabi-gcc/4.8.3-2014q1/bin/../lib/gcc/arm-none-eabi/4.8.3/armv7-m/crtbegin.o
 .init_array    0x00086024        0x4 C:\Users\Leo\AppData\Local\Temp\arduino-sketch-2F9A1F719AE1C11D5336B04C6DA28EDB\libraries\FastLED\FastLED.cpp.o
 .init_array    0x00086028        0x4 C:\Users\Leo\AppData\Local\Temp\arduino-sketch-2F9A1F719AE1C11D5336B04C6DA28EDB\core\variant.cpp.o
 .init_array    0x0008602c        0x4 C:\Users\Leo\AppData\Local\Temp\arduino-sketch-2F9A1F719AE1C11D5336B04C6DA28EDB/..\arduino-core-cache\core_arduino_sam_arduino_due_x_dbg_b83292a7f641aea99c65ab6c0fd050e8.a(USBCore.cpp.o)
 .init_array    0x00086030        0x4 C:\Users\Leo\AppData\Local\Temp\arduino-sketch-2F9A1F719AE1C11D5336B04C6DA28EDB/..\arduino-core-cache\core_arduino_sam_arduino_due_x_dbg_b83292a7f641aea99c65ab6c0fd050e8.a(CDC.cpp.o)
                0x00086034                __init_array_end = .
                0x00086034                . = ALIGN (0x4)
 *crtbegin.o(.ctors)
 *(EXCLUDE_FILE(*crtend.o) .ctors)
 *(SORT(.ctors.*))
 *crtend.o(.ctors)
                0x00086034                . = ALIGN (0x4)
 *(.fini)
 .fini          0x00086034        0x4 c:/users/leo/appdata/local/arduino15/packages/arduino/tools/arm-none-eabi-gcc/4.8.3-2014q1/bin/../lib/gcc/arm-none-eabi/4.8.3/armv7-m/crti.o
                0x00086034                _fini
 .fini          0x00086038        0x8 c:/users/leo/appdata/local/arduino15/packages/arduino/tools/arm-none-eabi-gcc/4.8.3-2014q1/bin/../lib/gcc/arm-none-eabi/4.8.3/armv7-m/crtn.o
                0x00086040                . = ALIGN (0x4)
                0x00086040                __fini_array_start = .
 *(.fini_array)
 .fini_array    0x00086040        0x4 c:/users/leo/appdata/local/arduino15/packages/arduino/tools/arm-none-eabi-gcc/4.8.3-2014q1/bin/../lib/gcc/arm-none-eabi/4.8.3/armv7-m/crtbegin.o
 *(SORT(.fini_array.*))
                0x00086044                __fini_array_end = .
 *crtbegin.o(.dtors)
 *(EXCLUDE_FILE(*crtend.o) .dtors)
 *(SORT(.dtors.*))
 *crtend.o(.dtors)
                0x00086044                . = ALIGN (0x4)
                0x00086044                _efixed = .
                0x00086044                PROVIDE (__exidx_start, .)

.vfp11_veneer   0x00086044        0x0
 .vfp11_veneer  0x00000000        0x0 linker stubs

.v4_bx          0x00086044        0x0
 .v4_bx         0x00000000        0x0 linker stubs

.iplt           0x00086044        0x0
 .iplt          0x00000000        0x0 c:/users/leo/appdata/local/arduino15/packages/arduino/tools/arm-none-eabi-gcc/4.8.3-2014q1/bin/../lib/gcc/arm-none-eabi/4.8.3/armv7-m/crtbegin.o

.ARM.exidx      0x00086044        0x8
 *(.ARM.exidx* .gnu.linkonce.armexidx.*)
 .ARM.exidx     0x00086044        0x8 c:/users/leo/appdata/local/arduino15/packages/arduino/tools/arm-none-eabi-gcc/4.8.3-2014q1/bin/../lib/gcc/arm-none-eabi/4.8.3/armv7-m\libgcc.a(_divdi3.o)
 .ARM.exidx     0x0008604c        0x0 c:/users/leo/appdata/local/arduino15/packages/arduino/tools/arm-none-eabi-gcc/4.8.3-2014q1/bin/../lib/gcc/arm-none-eabi/4.8.3/armv7-m\libgcc.a(_udivdi3.o)
                                  0x8 (size before relaxing)
                0x0008604c                PROVIDE (__exidx_end, .)

.eh_frame       0x0008604c        0x0
 .eh_frame      0x0008604c        0x0 c:/users/leo/appdata/local/arduino15/packages/arduino/tools/arm-none-eabi-gcc/4.8.3-2014q1/bin/../lib/gcc/arm-none-eabi/4.8.3/armv7-m/crtbegin.o

.rel.dyn        0x0008604c        0x0
 .rel.iplt      0x00000000        0x0 c:/users/leo/appdata/local/arduino15/packages/arduino/tools/arm-none-eabi-gcc/4.8.3-2014q1/bin/../lib/gcc/arm-none-eabi/4.8.3/armv7-m/crtbegin.o

.jcr            0x0008604c        0x0
 .jcr           0x0008604c        0x0 c:/users/leo/appdata/local/arduino15/packages/arduino/tools/arm-none-eabi-gcc/4.8.3-2014q1/bin/../lib/gcc/arm-none-eabi/4.8.3/armv7-m/crtbegin.o

.igot.plt       0x0008604c        0x0
 .igot.plt      0x00000000        0x0 c:/users/leo/appdata/local/arduino15/packages/arduino/tools/arm-none-eabi-gcc/4.8.3-2014q1/bin/../lib/gcc/arm-none-eabi/4.8.3/armv7-m/crtbegin.o
                0x0008604c                . = ALIGN (0x4)
                0x0008604c                _etext = .

.relocate       0x20070000      0x8d4 load address 0x0008604c
                0x20070000                . = ALIGN (0x4)
                0x20070000                _srelocate = .
 *(.ramfunc .ramfunc.*)
 .ramfunc       0x20070000       0x2c C:\Users\Leo\AppData\Local\Temp\arduino-sketch-2F9A1F719AE1C11D5336B04C6DA28EDB/..\arduino-core-cache\core_arduino_sam_arduino_due_x_dbg_b83292a7f641aea99c65ab6c0fd050e8.a(Reset.cpp.o)
                0x20070000                banzai
 *(.data .data.*)
 .data.SystemCoreClock
                0x2007002c        0x4 C:\Users\Leo\AppData\Local\Arduino15\packages\arduino\hardware\sam\1.6.12\variants\arduino_due_x/libsam_sam3x8e_gcc_rel.a(system_sam3xa.o)
                0x2007002c                SystemCoreClock
 .data._ZL5ticks
                0x20070030        0x4 C:\Users\Leo\AppData\Local\Temp\arduino-sketch-2F9A1F719AE1C11D5336B04C6DA28EDB/..\arduino-core-cache\core_arduino_sam_arduino_due_x_dbg_b83292a7f641aea99c65ab6c0fd050e8.a(Reset.cpp.o)
 .data.EndPoints
                0x20070034       0x28 C:\Users\Leo\AppData\Local\Temp\arduino-sketch-2F9A1F719AE1C11D5336B04C6DA28EDB/..\arduino-core-cache\core_arduino_sam_arduino_due_x_dbg_b83292a7f641aea99c65ab6c0fd050e8.a(USBCore.cpp.o)
                0x20070034                EndPoints
 .data._ZL10breakValue
                0x2007005c        0x4 C:\Users\Leo\AppData\Local\Temp\arduino-sketch-2F9A1F719AE1C11D5336B04C6DA28EDB/..\arduino-core-cache\core_arduino_sam_arduino_due_x_dbg_b83292a7f641aea99c65ab6c0fd050e8.a(CDC.cpp.o)
 .data._ZL12_usbLineInfo
                0x20070060        0x8 C:\Users\Leo\AppData\Local\Temp\arduino-sketch-2F9A1F719AE1C11D5336B04C6DA28EDB/..\arduino-core-cache\core_arduino_sam_arduino_due_x_dbg_b83292a7f641aea99c65ab6c0fd050e8.a(CDC.cpp.o)
 .data.g_interrupt_enabled
                0x20070068        0x4 C:\Users\Leo\AppData\Local\Arduino15\packages\arduino\hardware\sam\1.6.12\variants\arduino_due_x/libsam_sam3x8e_gcc_rel.a(interrupt_sam_nvic.o)
                0x20070068                g_interrupt_enabled
 *fill*         0x2007006c        0x4 
 .data.impure_data
                0x20070070      0x428 c:/users/leo/appdata/local/arduino15/packages/arduino/tools/arm-none-eabi-gcc/4.8.3-2014q1/bin/../lib/gcc/arm-none-eabi/4.8.3/../../../../arm-none-eabi/lib/armv7-m\libc.a(lib_a-impure.o)
 .data._impure_ptr
                0x20070498        0x4 c:/users/leo/appdata/local/arduino15/packages/arduino/tools/arm-none-eabi-gcc/4.8.3-2014q1/bin/../lib/gcc/arm-none-eabi/4.8.3/../../../../arm-none-eabi/lib/armv7-m\libc.a(lib_a-impure.o)
                0x20070498                _impure_ptr
 .data.lc_ctype_charset
                0x2007049c       0x20 c:/users/leo/appdata/local/arduino15/packages/arduino/tools/arm-none-eabi-gcc/4.8.3-2014q1/bin/../lib/gcc/arm-none-eabi/4.8.3/../../../../arm-none-eabi/lib/armv7-m\libc.a(lib_a-locale.o)
 .data.__mb_cur_max
                0x200704bc        0x4 c:/users/leo/appdata/local/arduino15/packages/arduino/tools/arm-none-eabi-gcc/4.8.3-2014q1/bin/../lib/gcc/arm-none-eabi/4.8.3/../../../../arm-none-eabi/lib/armv7-m\libc.a(lib_a-locale.o)
                0x200704bc                __mb_cur_max
 .data.__malloc_av_
                0x200704c0      0x408 c:/users/leo/appdata/local/arduino15/packages/arduino/tools/arm-none-eabi-gcc/4.8.3-2014q1/bin/../lib/gcc/arm-none-eabi/4.8.3/../../../../arm-none-eabi/lib/armv7-m\libc.a(lib_a-mallocr.o)
                0x200704c0                __malloc_av_
 .data.__malloc_trim_threshold
                0x200708c8        0x4 c:/users/leo/appdata/local/arduino15/packages/arduino/tools/arm-none-eabi-gcc/4.8.3-2014q1/bin/../lib/gcc/arm-none-eabi/4.8.3/../../../../arm-none-eabi/lib/armv7-m\libc.a(lib_a-mallocr.o)
                0x200708c8                __malloc_trim_threshold
 .data.__malloc_sbrk_base
                0x200708cc        0x4 c:/users/leo/appdata/local/arduino15/packages/arduino/tools/arm-none-eabi-gcc/4.8.3-2014q1/bin/../lib/gcc/arm-none-eabi/4.8.3/../../../../arm-none-eabi/lib/armv7-m\libc.a(lib_a-mallocr.o)
                0x200708cc                __malloc_sbrk_base
 .data.__wctomb
                0x200708d0        0x4 c:/users/leo/appdata/local/arduino15/packages/arduino/tools/arm-none-eabi-gcc/4.8.3-2014q1/bin/../lib/gcc/arm-none-eabi/4.8.3/../../../../arm-none-eabi/lib/armv7-m\libc.a(lib_a-wctomb_r.o)
                0x200708d0                __wctomb
                0x200708d4                . = ALIGN (0x4)
                0x200708d4                _erelocate = .

.bss            0x200708d4     0x1020 load address 0x00086920
                0x200708d4                . = ALIGN (0x4)
                0x200708d4                _sbss = .
                0x200708d4                _szero = .
 *(.bss .bss.*)
 .bss           0x200708d4       0x1c c:/users/leo/appdata/local/arduino15/packages/arduino/tools/arm-none-eabi-gcc/4.8.3-2014q1/bin/../lib/gcc/arm-none-eabi/4.8.3/armv7-m/crtbegin.o
 .bss._ZZN15PixelControllerIL6EOrder66ELi1ELm4294967295EE21init_binary_ditheringEvE1R
                0x200708f0        0x1 C:\Users\Leo\AppData\Local\Temp\arduino-sketch-2F9A1F719AE1C11D5336B04C6DA28EDB\sketch\forestPalletDue.ino.cpp.o
                0x200708f0                PixelController<(EOrder)66, 1, 4294967295ul>::init_binary_dithering()::R
 *fill*         0x200708f1        0x3 
 .bss._ZZN8CFastLED7addLedsI7WS2812BLh21EL6EOrder66EEER14CLEDControllerP4CRGBiiE1c
                0x200708f4       0x24 C:\Users\Leo\AppData\Local\Temp\arduino-sketch-2F9A1F719AE1C11D5336B04C6DA28EDB\sketch\forestPalletDue.ino.cpp.o
                0x200708f4                CLEDController& CFastLED::addLeds<WS2812B, (unsigned char)21, (EOrder)66>(CRGB*, int, int)::c
 .bss._ZGVZN8CFastLED7addLedsI7WS2812BLh21EL6EOrder66EEER14CLEDControllerP4CRGBiiE1c
                0x20070918        0x4 C:\Users\Leo\AppData\Local\Temp\arduino-sketch-2F9A1F719AE1C11D5336B04C6DA28EDB\sketch\forestPalletDue.ino.cpp.o
                0x20070918                guard variable for CLEDController& CFastLED::addLeds<WS2812B, (unsigned char)21, (EOrder)66>(CRGB*, int, int)::c
 .bss.leds      0x2007091c      0x5a0 C:\Users\Leo\AppData\Local\Temp\arduino-sketch-2F9A1F719AE1C11D5336B04C6DA28EDB\sketch\forestPalletDue.ino.cpp.o
                0x2007091c                leds
 .bss._ZZ4loopE10startIndex
                0x20070ebc        0x1 C:\Users\Leo\AppData\Local\Temp\arduino-sketch-2F9A1F719AE1C11D5336B04C6DA28EDB\sketch\forestPalletDue.ino.cpp.o
 *fill*         0x20070ebd        0x3 
 .bss.FastLED   0x20070ec0       0x10 C:\Users\Leo\AppData\Local\Temp\arduino-sketch-2F9A1F719AE1C11D5336B04C6DA28EDB\libraries\FastLED\FastLED.cpp.o
                0x20070ec0                FastLED
 .bss._ZN14CLEDController7m_pHeadE
                0x20070ed0        0x4 C:\Users\Leo\AppData\Local\Temp\arduino-sketch-2F9A1F719AE1C11D5336B04C6DA28EDB\libraries\FastLED\FastLED.cpp.o
                0x20070ed0                CLEDController::m_pHead
 .bss._ZZN8CFastLED8countFPSEiE2br
                0x20070ed4        0x4 C:\Users\Leo\AppData\Local\Temp\arduino-sketch-2F9A1F719AE1C11D5336B04C6DA28EDB\libraries\FastLED\FastLED.cpp.o
 .bss._ZL8lastshow
                0x20070ed8        0x4 C:\Users\Leo\AppData\Local\Temp\arduino-sketch-2F9A1F719AE1C11D5336B04C6DA28EDB\libraries\FastLED\FastLED.cpp.o
 .bss._ZZN8CFastLED8countFPSEiE9lastframe
                0x20070edc        0x4 C:\Users\Leo\AppData\Local\Temp\arduino-sketch-2F9A1F719AE1C11D5336B04C6DA28EDB\libraries\FastLED\FastLED.cpp.o
 .bss._ZN14CLEDController7m_pTailE
                0x20070ee0        0x4 C:\Users\Leo\AppData\Local\Temp\arduino-sketch-2F9A1F719AE1C11D5336B04C6DA28EDB\libraries\FastLED\FastLED.cpp.o
                0x20070ee0                CLEDController::m_pTail
 .bss._ZL30gMaxPowerIndicatorLEDPinNumber
                0x20070ee4        0x1 C:\Users\Leo\AppData\Local\Temp\arduino-sketch-2F9A1F719AE1C11D5336B04C6DA28EDB\libraries\FastLED\power_mgt.cpp.o
 *fill*         0x20070ee5        0x3 
 .bss.tx_buffer2
                0x20070ee8       0x88 C:\Users\Leo\AppData\Local\Temp\arduino-sketch-2F9A1F719AE1C11D5336B04C6DA28EDB\core\variant.cpp.o
                0x20070ee8                tx_buffer2
 .bss.tx_buffer1
                0x20070f70       0x88 C:\Users\Leo\AppData\Local\Temp\arduino-sketch-2F9A1F719AE1C11D5336B04C6DA28EDB\core\variant.cpp.o
                0x20070f70                tx_buffer1
 .bss.Serial    0x20070ff8       0x24 C:\Users\Leo\AppData\Local\Temp\arduino-sketch-2F9A1F719AE1C11D5336B04C6DA28EDB\core\variant.cpp.o
                0x20070ff8                Serial
 .bss.rx_buffer1
                0x2007101c       0x88 C:\Users\Leo\AppData\Local\Temp\arduino-sketch-2F9A1F719AE1C11D5336B04C6DA28EDB\core\variant.cpp.o
                0x2007101c                rx_buffer1
 .bss.Serial1   0x200710a4       0x28 C:\Users\Leo\AppData\Local\Temp\arduino-sketch-2F9A1F719AE1C11D5336B04C6DA28EDB\core\variant.cpp.o
                0x200710a4                Serial1
 .bss.Serial2   0x200710cc       0x28 C:\Users\Leo\AppData\Local\Temp\arduino-sketch-2F9A1F719AE1C11D5336B04C6DA28EDB\core\variant.cpp.o
                0x200710cc                Serial2
 .bss.Serial3   0x200710f4       0x28 C:\Users\Leo\AppData\Local\Temp\arduino-sketch-2F9A1F719AE1C11D5336B04C6DA28EDB\core\variant.cpp.o
                0x200710f4                Serial3
 .bss.tx_buffer3
                0x2007111c       0x88 C:\Users\Leo\AppData\Local\Temp\arduino-sketch-2F9A1F719AE1C11D5336B04C6DA28EDB\core\variant.cpp.o
                0x2007111c                tx_buffer3
 .bss.tx_buffer4
                0x200711a4       0x88 C:\Users\Leo\AppData\Local\Temp\arduino-sketch-2F9A1F719AE1C11D5336B04C6DA28EDB\core\variant.cpp.o
                0x200711a4                tx_buffer4
 .bss.g_pinStatus
                0x2007122c       0x4f C:\Users\Leo\AppData\Local\Temp\arduino-sketch-2F9A1F719AE1C11D5336B04C6DA28EDB\core\variant.cpp.o
                0x2007122c                g_pinStatus
 *fill*         0x2007127b        0x1 
 .bss.rx_buffer2
                0x2007127c       0x88 C:\Users\Leo\AppData\Local\Temp\arduino-sketch-2F9A1F719AE1C11D5336B04C6DA28EDB\core\variant.cpp.o
                0x2007127c                rx_buffer2
 .bss.rx_buffer3
                0x20071304       0x88 C:\Users\Leo\AppData\Local\Temp\arduino-sketch-2F9A1F719AE1C11D5336B04C6DA28EDB\core\variant.cpp.o
                0x20071304                rx_buffer3
 .bss.rx_buffer4
                0x2007138c       0x88 C:\Users\Leo\AppData\Local\Temp\arduino-sketch-2F9A1F719AE1C11D5336B04C6DA28EDB\core\variant.cpp.o
                0x2007138c                rx_buffer4
 .bss.gpf_isr   0x20071414        0x4 C:\Users\Leo\AppData\Local\Arduino15\packages\arduino\hardware\sam\1.6.12\variants\arduino_due_x/libsam_sam3x8e_gcc_rel.a(uotghs.o)
                0x20071414                gpf_isr
 .bss.callbacksPioA